<!doctype html public "-//w3c//dtd html 4.0 transitional//en">
<html><head>
<title>Static Call Graph - [.\build\rtthread-stm32f4xx.axf]</title></head>
<body><HR>
<H1>Static Call Graph for image .\build\rtthread-stm32f4xx.axf</H1><HR>
<BR><P>#&#060CALLGRAPH&#062# ARM Linker, 5060061: Last Updated: Sat Sep 23 10:39:10 2017
<BR><P>
<H3>Maximum Stack Usage =        704 bytes + Unknown(Functions without stacksize, Cycles, Untraceable Function Pointers)</H3><H3>
Call chain for Maximum Stack Depth:</H3>
dfs_elm_stat &rArr; f_stat &rArr; follow_path &rArr; create_name &rArr; ff_convert &rArr; read &rArr; fd_put &rArr; dfs_lock &rArr; rt_mutex_take &rArr; rt_thread_control &rArr; rt_thread_startup &rArr; rt_schedule &rArr; _rt_scheduler_stack_check &rArr; list_thread &rArr; _list_thread &rArr; rt_kprintf &rArr; rt_device_write &rArr;  rt_kprintf (Cycle)
<P>
<H3>
Functions with no stack information
</H3><UL>
 <LI><a href="#[430]">__user_initial_stackheap</a>
</UL>
</UL>
<P>
<H3>
Mutually Recursive functions
</H3> <LI><a href="#[151]">rt_hw_console_output</a>&nbsp;&nbsp;&nbsp;&rArr;&nbsp;&nbsp;&nbsp;<a href="#[151]">rt_hw_console_output</a><BR>
 <LI><a href="#[1dd]">assert_failed</a>&nbsp;&nbsp;&nbsp;&rArr;&nbsp;&nbsp;&nbsp;<a href="#[152]">rt_kprintf</a><BR>
 <LI><a href="#[10d]">rt_device_write</a>&nbsp;&nbsp;&nbsp;&rArr;&nbsp;&nbsp;&nbsp;<a href="#[152]">rt_kprintf</a><BR>
 <LI><a href="#[21]">ADC_IRQHandler</a>&nbsp;&nbsp;&nbsp;&rArr;&nbsp;&nbsp;&nbsp;<a href="#[21]">ADC_IRQHandler</a><BR>
 <LI><a href="#[3ec]">proc_assign_expr</a>&nbsp;&nbsp;&nbsp;&rArr;&nbsp;&nbsp;&nbsp;<a href="#[3ec]">proc_assign_expr</a><BR>
 <LI><a href="#[3f3]">proc_cast_expr</a>&nbsp;&nbsp;&nbsp;&rArr;&nbsp;&nbsp;&nbsp;<a href="#[3f3]">proc_cast_expr</a><BR>
 <LI><a href="#[3f2]">proc_unary_expr</a>&nbsp;&nbsp;&nbsp;&rArr;&nbsp;&nbsp;&nbsp;<a href="#[3f3]">proc_cast_expr</a><BR>
 <LI><a href="#[3f0]">proc_primary_expr</a>&nbsp;&nbsp;&nbsp;&rArr;&nbsp;&nbsp;&nbsp;<a href="#[3ee]">proc_expr</a><BR>
 <LI><a href="#[3eb]">proc_param_list</a>&nbsp;&nbsp;&nbsp;&rArr;&nbsp;&nbsp;&nbsp;<a href="#[3ec]">proc_assign_expr</a><BR>
 <LI><a href="#[3ce]">finsh_type_check</a>&nbsp;&nbsp;&nbsp;&rArr;&nbsp;&nbsp;&nbsp;<a href="#[3ce]">finsh_type_check</a><BR>
 <LI><a href="#[3cc]">finsh_compile</a>&nbsp;&nbsp;&nbsp;&rArr;&nbsp;&nbsp;&nbsp;<a href="#[3cc]">finsh_compile</a><BR>
</UL>
<P>
<H3>
Function Pointers
</H3><UL>
 <LI><a href="#[21]">ADC_IRQHandler</a> from startup_stm32f4xx.o(.text) referenced from startup_stm32f4xx.o(RESET)
 <LI><a href="#[9]">BusFault_Handler</a> from stm32f4xx_it.o(.text) referenced from startup_stm32f4xx.o(RESET)
 <LI><a href="#[23]">CAN1_RX0_IRQHandler</a> from startup_stm32f4xx.o(.text) referenced from startup_stm32f4xx.o(RESET)
 <LI><a href="#[24]">CAN1_RX1_IRQHandler</a> from startup_stm32f4xx.o(.text) referenced from startup_stm32f4xx.o(RESET)
 <LI><a href="#[25]">CAN1_SCE_IRQHandler</a> from startup_stm32f4xx.o(.text) referenced from startup_stm32f4xx.o(RESET)
 <LI><a href="#[22]">CAN1_TX_IRQHandler</a> from startup_stm32f4xx.o(.text) referenced from startup_stm32f4xx.o(RESET)
 <LI><a href="#[4f]">CAN2_RX0_IRQHandler</a> from startup_stm32f4xx.o(.text) referenced from startup_stm32f4xx.o(RESET)
 <LI><a href="#[50]">CAN2_RX1_IRQHandler</a> from startup_stm32f4xx.o(.text) referenced from startup_stm32f4xx.o(RESET)
 <LI><a href="#[51]">CAN2_SCE_IRQHandler</a> from startup_stm32f4xx.o(.text) referenced from startup_stm32f4xx.o(RESET)
 <LI><a href="#[4e]">CAN2_TX_IRQHandler</a> from startup_stm32f4xx.o(.text) referenced from startup_stm32f4xx.o(RESET)
 <LI><a href="#[5e]">CRYP_IRQHandler</a> from startup_stm32f4xx.o(.text) referenced from startup_stm32f4xx.o(RESET)
 <LI><a href="#[5d]">DCMI_IRQHandler</a> from startup_stm32f4xx.o(.text) referenced from startup_stm32f4xx.o(RESET)
 <LI><a href="#[1a]">DMA1_Stream0_IRQHandler</a> from startup_stm32f4xx.o(.text) referenced from startup_stm32f4xx.o(RESET)
 <LI><a href="#[1b]">DMA1_Stream1_IRQHandler</a> from startup_stm32f4xx.o(.text) referenced from startup_stm32f4xx.o(RESET)
 <LI><a href="#[1c]">DMA1_Stream2_IRQHandler</a> from startup_stm32f4xx.o(.text) referenced from startup_stm32f4xx.o(RESET)
 <LI><a href="#[1d]">DMA1_Stream3_IRQHandler</a> from startup_stm32f4xx.o(.text) referenced from startup_stm32f4xx.o(RESET)
 <LI><a href="#[1e]">DMA1_Stream4_IRQHandler</a> from startup_stm32f4xx.o(.text) referenced from startup_stm32f4xx.o(RESET)
 <LI><a href="#[1f]">DMA1_Stream5_IRQHandler</a> from startup_stm32f4xx.o(.text) referenced from startup_stm32f4xx.o(RESET)
 <LI><a href="#[20]">DMA1_Stream6_IRQHandler</a> from startup_stm32f4xx.o(.text) referenced from startup_stm32f4xx.o(RESET)
 <LI><a href="#[3e]">DMA1_Stream7_IRQHandler</a> from startup_stm32f4xx.o(.text) referenced from startup_stm32f4xx.o(RESET)
 <LI><a href="#[47]">DMA2_Stream0_IRQHandler</a> from startup_stm32f4xx.o(.text) referenced from startup_stm32f4xx.o(RESET)
 <LI><a href="#[48]">DMA2_Stream1_IRQHandler</a> from startup_stm32f4xx.o(.text) referenced from startup_stm32f4xx.o(RESET)
 <LI><a href="#[49]">DMA2_Stream2_IRQHandler</a> from startup_stm32f4xx.o(.text) referenced from startup_stm32f4xx.o(RESET)
 <LI><a href="#[4a]">DMA2_Stream3_IRQHandler</a> from sdio_sd.o(.text) referenced from startup_stm32f4xx.o(RESET)
 <LI><a href="#[4b]">DMA2_Stream4_IRQHandler</a> from startup_stm32f4xx.o(.text) referenced from startup_stm32f4xx.o(RESET)
 <LI><a href="#[53]">DMA2_Stream5_IRQHandler</a> from startup_stm32f4xx.o(.text) referenced from startup_stm32f4xx.o(RESET)
 <LI><a href="#[54]">DMA2_Stream6_IRQHandler</a> from startup_stm32f4xx.o(.text) referenced from startup_stm32f4xx.o(RESET)
 <LI><a href="#[55]">DMA2_Stream7_IRQHandler</a> from startup_stm32f4xx.o(.text) referenced from startup_stm32f4xx.o(RESET)
 <LI><a href="#[c]">DebugMon_Handler</a> from stm32f4xx_it.o(.text) referenced from startup_stm32f4xx.o(RESET)
 <LI><a href="#[4c]">ETH_IRQHandler</a> from startup_stm32f4xx.o(.text) referenced from startup_stm32f4xx.o(RESET)
 <LI><a href="#[4d]">ETH_WKUP_IRQHandler</a> from startup_stm32f4xx.o(.text) referenced from startup_stm32f4xx.o(RESET)
 <LI><a href="#[15]">EXTI0_IRQHandler</a> from startup_stm32f4xx.o(.text) referenced from startup_stm32f4xx.o(RESET)
 <LI><a href="#[37]">EXTI15_10_IRQHandler</a> from startup_stm32f4xx.o(.text) referenced from startup_stm32f4xx.o(RESET)
 <LI><a href="#[16]">EXTI1_IRQHandler</a> from startup_stm32f4xx.o(.text) referenced from startup_stm32f4xx.o(RESET)
 <LI><a href="#[17]">EXTI2_IRQHandler</a> from startup_stm32f4xx.o(.text) referenced from startup_stm32f4xx.o(RESET)
 <LI><a href="#[18]">EXTI3_IRQHandler</a> from startup_stm32f4xx.o(.text) referenced from startup_stm32f4xx.o(RESET)
 <LI><a href="#[19]">EXTI4_IRQHandler</a> from startup_stm32f4xx.o(.text) referenced from startup_stm32f4xx.o(RESET)
 <LI><a href="#[26]">EXTI9_5_IRQHandler</a> from stm32f4xx_it.o(.text) referenced from startup_stm32f4xx.o(RESET)
 <LI><a href="#[13]">FLASH_IRQHandler</a> from startup_stm32f4xx.o(.text) referenced from startup_stm32f4xx.o(RESET)
 <LI><a href="#[60]">FPU_IRQHandler</a> from startup_stm32f4xx.o(.text) referenced from startup_stm32f4xx.o(RESET)
 <LI><a href="#[3f]">FSMC_IRQHandler</a> from startup_stm32f4xx.o(.text) referenced from startup_stm32f4xx.o(RESET)
 <LI><a href="#[5f]">HASH_RNG_IRQHandler</a> from startup_stm32f4xx.o(.text) referenced from startup_stm32f4xx.o(RESET)
 <LI><a href="#[7]">HardFault_Handler</a> from context_rvds.o(.text) referenced from startup_stm32f4xx.o(RESET)
 <LI><a href="#[2f]">I2C1_ER_IRQHandler</a> from startup_stm32f4xx.o(.text) referenced from startup_stm32f4xx.o(RESET)
 <LI><a href="#[2e]">I2C1_EV_IRQHandler</a> from startup_stm32f4xx.o(.text) referenced from startup_stm32f4xx.o(RESET)
 <LI><a href="#[31]">I2C2_ER_IRQHandler</a> from startup_stm32f4xx.o(.text) referenced from startup_stm32f4xx.o(RESET)
 <LI><a href="#[30]">I2C2_EV_IRQHandler</a> from startup_stm32f4xx.o(.text) referenced from startup_stm32f4xx.o(RESET)
 <LI><a href="#[58]">I2C3_ER_IRQHandler</a> from startup_stm32f4xx.o(.text) referenced from startup_stm32f4xx.o(RESET)
 <LI><a href="#[57]">I2C3_EV_IRQHandler</a> from startup_stm32f4xx.o(.text) referenced from startup_stm32f4xx.o(RESET)
 <LI><a href="#[8]">MemManage_Handler</a> from stm32f4xx_it.o(.text) referenced from startup_stm32f4xx.o(RESET)
 <LI><a href="#[6]">NMI_Handler</a> from stm32f4xx_it.o(.text) referenced from startup_stm32f4xx.o(RESET)
 <LI><a href="#[ac]">OP_add_byte</a> from finsh_ops.o(.text) referenced from finsh_ops.o(.constdata)
 <LI><a href="#[ae]">OP_add_dword</a> from finsh_ops.o(.text) referenced from finsh_ops.o(.constdata)
 <LI><a href="#[ad]">OP_add_word</a> from finsh_ops.o(.text) referenced from finsh_ops.o(.constdata)
 <LI><a href="#[bb]">OP_and_byte</a> from finsh_ops.o(.text) referenced from finsh_ops.o(.constdata)
 <LI><a href="#[bd]">OP_and_dword</a> from finsh_ops.o(.text) referenced from finsh_ops.o(.constdata)
 <LI><a href="#[bc]">OP_and_word</a> from finsh_ops.o(.text) referenced from finsh_ops.o(.constdata)
 <LI><a href="#[c4]">OP_bw_byte</a> from finsh_ops.o(.text) referenced from finsh_ops.o(.constdata)
 <LI><a href="#[c6]">OP_bw_dword</a> from finsh_ops.o(.text) referenced from finsh_ops.o(.constdata)
 <LI><a href="#[c5]">OP_bw_word</a> from finsh_ops.o(.text) referenced from finsh_ops.o(.constdata)
 <LI><a href="#[d7]">OP_call</a> from finsh_ops.o(.text) referenced from finsh_ops.o(.constdata)
 <LI><a href="#[b2]">OP_div_byte</a> from finsh_ops.o(.text) referenced from finsh_ops.o(.constdata)
 <LI><a href="#[b4]">OP_div_dword</a> from finsh_ops.o(.text) referenced from finsh_ops.o(.constdata)
 <LI><a href="#[b3]">OP_div_word</a> from finsh_ops.o(.text) referenced from finsh_ops.o(.constdata)
 <LI><a href="#[cd]">OP_ld_byte</a> from finsh_ops.o(.text) referenced from finsh_ops.o(.constdata)
 <LI><a href="#[cf]">OP_ld_dword</a> from finsh_ops.o(.text) referenced from finsh_ops.o(.constdata)
 <LI><a href="#[d0]">OP_ld_value_byte</a> from finsh_ops.o(.text) referenced from finsh_ops.o(.constdata)
 <LI><a href="#[d8]">OP_ld_value_byte_stack</a> from finsh_ops.o(.text) referenced from finsh_ops.o(.constdata)
 <LI><a href="#[d2]">OP_ld_value_dword</a> from finsh_ops.o(.text) referenced from finsh_ops.o(.constdata)
 <LI><a href="#[da]">OP_ld_value_dword_stack</a> from finsh_ops.o(.text) referenced from finsh_ops.o(.constdata)
 <LI><a href="#[d1]">OP_ld_value_word</a> from finsh_ops.o(.text) referenced from finsh_ops.o(.constdata)
 <LI><a href="#[d9]">OP_ld_value_word_stack</a> from finsh_ops.o(.text) referenced from finsh_ops.o(.constdata)
 <LI><a href="#[ce]">OP_ld_word</a> from finsh_ops.o(.text) referenced from finsh_ops.o(.constdata)
 <LI><a href="#[b5]">OP_mod_byte</a> from finsh_ops.o(.text) referenced from finsh_ops.o(.constdata)
 <LI><a href="#[b7]">OP_mod_dword</a> from finsh_ops.o(.text) referenced from finsh_ops.o(.constdata)
 <LI><a href="#[b6]">OP_mod_word</a> from finsh_ops.o(.text) referenced from finsh_ops.o(.constdata)
 <LI><a href="#[b8]">OP_mul_byte</a> from finsh_ops.o(.text) referenced from finsh_ops.o(.constdata)
 <LI><a href="#[ba]">OP_mul_dword</a> from finsh_ops.o(.text) referenced from finsh_ops.o(.constdata)
 <LI><a href="#[b9]">OP_mul_word</a> from finsh_ops.o(.text) referenced from finsh_ops.o(.constdata)
 <LI><a href="#[ab]">OP_no_op</a> from finsh_ops.o(.text) referenced from finsh_ops.o(.constdata)
 <LI><a href="#[be]">OP_or_byte</a> from finsh_ops.o(.text) referenced from finsh_ops.o(.constdata)
 <LI><a href="#[c0]">OP_or_dword</a> from finsh_ops.o(.text) referenced from finsh_ops.o(.constdata)
 <LI><a href="#[bf]">OP_or_word</a> from finsh_ops.o(.text) referenced from finsh_ops.o(.constdata)
 <LI><a href="#[d6]">OP_pop</a> from finsh_ops.o(.text) referenced from finsh_ops.o(.constdata)
 <LI><a href="#[c7]">OP_shl_byte</a> from finsh_ops.o(.text) referenced from finsh_ops.o(.constdata)
 <LI><a href="#[c9]">OP_shl_dword</a> from finsh_ops.o(.text) referenced from finsh_ops.o(.constdata)
 <LI><a href="#[c8]">OP_shl_word</a> from finsh_ops.o(.text) referenced from finsh_ops.o(.constdata)
 <LI><a href="#[ca]">OP_shr_byte</a> from finsh_ops.o(.text) referenced from finsh_ops.o(.constdata)
 <LI><a href="#[cc]">OP_shr_dword</a> from finsh_ops.o(.text) referenced from finsh_ops.o(.constdata)
 <LI><a href="#[cb]">OP_shr_word</a> from finsh_ops.o(.text) referenced from finsh_ops.o(.constdata)
 <LI><a href="#[d3]">OP_st_byte</a> from finsh_ops.o(.text) referenced from finsh_ops.o(.constdata)
 <LI><a href="#[d5]">OP_st_dword</a> from finsh_ops.o(.text) referenced from finsh_ops.o(.constdata)
 <LI><a href="#[d4]">OP_st_word</a> from finsh_ops.o(.text) referenced from finsh_ops.o(.constdata)
 <LI><a href="#[af]">OP_sub_byte</a> from finsh_ops.o(.text) referenced from finsh_ops.o(.constdata)
 <LI><a href="#[b1]">OP_sub_dword</a> from finsh_ops.o(.text) referenced from finsh_ops.o(.constdata)
 <LI><a href="#[b0]">OP_sub_word</a> from finsh_ops.o(.text) referenced from finsh_ops.o(.constdata)
 <LI><a href="#[c1]">OP_xor_byte</a> from finsh_ops.o(.text) referenced from finsh_ops.o(.constdata)
 <LI><a href="#[c3]">OP_xor_dword</a> from finsh_ops.o(.text) referenced from finsh_ops.o(.constdata)
 <LI><a href="#[c2]">OP_xor_word</a> from finsh_ops.o(.text) referenced from finsh_ops.o(.constdata)
 <LI><a href="#[52]">OTG_FS_IRQHandler</a> from startup_stm32f4xx.o(.text) referenced from startup_stm32f4xx.o(RESET)
 <LI><a href="#[39]">OTG_FS_WKUP_IRQHandler</a> from startup_stm32f4xx.o(.text) referenced from startup_stm32f4xx.o(RESET)
 <LI><a href="#[5a]">OTG_HS_EP1_IN_IRQHandler</a> from startup_stm32f4xx.o(.text) referenced from startup_stm32f4xx.o(RESET)
 <LI><a href="#[59]">OTG_HS_EP1_OUT_IRQHandler</a> from startup_stm32f4xx.o(.text) referenced from startup_stm32f4xx.o(RESET)
 <LI><a href="#[5c]">OTG_HS_IRQHandler</a> from startup_stm32f4xx.o(.text) referenced from startup_stm32f4xx.o(RESET)
 <LI><a href="#[5b]">OTG_HS_WKUP_IRQHandler</a> from startup_stm32f4xx.o(.text) referenced from startup_stm32f4xx.o(RESET)
 <LI><a href="#[10]">PVD_IRQHandler</a> from startup_stm32f4xx.o(.text) referenced from startup_stm32f4xx.o(RESET)
 <LI><a href="#[d]">PendSV_Handler</a> from context_rvds.o(.text) referenced from startup_stm32f4xx.o(RESET)
 <LI><a href="#[14]">RCC_IRQHandler</a> from startup_stm32f4xx.o(.text) referenced from startup_stm32f4xx.o(RESET)
 <LI><a href="#[38]">RTC_Alarm_IRQHandler</a> from startup_stm32f4xx.o(.text) referenced from startup_stm32f4xx.o(RESET)
 <LI><a href="#[12]">RTC_WKUP_IRQHandler</a> from startup_stm32f4xx.o(.text) referenced from startup_stm32f4xx.o(RESET)
 <LI><a href="#[5]">Reset_Handler</a> from startup_stm32f4xx.o(.text) referenced from startup_stm32f4xx.o(RESET)
 <LI><a href="#[40]">SDIO_IRQHandler</a> from sdio_sd.o(.text) referenced from startup_stm32f4xx.o(RESET)
 <LI><a href="#[32]">SPI1_IRQHandler</a> from startup_stm32f4xx.o(.text) referenced from startup_stm32f4xx.o(RESET)
 <LI><a href="#[33]">SPI2_IRQHandler</a> from startup_stm32f4xx.o(.text) referenced from startup_stm32f4xx.o(RESET)
 <LI><a href="#[42]">SPI3_IRQHandler</a> from startup_stm32f4xx.o(.text) referenced from startup_stm32f4xx.o(RESET)
 <LI><a href="#[b]">SVC_Handler</a> from stm32f4xx_it.o(.text) referenced from startup_stm32f4xx.o(RESET)
 <LI><a href="#[e]">SysTick_Handler</a> from board.o(.text) referenced from startup_stm32f4xx.o(RESET)
 <LI><a href="#[70]">SystemInit</a> from system_stm32f4xx.o(.text) referenced from startup_stm32f4xx.o(.text)
 <LI><a href="#[11]">TAMP_STAMP_IRQHandler</a> from startup_stm32f4xx.o(.text) referenced from startup_stm32f4xx.o(RESET)
 <LI><a href="#[27]">TIM1_BRK_TIM9_IRQHandler</a> from startup_stm32f4xx.o(.text) referenced from startup_stm32f4xx.o(RESET)
 <LI><a href="#[2a]">TIM1_CC_IRQHandler</a> from startup_stm32f4xx.o(.text) referenced from startup_stm32f4xx.o(RESET)
 <LI><a href="#[29]">TIM1_TRG_COM_TIM11_IRQHandler</a> from startup_stm32f4xx.o(.text) referenced from startup_stm32f4xx.o(RESET)
 <LI><a href="#[28]">TIM1_UP_TIM10_IRQHandler</a> from startup_stm32f4xx.o(.text) referenced from startup_stm32f4xx.o(RESET)
 <LI><a href="#[2b]">TIM2_IRQHandler</a> from startup_stm32f4xx.o(.text) referenced from startup_stm32f4xx.o(RESET)
 <LI><a href="#[2c]">TIM3_IRQHandler</a> from startup_stm32f4xx.o(.text) referenced from startup_stm32f4xx.o(RESET)
 <LI><a href="#[2d]">TIM4_IRQHandler</a> from startup_stm32f4xx.o(.text) referenced from startup_stm32f4xx.o(RESET)
 <LI><a href="#[41]">TIM5_IRQHandler</a> from startup_stm32f4xx.o(.text) referenced from startup_stm32f4xx.o(RESET)
 <LI><a href="#[45]">TIM6_DAC_IRQHandler</a> from startup_stm32f4xx.o(.text) referenced from startup_stm32f4xx.o(RESET)
 <LI><a href="#[46]">TIM7_IRQHandler</a> from startup_stm32f4xx.o(.text) referenced from startup_stm32f4xx.o(RESET)
 <LI><a href="#[3a]">TIM8_BRK_TIM12_IRQHandler</a> from startup_stm32f4xx.o(.text) referenced from startup_stm32f4xx.o(RESET)
 <LI><a href="#[3d]">TIM8_CC_IRQHandler</a> from startup_stm32f4xx.o(.text) referenced from startup_stm32f4xx.o(RESET)
 <LI><a href="#[3c]">TIM8_TRG_COM_TIM14_IRQHandler</a> from startup_stm32f4xx.o(.text) referenced from startup_stm32f4xx.o(RESET)
 <LI><a href="#[3b]">TIM8_UP_TIM13_IRQHandler</a> from startup_stm32f4xx.o(.text) referenced from startup_stm32f4xx.o(RESET)
 <LI><a href="#[43]">UART4_IRQHandler</a> from startup_stm32f4xx.o(.text) referenced from startup_stm32f4xx.o(RESET)
 <LI><a href="#[44]">UART5_IRQHandler</a> from startup_stm32f4xx.o(.text) referenced from startup_stm32f4xx.o(RESET)
 <LI><a href="#[34]">USART1_IRQHandler</a> from stm32f4xx_it.o(.text) referenced from startup_stm32f4xx.o(RESET)
 <LI><a href="#[35]">USART2_IRQHandler</a> from stm32f4xx_it.o(.text) referenced from startup_stm32f4xx.o(RESET)
 <LI><a href="#[36]">USART3_IRQHandler</a> from usart.o(.text) referenced from startup_stm32f4xx.o(RESET)
 <LI><a href="#[56]">USART6_IRQHandler</a> from startup_stm32f4xx.o(.text) referenced from startup_stm32f4xx.o(RESET)
 <LI><a href="#[a]">UsageFault_Handler</a> from stm32f4xx_it.o(.text) referenced from startup_stm32f4xx.o(RESET)
 <LI><a href="#[f]">WWDG_IRQHandler</a> from startup_stm32f4xx.o(.text) referenced from startup_stm32f4xx.o(RESET)
 <LI><a href="#[19f]">__main</a> from __main.o(!!!main) referenced from startup_stm32f4xx.o(.text)
 <LI><a href="#[8d]">_get_lc_ctype</a> from lc_ctype_c.o(locale$$code) referenced from rt_ctype_table.o(.text)
 <LI><a href="#[87]">_portal_close</a> from portal.o(.text) referenced from portal.o(.text)
 <LI><a href="#[85]">_portal_init</a> from portal.o(.text) referenced from portal.o(.text)
 <LI><a href="#[86]">_portal_open</a> from portal.o(.text) referenced from portal.o(.text)
 <LI><a href="#[89]">_portal_read</a> from portal.o(.text) referenced from portal.o(.text)
 <LI><a href="#[8b]">_portal_rx_indicate</a> from portal.o(.text) referenced from portal.o(.text)
 <LI><a href="#[8a]">_portal_tx_complete</a> from portal.o(.text) referenced from portal.o(.text)
 <LI><a href="#[88]">_portal_write</a> from portal.o(.text) referenced from portal.o(.text)
 <LI><a href="#[8f]">_printf_input_char</a> from _printf_char_common.o(.text) referenced from _printf_char_common.o(.text)
 <LI><a href="#[13e]">_rt_errno</a> from kservice.o(.text) referenced from kservice.o(RTMSymTab)
 <LI><a href="#[7d]">_spi_bus_device_control</a> from spi_dev.o(.text) referenced from spi_dev.o(.text)
 <LI><a href="#[7a]">_spi_bus_device_init</a> from spi_dev.o(.text) referenced from spi_dev.o(.text)
 <LI><a href="#[7b]">_spi_bus_device_read</a> from spi_dev.o(.text) referenced from spi_dev.o(.text)
 <LI><a href="#[7c]">_spi_bus_device_write</a> from spi_dev.o(.text) referenced from spi_dev.o(.text)
 <LI><a href="#[81]">_spidev_device_control</a> from spi_dev.o(.text) referenced from spi_dev.o(.text)
 <LI><a href="#[7e]">_spidev_device_init</a> from spi_dev.o(.text) referenced from spi_dev.o(.text)
 <LI><a href="#[7f]">_spidev_device_read</a> from spi_dev.o(.text) referenced from spi_dev.o(.text)
 <LI><a href="#[80]">_spidev_device_write</a> from spi_dev.o(.text) referenced from spi_dev.o(.text)
 <LI><a href="#[8e]">_sputc</a> from _sputc.o(.text) referenced from sprintf.o(.text)
 <LI><a href="#[ef]">cat</a> from dfs_file.o(.text) referenced from dfs_file.o(FSymTab)
 <LI><a href="#[f2]">chdir</a> from dfs_posix.o(.text) referenced from dfs_posix.o(FSymTab)
 <LI><a href="#[f2]">chdir</a> from dfs_posix.o(.text) referenced from dfs_posix.o(RTMSymTab)
 <LI><a href="#[17a]">close</a> from dfs_posix.o(.text) referenced from dfs_posix.o(RTMSymTab)
 <LI><a href="#[189]">closedir</a> from dfs_posix.o(.text) referenced from dfs_posix.o(RTMSymTab)
 <LI><a href="#[3]">configure</a> from stm32f20x_40x_spi.o(.text) referenced 2 times from stm32f20x_40x_spi.o(.data)
 <LI><a href="#[f0]">copy</a> from dfs_file.o(.text) referenced from dfs_file.o(FSymTab)
 <LI><a href="#[e4]">devfs_init</a> from devfs.o(.text) referenced from devfs.o(.rti_fn.4)
 <LI><a href="#[ec]">df</a> from dfs_fs.o(.text) referenced from dfs_fs.o(FSymTab)
 <LI><a href="#[a5]">dfs_device_fs_close</a> from devfs.o(.text) referenced from devfs.o(.constdata)
 <LI><a href="#[a9]">dfs_device_fs_getdents</a> from devfs.o(.text) referenced from devfs.o(.constdata)
 <LI><a href="#[a6]">dfs_device_fs_ioctl</a> from devfs.o(.text) referenced from devfs.o(.constdata)
 <LI><a href="#[a3]">dfs_device_fs_mount</a> from devfs.o(.text) referenced from devfs.o(.constdata)
 <LI><a href="#[a4]">dfs_device_fs_open</a> from devfs.o(.text) referenced from devfs.o(.constdata)
 <LI><a href="#[a7]">dfs_device_fs_read</a> from devfs.o(.text) referenced from devfs.o(.constdata)
 <LI><a href="#[aa]">dfs_device_fs_stat</a> from devfs.o(.text) referenced from devfs.o(.constdata)
 <LI><a href="#[a8]">dfs_device_fs_write</a> from devfs.o(.text) referenced from devfs.o(.constdata)
 <LI><a href="#[99]">dfs_elm_close</a> from dfs_elm.o(.text) referenced from dfs_elm.o(.constdata)
 <LI><a href="#[9d]">dfs_elm_flush</a> from dfs_elm.o(.text) referenced from dfs_elm.o(.constdata)
 <LI><a href="#[9f]">dfs_elm_getdents</a> from dfs_elm.o(.text) referenced from dfs_elm.o(.constdata)
 <LI><a href="#[9a]">dfs_elm_ioctl</a> from dfs_elm.o(.text) referenced from dfs_elm.o(.constdata)
 <LI><a href="#[9e]">dfs_elm_lseek</a> from dfs_elm.o(.text) referenced from dfs_elm.o(.constdata)
 <LI><a href="#[96]">dfs_elm_mkfs</a> from dfs_elm.o(.text) referenced from dfs_elm.o(.constdata)
 <LI><a href="#[94]">dfs_elm_mount</a> from dfs_elm.o(.text) referenced from dfs_elm.o(.constdata)
 <LI><a href="#[98]">dfs_elm_open</a> from dfs_elm.o(.text) referenced from dfs_elm.o(.constdata)
 <LI><a href="#[9b]">dfs_elm_read</a> from dfs_elm.o(.text) referenced from dfs_elm.o(.constdata)
 <LI><a href="#[a2]">dfs_elm_rename</a> from dfs_elm.o(.text) referenced from dfs_elm.o(.constdata)
 <LI><a href="#[a1]">dfs_elm_stat</a> from dfs_elm.o(.text) referenced from dfs_elm.o(.constdata)
 <LI><a href="#[97]">dfs_elm_statfs</a> from dfs_elm.o(.text) referenced from dfs_elm.o(.constdata)
 <LI><a href="#[a0]">dfs_elm_unlink</a> from dfs_elm.o(.text) referenced from dfs_elm.o(.constdata)
 <LI><a href="#[95]">dfs_elm_unmount</a> from dfs_elm.o(.text) referenced from dfs_elm.o(.constdata)
 <LI><a href="#[9c]">dfs_elm_write</a> from dfs_elm.o(.text) referenced from dfs_elm.o(.constdata)
 <LI><a href="#[e1]">dfs_init</a> from dfs.o(.text) referenced from dfs.o(.rti_fn.3)
 <LI><a href="#[e5]">dfs_mount_table</a> from dfs_fs.o(.text) referenced from dfs_fs.o(.rti_fn.5)
 <LI><a href="#[e3]">elm_init</a> from dfs_elm.o(.text) referenced from dfs_elm.o(.rti_fn.4)
 <LI><a href="#[e6]">ff_convert_init</a> from ccfile.o(.text) referenced from ccfile.o(.rti_fn.6)
 <LI><a href="#[8c]">finsh_rx_ind</a> from shell.o(.text) referenced 2 times from shell.o(.text)
 <LI><a href="#[e2]">finsh_system_init</a> from shell.o(.text) referenced from shell.o(.rti_fn.3)
 <LI><a href="#[41f]">finsh_thread_entry</a> from shell.o(.text) referenced from shell.o(.text)
 <LI><a href="#[181]">fstat</a> from dfs_posix.o(.text) referenced from dfs_posix.o(RTMSymTab)
 <LI><a href="#[18a]">getcwd</a> from dfs_posix.o(.text) referenced from dfs_posix.o(RTMSymTab)
 <LI><a href="#[f6]">hello</a> from cmd.o(.text) referenced from cmd.o(FSymTab)
 <LI><a href="#[104]">list</a> from cmd.o(.text) referenced from cmd.o(FSymTab)
 <LI><a href="#[f3]">list_date</a> from rtc.o(.text) referenced from rtc.o(FSymTab)
 <LI><a href="#[101]">list_device</a> from cmd.o(.text) referenced from cmd.o(FSymTab)
 <LI><a href="#[fa]">list_event</a> from cmd.o(.text) referenced from cmd.o(FSymTab)
 <LI><a href="#[fc]">list_mailbox</a> from cmd.o(.text) referenced from cmd.o(FSymTab)
 <LI><a href="#[e9]">list_mem</a> from mem.o(.text) referenced from mem.o(FSymTab)
 <LI><a href="#[fe]">list_memheap</a> from cmd.o(.text) referenced from cmd.o(FSymTab)
 <LI><a href="#[ff]">list_mempool</a> from cmd.o(.text) referenced from cmd.o(FSymTab)
 <LI><a href="#[103]">list_mod_detail</a> from cmd.o(.text) referenced from cmd.o(FSymTab)
 <LI><a href="#[102]">list_module</a> from cmd.o(.text) referenced from cmd.o(FSymTab)
 <LI><a href="#[fd]">list_msgqueue</a> from cmd.o(.text) referenced from cmd.o(FSymTab)
 <LI><a href="#[fb]">list_mutex</a> from cmd.o(.text) referenced from cmd.o(FSymTab)
 <LI><a href="#[f9]">list_sem</a> from cmd.o(.text) referenced from cmd.o(FSymTab)
 <LI><a href="#[f8]">list_thread</a> from cmd.o(.text) referenced from cmd.o(FSymTab)
 <LI><a href="#[100]">list_timer</a> from cmd.o(.text) referenced from cmd.o(FSymTab)
 <LI><a href="#[ed]">ls</a> from dfs_file.o(.text) referenced from dfs_file.o(FSymTab)
 <LI><a href="#[17d]">lseek</a> from dfs_posix.o(.text) referenced from dfs_posix.o(RTMSymTab)
 <LI><a href="#[f1]">mkdir</a> from dfs_posix.o(.text) referenced from dfs_posix.o(FSymTab)
 <LI><a href="#[f1]">mkdir</a> from dfs_posix.o(.text) referenced from dfs_posix.o(RTMSymTab)
 <LI><a href="#[eb]">mkfs</a> from dfs_fs.o(.text) referenced from dfs_fs.o(FSymTab)
 <LI><a href="#[179]">open</a> from dfs_posix.o(.text) referenced from dfs_posix.o(RTMSymTab)
 <LI><a href="#[184]">opendir</a> from dfs_posix.o(.text) referenced from dfs_posix.o(RTMSymTab)
 <LI><a href="#[17b]">read</a> from dfs_posix.o(.text) referenced from dfs_posix.o(RTMSymTab)
 <LI><a href="#[185]">readdir</a> from dfs_posix.o(.text) referenced from dfs_posix.o(RTMSymTab)
 <LI><a href="#[17e]">rename</a> from dfs_posix.o(.text) referenced from dfs_posix.o(RTMSymTab)
 <LI><a href="#[e8]">reset</a> from board.o(.text) referenced from board.o(FSymTab)
 <LI><a href="#[188]">rewinddir</a> from dfs_posix.o(.text) referenced from dfs_posix.o(RTMSymTab)
 <LI><a href="#[ee]">rm</a> from dfs_file.o(.text) referenced from dfs_file.o(FSymTab)
 <LI><a href="#[183]">rmdir</a> from dfs_posix.o(.text) referenced from dfs_posix.o(RTMSymTab)
 <LI><a href="#[157]">rt_calloc</a> from mem.o(.text) referenced from mem.o(RTMSymTab)
 <LI><a href="#[14f]">rt_console_get_device</a> from kservice.o(.text) referenced from kservice.o(RTMSymTab)
 <LI><a href="#[150]">rt_console_set_device</a> from kservice.o(.text) referenced from kservice.o(RTMSymTab)
 <LI><a href="#[18b]">rt_data_queue_init</a> from dataqueue.o(.text) referenced from dataqueue.o(RTMSymTab)
 <LI><a href="#[18e]">rt_data_queue_peak</a> from dataqueue.o(.text) referenced from dataqueue.o(RTMSymTab)
 <LI><a href="#[18d]">rt_data_queue_pop</a> from dataqueue.o(.text) referenced from dataqueue.o(RTMSymTab)
 <LI><a href="#[18c]">rt_data_queue_push</a> from dataqueue.o(.text) referenced from dataqueue.o(RTMSymTab)
 <LI><a href="#[18f]">rt_data_queue_reset</a> from dataqueue.o(.text) referenced from dataqueue.o(RTMSymTab)
 <LI><a href="#[10b]">rt_device_close</a> from device.o(.text) referenced from device.o(RTMSymTab)
 <LI><a href="#[10e]">rt_device_control</a> from device.o(.text) referenced from device.o(RTMSymTab)
 <LI><a href="#[109]">rt_device_find</a> from device.o(.text) referenced from device.o(RTMSymTab)
 <LI><a href="#[10a]">rt_device_open</a> from device.o(.text) referenced from device.o(RTMSymTab)
 <LI><a href="#[10c]">rt_device_read</a> from device.o(.text) referenced from device.o(RTMSymTab)
 <LI><a href="#[107]">rt_device_register</a> from device.o(.text) referenced from device.o(RTMSymTab)
 <LI><a href="#[10f]">rt_device_set_rx_indicate</a> from device.o(.text) referenced from device.o(RTMSymTab)
 <LI><a href="#[110]">rt_device_set_tx_complete</a> from device.o(.text) referenced from device.o(RTMSymTab)
 <LI><a href="#[108]">rt_device_unregister</a> from device.o(.text) referenced from device.o(RTMSymTab)
 <LI><a href="#[10d]">rt_device_write</a> from device.o(.text) referenced from device.o(RTMSymTab)
 <LI><a href="#[126]">rt_event_control</a> from ipc.o(.text) referenced from ipc.o(RTMSymTab)
 <LI><a href="#[122]">rt_event_create</a> from ipc.o(.text) referenced from ipc.o(RTMSymTab)
 <LI><a href="#[123]">rt_event_delete</a> from ipc.o(.text) referenced from ipc.o(RTMSymTab)
 <LI><a href="#[121]">rt_event_detach</a> from ipc.o(.text) referenced from ipc.o(RTMSymTab)
 <LI><a href="#[120]">rt_event_init</a> from ipc.o(.text) referenced from ipc.o(RTMSymTab)
 <LI><a href="#[125]">rt_event_recv</a> from ipc.o(.text) referenced from ipc.o(RTMSymTab)
 <LI><a href="#[124]">rt_event_send</a> from ipc.o(.text) referenced from ipc.o(RTMSymTab)
 <LI><a href="#[158]">rt_free</a> from mem.o(.text) referenced from mem.o(RTMSymTab)
 <LI><a href="#[154]">rt_free_align</a> from kservice.o(.text) referenced from kservice.o(RTMSymTab)
 <LI><a href="#[13c]">rt_get_errno</a> from kservice.o(.text) referenced from kservice.o(RTMSymTab)
 <LI><a href="#[151]">rt_hw_console_output</a> from usart.o(.text) referenced from kservice.o(RTMSymTab)
 <LI><a href="#[13a]">rt_hw_interrupt_disable</a> from context_rvds.o(.text) referenced from irq.o(RTMSymTab)
 <LI><a href="#[13b]">rt_hw_interrupt_enable</a> from context_rvds.o(.text) referenced from irq.o(RTMSymTab)
 <LI><a href="#[df]">rt_hw_rtc_init</a> from stm32f4_rtc.o(.text) referenced from stm32f4_rtc.o(.rti_fn.2)
 <LI><a href="#[dc]">rt_hw_spi2_init</a> from platform.o(.text) referenced from platform.o(.rti_fn.1)
 <LI><a href="#[dd]">rt_hw_usart_init</a> from usart.o(.text) referenced from usart.o(.rti_fn.1)
 <LI><a href="#[1d9]">rt_init_thread_entry</a> from application.o(.text) referenced from application.o(.text)
 <LI><a href="#[137]">rt_interrupt_enter</a> from irq.o(.text) referenced from irq.o(RTMSymTab)
 <LI><a href="#[139]">rt_interrupt_get_nest</a> from irq.o(.text) referenced from irq.o(RTMSymTab)
 <LI><a href="#[138]">rt_interrupt_leave</a> from irq.o(.text) referenced from irq.o(RTMSymTab)
 <LI><a href="#[152]">rt_kprintf</a> from kservice.o(.text) referenced from kservice.o(RTMSymTab)
 <LI><a href="#[155]">rt_malloc</a> from mem.o(.text) referenced from mem.o(RTMSymTab)
 <LI><a href="#[153]">rt_malloc_align</a> from kservice.o(.text) referenced from kservice.o(RTMSymTab)
 <LI><a href="#[12e]">rt_mb_control</a> from ipc.o(.text) referenced from ipc.o(RTMSymTab)
 <LI><a href="#[129]">rt_mb_create</a> from ipc.o(.text) referenced from ipc.o(RTMSymTab)
 <LI><a href="#[12a]">rt_mb_delete</a> from ipc.o(.text) referenced from ipc.o(RTMSymTab)
 <LI><a href="#[128]">rt_mb_detach</a> from ipc.o(.text) referenced from ipc.o(RTMSymTab)
 <LI><a href="#[127]">rt_mb_init</a> from ipc.o(.text) referenced from ipc.o(RTMSymTab)
 <LI><a href="#[12d]">rt_mb_recv</a> from ipc.o(.text) referenced from ipc.o(RTMSymTab)
 <LI><a href="#[12c]">rt_mb_send</a> from ipc.o(.text) referenced from ipc.o(RTMSymTab)
 <LI><a href="#[12b]">rt_mb_send_wait</a> from ipc.o(.text) referenced from ipc.o(RTMSymTab)
 <LI><a href="#[142]">rt_memcmp</a> from kservice.o(.text) referenced from kservice.o(RTMSymTab)
 <LI><a href="#[140]">rt_memcpy</a> from kservice.o(.text) referenced from kservice.o(RTMSymTab)
 <LI><a href="#[15b]">rt_memheap_alloc</a> from memheap.o(.text) referenced from memheap.o(RTMSymTab)
 <LI><a href="#[15a]">rt_memheap_detach</a> from memheap.o(.text) referenced from memheap.o(RTMSymTab)
 <LI><a href="#[15d]">rt_memheap_free</a> from memheap.o(.text) referenced from memheap.o(RTMSymTab)
 <LI><a href="#[159]">rt_memheap_init</a> from memheap.o(.text) referenced from memheap.o(RTMSymTab)
 <LI><a href="#[15c]">rt_memheap_realloc</a> from memheap.o(.text) referenced from memheap.o(RTMSymTab)
 <LI><a href="#[141]">rt_memmove</a> from kservice.o(.text) referenced from kservice.o(RTMSymTab)
 <LI><a href="#[13f]">rt_memset</a> from kservice.o(.text) referenced from kservice.o(RTMSymTab)
 <LI><a href="#[ea]">rt_module_open</a> from module.o(.text) referenced from module.o(FSymTab)
 <LI><a href="#[162]">rt_mp_alloc</a> from mempool.o(.text) referenced from mempool.o(RTMSymTab)
 <LI><a href="#[160]">rt_mp_create</a> from mempool.o(.text) referenced from mempool.o(RTMSymTab)
 <LI><a href="#[161]">rt_mp_delete</a> from mempool.o(.text) referenced from mempool.o(RTMSymTab)
 <LI><a href="#[15f]">rt_mp_detach</a> from mempool.o(.text) referenced from mempool.o(RTMSymTab)
 <LI><a href="#[163]">rt_mp_free</a> from mempool.o(.text) referenced from mempool.o(RTMSymTab)
 <LI><a href="#[15e]">rt_mp_init</a> from mempool.o(.text) referenced from mempool.o(RTMSymTab)
 <LI><a href="#[136]">rt_mq_control</a> from ipc.o(.text) referenced from ipc.o(RTMSymTab)
 <LI><a href="#[131]">rt_mq_create</a> from ipc.o(.text) referenced from ipc.o(RTMSymTab)
 <LI><a href="#[132]">rt_mq_delete</a> from ipc.o(.text) referenced from ipc.o(RTMSymTab)
 <LI><a href="#[130]">rt_mq_detach</a> from ipc.o(.text) referenced from ipc.o(RTMSymTab)
 <LI><a href="#[12f]">rt_mq_init</a> from ipc.o(.text) referenced from ipc.o(RTMSymTab)
 <LI><a href="#[135]">rt_mq_recv</a> from ipc.o(.text) referenced from ipc.o(RTMSymTab)
 <LI><a href="#[133]">rt_mq_send</a> from ipc.o(.text) referenced from ipc.o(RTMSymTab)
 <LI><a href="#[134]">rt_mq_urgent</a> from ipc.o(.text) referenced from ipc.o(RTMSymTab)
 <LI><a href="#[11f]">rt_mutex_control</a> from ipc.o(.text) referenced from ipc.o(RTMSymTab)
 <LI><a href="#[11b]">rt_mutex_create</a> from ipc.o(.text) referenced from ipc.o(RTMSymTab)
 <LI><a href="#[11c]">rt_mutex_delete</a> from ipc.o(.text) referenced from ipc.o(RTMSymTab)
 <LI><a href="#[11a]">rt_mutex_detach</a> from ipc.o(.text) referenced from ipc.o(RTMSymTab)
 <LI><a href="#[119]">rt_mutex_init</a> from ipc.o(.text) referenced from ipc.o(RTMSymTab)
 <LI><a href="#[11e]">rt_mutex_release</a> from ipc.o(.text) referenced from ipc.o(RTMSymTab)
 <LI><a href="#[11d]">rt_mutex_take</a> from ipc.o(.text) referenced from ipc.o(RTMSymTab)
 <LI><a href="#[164]">rt_object_get_information</a> from object.o(.text) referenced from object.o(RTMSymTab)
 <LI><a href="#[84]">rt_pipe_control</a> from pipe.o(.text) referenced from pipe.o(.text)
 <LI><a href="#[192]">rt_pipe_create</a> from pipe.o(.text) referenced from pipe.o(RTMSymTab)
 <LI><a href="#[193]">rt_pipe_destroy</a> from pipe.o(.text) referenced from pipe.o(RTMSymTab)
 <LI><a href="#[191]">rt_pipe_detach</a> from pipe.o(.text) referenced from pipe.o(RTMSymTab)
 <LI><a href="#[190]">rt_pipe_init</a> from pipe.o(.text) referenced from pipe.o(RTMSymTab)
 <LI><a href="#[82]">rt_pipe_read</a> from pipe.o(.text) referenced from pipe.o(.text)
 <LI><a href="#[83]">rt_pipe_write</a> from pipe.o(.text) referenced from pipe.o(.text)
 <LI><a href="#[196]">rt_portal_create</a> from portal.o(.text) referenced from portal.o(RTMSymTab)
 <LI><a href="#[197]">rt_portal_destroy</a> from portal.o(.text) referenced from portal.o(RTMSymTab)
 <LI><a href="#[195]">rt_portal_detach</a> from portal.o(.text) referenced from portal.o(RTMSymTab)
 <LI><a href="#[194]">rt_portal_init</a> from portal.o(.text) referenced from portal.o(RTMSymTab)
 <LI><a href="#[156]">rt_realloc</a> from mem.o(.text) referenced from mem.o(RTMSymTab)
 <LI><a href="#[19b]">rt_ringbuffer_get</a> from ringbuffer.o(.text) referenced from ringbuffer.o(RTMSymTab)
 <LI><a href="#[19e]">rt_ringbuffer_getchar</a> from ringbuffer.o(.text) referenced from ringbuffer.o(RTMSymTab)
 <LI><a href="#[198]">rt_ringbuffer_init</a> from ringbuffer.o(.text) referenced from ringbuffer.o(RTMSymTab)
 <LI><a href="#[199]">rt_ringbuffer_put</a> from ringbuffer.o(.text) referenced from ringbuffer.o(RTMSymTab)
 <LI><a href="#[19a]">rt_ringbuffer_put_force</a> from ringbuffer.o(.text) referenced from ringbuffer.o(RTMSymTab)
 <LI><a href="#[19c]">rt_ringbuffer_putchar</a> from ringbuffer.o(.text) referenced from ringbuffer.o(RTMSymTab)
 <LI><a href="#[19d]">rt_ringbuffer_putchar_force</a> from ringbuffer.o(.text) referenced from ringbuffer.o(RTMSymTab)
 <LI><a href="#[6f]">rt_rtc_control</a> from stm32f4_rtc.o(.text) referenced from stm32f4_rtc.o(.text)
 <LI><a href="#[6d]">rt_rtc_open</a> from stm32f4_rtc.o(.text) referenced from stm32f4_rtc.o(.text)
 <LI><a href="#[6e]">rt_rtc_read</a> from stm32f4_rtc.o(.text) referenced from stm32f4_rtc.o(.text)
 <LI><a href="#[63]">rt_sdcard_close</a> from sdio_sd.o(.text) referenced from sdio_sd.o(.text)
 <LI><a href="#[66]">rt_sdcard_control</a> from sdio_sd.o(.text) referenced from sdio_sd.o(.text)
 <LI><a href="#[61]">rt_sdcard_init</a> from sdio_sd.o(.text) referenced from sdio_sd.o(.text)
 <LI><a href="#[62]">rt_sdcard_open</a> from sdio_sd.o(.text) referenced from sdio_sd.o(.text)
 <LI><a href="#[64]">rt_sdcard_read</a> from sdio_sd.o(.text) referenced from sdio_sd.o(.text)
 <LI><a href="#[65]">rt_sdcard_write</a> from sdio_sd.o(.text) referenced from sdio_sd.o(.text)
 <LI><a href="#[118]">rt_sem_control</a> from ipc.o(.text) referenced from ipc.o(RTMSymTab)
 <LI><a href="#[113]">rt_sem_create</a> from ipc.o(.text) referenced from ipc.o(RTMSymTab)
 <LI><a href="#[114]">rt_sem_delete</a> from ipc.o(.text) referenced from ipc.o(RTMSymTab)
 <LI><a href="#[112]">rt_sem_detach</a> from ipc.o(.text) referenced from ipc.o(RTMSymTab)
 <LI><a href="#[111]">rt_sem_init</a> from ipc.o(.text) referenced from ipc.o(RTMSymTab)
 <LI><a href="#[117]">rt_sem_release</a> from ipc.o(.text) referenced from ipc.o(RTMSymTab)
 <LI><a href="#[115]">rt_sem_take</a> from ipc.o(.text) referenced from ipc.o(RTMSymTab)
 <LI><a href="#[116]">rt_sem_trytake</a> from ipc.o(.text) referenced from ipc.o(RTMSymTab)
 <LI><a href="#[76]">rt_serial_close</a> from serial.o(.text) referenced from serial.o(.text)
 <LI><a href="#[79]">rt_serial_control</a> from serial.o(.text) referenced from serial.o(.text)
 <LI><a href="#[74]">rt_serial_init</a> from serial.o(.text) referenced from serial.o(.text)
 <LI><a href="#[75]">rt_serial_open</a> from serial.o(.text) referenced from serial.o(.text)
 <LI><a href="#[77]">rt_serial_read</a> from serial.o(.text) referenced from serial.o(.text)
 <LI><a href="#[78]">rt_serial_write</a> from serial.o(.text) referenced from serial.o(.text)
 <LI><a href="#[13d]">rt_set_errno</a> from kservice.o(.text) referenced from kservice.o(RTMSymTab)
 <LI><a href="#[14a]">rt_show_version</a> from kservice.o(.text) referenced from kservice.o(RTMSymTab)
 <LI><a href="#[14c]">rt_snprintf</a> from kservice.o(.text) referenced from kservice.o(RTMSymTab)
 <LI><a href="#[14e]">rt_sprintf</a> from kservice.o(.text) referenced from kservice.o(RTMSymTab)
 <LI><a href="#[144]">rt_strcasecmp</a> from kservice.o(.text) referenced from kservice.o(RTMSymTab)
 <LI><a href="#[147]">rt_strcmp</a> from kservice.o(.text) referenced from kservice.o(RTMSymTab)
 <LI><a href="#[149]">rt_strdup</a> from kservice.o(.text) referenced from kservice.o(RTMSymTab)
 <LI><a href="#[148]">rt_strlen</a> from kservice.o(.text) referenced from kservice.o(RTMSymTab)
 <LI><a href="#[146]">rt_strncmp</a> from kservice.o(.text) referenced from kservice.o(RTMSymTab)
 <LI><a href="#[145]">rt_strncpy</a> from kservice.o(.text) referenced from kservice.o(RTMSymTab)
 <LI><a href="#[143]">rt_strstr</a> from kservice.o(.text) referenced from kservice.o(RTMSymTab)
 <LI><a href="#[e0]">rt_system_module_init</a> from module.o(.text) referenced from module.o(.rti_fn.3)
 <LI><a href="#[16d]">rt_thread_control</a> from thread.o(.text) referenced from thread.o(RTMSymTab)
 <LI><a href="#[169]">rt_thread_create</a> from thread.o(.text) referenced from thread.o(RTMSymTab)
 <LI><a href="#[16c]">rt_thread_delay</a> from thread.o(.text) referenced from thread.o(RTMSymTab)
 <LI><a href="#[16a]">rt_thread_delete</a> from thread.o(.text) referenced from thread.o(RTMSymTab)
 <LI><a href="#[168]">rt_thread_detach</a> from thread.o(.text) referenced from thread.o(RTMSymTab)
 <LI><a href="#[73]">rt_thread_exit</a> from thread.o(.text) referenced from thread.o(.text)
 <LI><a href="#[171]">rt_thread_find</a> from thread.o(.text) referenced from thread.o(RTMSymTab)
 <LI><a href="#[72]">rt_thread_idle_entry</a> from idle.o(.text) referenced from idle.o(.text)
 <LI><a href="#[165]">rt_thread_init</a> from thread.o(.text) referenced from thread.o(RTMSymTab)
 <LI><a href="#[16f]">rt_thread_resume</a> from thread.o(.text) referenced from thread.o(RTMSymTab)
 <LI><a href="#[166]">rt_thread_self</a> from thread.o(.text) referenced from thread.o(RTMSymTab)
 <LI><a href="#[167]">rt_thread_startup</a> from thread.o(.text) referenced from thread.o(RTMSymTab)
 <LI><a href="#[16e]">rt_thread_suspend</a> from thread.o(.text) referenced from thread.o(RTMSymTab)
 <LI><a href="#[170]">rt_thread_timeout</a> from thread.o(.text) referenced from thread.o(.text)
 <LI><a href="#[170]">rt_thread_timeout</a> from thread.o(.text) referenced from thread.o(RTMSymTab)
 <LI><a href="#[16b]">rt_thread_yield</a> from thread.o(.text) referenced from thread.o(RTMSymTab)
 <LI><a href="#[106]">rt_tick_from_millisecond</a> from clock.o(.text) referenced from clock.o(RTMSymTab)
 <LI><a href="#[105]">rt_tick_get</a> from clock.o(.text) referenced from clock.o(RTMSymTab)
 <LI><a href="#[178]">rt_timer_control</a> from timer.o(.text) referenced from timer.o(RTMSymTab)
 <LI><a href="#[174]">rt_timer_create</a> from timer.o(.text) referenced from timer.o(RTMSymTab)
 <LI><a href="#[175]">rt_timer_delete</a> from timer.o(.text) referenced from timer.o(RTMSymTab)
 <LI><a href="#[173]">rt_timer_detach</a> from timer.o(.text) referenced from timer.o(RTMSymTab)
 <LI><a href="#[172]">rt_timer_init</a> from timer.o(.text) referenced from timer.o(RTMSymTab)
 <LI><a href="#[176]">rt_timer_start</a> from timer.o(.text) referenced from timer.o(RTMSymTab)
 <LI><a href="#[177]">rt_timer_stop</a> from timer.o(.text) referenced from timer.o(RTMSymTab)
 <LI><a href="#[14b]">rt_vsnprintf</a> from kservice.o(.text) referenced from kservice.o(RTMSymTab)
 <LI><a href="#[14d]">rt_vsprintf</a> from kservice.o(.text) referenced from kservice.o(RTMSymTab)
 <LI><a href="#[de]">rti_board_end</a> from components.o(.text) referenced from components.o(.rti_fn.1.post)
 <LI><a href="#[e7]">rti_end</a> from components.o(.text) referenced from components.o(.rti_fn.7)
 <LI><a href="#[db]">rti_start</a> from components.o(.text) referenced from components.o(.rti_fn.0)
 <LI><a href="#[187]">seekdir</a> from dfs_posix.o(.text) referenced from dfs_posix.o(RTMSymTab)
 <LI><a href="#[f4]">set_date</a> from rtc.o(.text) referenced from rtc.o(FSymTab)
 <LI><a href="#[f5]">set_time</a> from rtc.o(.text) referenced from rtc.o(FSymTab)
 <LI><a href="#[180]">stat</a> from dfs_posix.o(.text) referenced from dfs_posix.o(RTMSymTab)
 <LI><a href="#[182]">statfs</a> from dfs_posix.o(.text) referenced from dfs_posix.o(RTMSymTab)
 <LI><a href="#[90]">stm32_configure</a> from usart.o(.text) referenced from usart.o(.constdata)
 <LI><a href="#[91]">stm32_control</a> from usart.o(.text) referenced from usart.o(.constdata)
 <LI><a href="#[93]">stm32_getc</a> from usart.o(.text) referenced from usart.o(.constdata)
 <LI><a href="#[92]">stm32_putc</a> from usart.o(.text) referenced from usart.o(.constdata)
 <LI><a href="#[186]">telldir</a> from dfs_posix.o(.text) referenced from dfs_posix.o(RTMSymTab)
 <LI><a href="#[17f]">unlink</a> from dfs_posix.o(.text) referenced from dfs_posix.o(RTMSymTab)
 <LI><a href="#[f7]">version</a> from cmd.o(.text) referenced from cmd.o(FSymTab)
 <LI><a href="#[69]">w25qxx_flash_close</a> from spi_flash_w25qxx.o(.text) referenced from spi_flash_w25qxx.o(.text)
 <LI><a href="#[6c]">w25qxx_flash_control</a> from spi_flash_w25qxx.o(.text) referenced from spi_flash_w25qxx.o(.text)
 <LI><a href="#[67]">w25qxx_flash_init</a> from spi_flash_w25qxx.o(.text) referenced from spi_flash_w25qxx.o(.text)
 <LI><a href="#[68]">w25qxx_flash_open</a> from spi_flash_w25qxx.o(.text) referenced from spi_flash_w25qxx.o(.text)
 <LI><a href="#[6a]">w25qxx_flash_read</a> from spi_flash_w25qxx.o(.text) referenced from spi_flash_w25qxx.o(.text)
 <LI><a href="#[6b]">w25qxx_flash_write</a> from spi_flash_w25qxx.o(.text) referenced from spi_flash_w25qxx.o(.text)
 <LI><a href="#[17c]">write</a> from dfs_posix.o(.text) referenced from dfs_posix.o(RTMSymTab)
 <LI><a href="#[4]">xfer</a> from stm32f20x_40x_spi.o(.text) referenced 2 times from stm32f20x_40x_spi.o(.data)
</UL>
<P>
<H3>
Global Symbols
</H3>
<P><STRONG><a name="[19f]"></a>__main</STRONG> (Thumb, 8 bytes, Stack size 0 bytes, __main.o(!!!main))
<BR><BR>[Calls]<UL><LI><a href="#[1a1]">&gt;&gt;</a>&nbsp;&nbsp;&nbsp;__rt_entry
<LI><a href="#[1a0]">&gt;&gt;</a>&nbsp;&nbsp;&nbsp;__scatterload
</UL>

<P><STRONG><a name="[1a0]"></a>__scatterload</STRONG> (Thumb, 0 bytes, Stack size unknown bytes, __scatter.o(!!!scatter))
<BR><BR>[Called By]<UL><LI><a href="#[19f]">&gt;&gt;</a>&nbsp;&nbsp;&nbsp;__main
</UL>

<P><STRONG><a name="[1a2]"></a>__scatterload_rt2</STRONG> (Thumb, 44 bytes, Stack size unknown bytes, __scatter.o(!!!scatter), UNUSED)
<BR><BR>[Calls]<UL><LI><a href="#[1a1]">&gt;&gt;</a>&nbsp;&nbsp;&nbsp;__rt_entry
</UL>

<P><STRONG><a name="[451]"></a>__scatterload_rt2_thumb_only</STRONG> (Thumb, 0 bytes, Stack size unknown bytes, __scatter.o(!!!scatter), UNUSED)

<P><STRONG><a name="[452]"></a>__scatterload_null</STRONG> (Thumb, 0 bytes, Stack size unknown bytes, __scatter.o(!!!scatter), UNUSED)

<P><STRONG><a name="[453]"></a>__decompress</STRONG> (Thumb, 90 bytes, Stack size unknown bytes, __dczerorl2.o(!!dczerorl2), UNUSED)

<P><STRONG><a name="[454]"></a>__decompress1</STRONG> (Thumb, 0 bytes, Stack size unknown bytes, __dczerorl2.o(!!dczerorl2), UNUSED)

<P><STRONG><a name="[455]"></a>__scatterload_zeroinit</STRONG> (Thumb, 28 bytes, Stack size unknown bytes, __scatter_zi.o(!!handler_zi), UNUSED)

<P><STRONG><a name="[1a3]"></a>_printf_n</STRONG> (Thumb, 0 bytes, Stack size unknown bytes, _printf_n.o(.ARM.Collect$$_printf_percent$$00000001))
<BR><BR>[Calls]<UL><LI><a href="#[1a4]">&gt;&gt;</a>&nbsp;&nbsp;&nbsp;_printf_charcount
</UL>

<P><STRONG><a name="[440]"></a>_printf_percent</STRONG> (Thumb, 0 bytes, Stack size unknown bytes, _printf_percent.o(.ARM.Collect$$_printf_percent$$00000000))
<BR><BR>[Called By]<UL><LI><a href="#[439]">&gt;&gt;</a>&nbsp;&nbsp;&nbsp;__printf
</UL>

<P><STRONG><a name="[1a5]"></a>_printf_p</STRONG> (Thumb, 0 bytes, Stack size unknown bytes, _printf_p.o(.ARM.Collect$$_printf_percent$$00000002))
<BR><BR>[Stack]<UL><LI>Max Depth = 64 + Unknown Stack Size
<LI>Call Chain = _printf_p &rArr; _printf_hex_ptr &rArr; _printf_longlong_hex &rArr; _printf_int_common &rArr; _printf_post_padding
</UL>
<BR>[Calls]<UL><LI><a href="#[1a6]">&gt;&gt;</a>&nbsp;&nbsp;&nbsp;_printf_hex_ptr
</UL>

<P><STRONG><a name="[1a7]"></a>_printf_f</STRONG> (Thumb, 0 bytes, Stack size unknown bytes, _printf_f.o(.ARM.Collect$$_printf_percent$$00000003))
<BR><BR>[Stack]<UL><LI>Max Depth = 320 + Unknown Stack Size
<LI>Call Chain = _printf_f &rArr; _printf_fp_dec &rArr; _printf_fp_dec_real &rArr; _fp_digits &rArr; _btod_etento &rArr; _btod_emul &rArr; _e2e
</UL>
<BR>[Calls]<UL><LI><a href="#[1a8]">&gt;&gt;</a>&nbsp;&nbsp;&nbsp;_printf_fp_dec
</UL>

<P><STRONG><a name="[1a9]"></a>_printf_e</STRONG> (Thumb, 0 bytes, Stack size unknown bytes, _printf_e.o(.ARM.Collect$$_printf_percent$$00000004))
<BR><BR>[Stack]<UL><LI>Max Depth = 320 + Unknown Stack Size
<LI>Call Chain = _printf_e &rArr; _printf_fp_dec &rArr; _printf_fp_dec_real &rArr; _fp_digits &rArr; _btod_etento &rArr; _btod_emul &rArr; _e2e
</UL>
<BR>[Calls]<UL><LI><a href="#[1a8]">&gt;&gt;</a>&nbsp;&nbsp;&nbsp;_printf_fp_dec
</UL>

<P><STRONG><a name="[1aa]"></a>_printf_g</STRONG> (Thumb, 0 bytes, Stack size unknown bytes, _printf_g.o(.ARM.Collect$$_printf_percent$$00000005))
<BR><BR>[Stack]<UL><LI>Max Depth = 320 + Unknown Stack Size
<LI>Call Chain = _printf_g &rArr; _printf_fp_dec &rArr; _printf_fp_dec_real &rArr; _fp_digits &rArr; _btod_etento &rArr; _btod_emul &rArr; _e2e
</UL>
<BR>[Calls]<UL><LI><a href="#[1a8]">&gt;&gt;</a>&nbsp;&nbsp;&nbsp;_printf_fp_dec
</UL>

<P><STRONG><a name="[1ab]"></a>_printf_a</STRONG> (Thumb, 0 bytes, Stack size unknown bytes, _printf_a.o(.ARM.Collect$$_printf_percent$$00000006))
<BR><BR>[Stack]<UL><LI>Max Depth = 112 + Unknown Stack Size
<LI>Call Chain = _printf_a &rArr; _printf_fp_hex &rArr; _printf_fp_hex_real &rArr; _printf_fp_infnan &rArr; _printf_post_padding
</UL>
<BR>[Calls]<UL><LI><a href="#[1ac]">&gt;&gt;</a>&nbsp;&nbsp;&nbsp;_printf_fp_hex
</UL>

<P><STRONG><a name="[456]"></a>_printf_ll</STRONG> (Thumb, 0 bytes, Stack size unknown bytes, _printf_ll.o(.ARM.Collect$$_printf_percent$$00000007))

<P><STRONG><a name="[1ad]"></a>_printf_i</STRONG> (Thumb, 0 bytes, Stack size unknown bytes, _printf_i.o(.ARM.Collect$$_printf_percent$$00000008))
<BR><BR>[Stack]<UL><LI>Max Depth = 72 + Unknown Stack Size
<LI>Call Chain = _printf_i &rArr; _printf_int_dec &rArr; _printf_int_common &rArr; _printf_post_padding
</UL>
<BR>[Calls]<UL><LI><a href="#[1ae]">&gt;&gt;</a>&nbsp;&nbsp;&nbsp;_printf_int_dec
</UL>

<P><STRONG><a name="[1af]"></a>_printf_d</STRONG> (Thumb, 0 bytes, Stack size unknown bytes, _printf_d.o(.ARM.Collect$$_printf_percent$$00000009))
<BR><BR>[Stack]<UL><LI>Max Depth = 72 + Unknown Stack Size
<LI>Call Chain = _printf_d &rArr; _printf_int_dec &rArr; _printf_int_common &rArr; _printf_post_padding
</UL>
<BR>[Calls]<UL><LI><a href="#[1ae]">&gt;&gt;</a>&nbsp;&nbsp;&nbsp;_printf_int_dec
</UL>

<P><STRONG><a name="[1b0]"></a>_printf_u</STRONG> (Thumb, 0 bytes, Stack size unknown bytes, _printf_u.o(.ARM.Collect$$_printf_percent$$0000000A))
<BR><BR>[Stack]<UL><LI>Max Depth = 72 + Unknown Stack Size
<LI>Call Chain = _printf_u &rArr; _printf_int_dec &rArr; _printf_int_common &rArr; _printf_post_padding
</UL>
<BR>[Calls]<UL><LI><a href="#[1ae]">&gt;&gt;</a>&nbsp;&nbsp;&nbsp;_printf_int_dec
</UL>

<P><STRONG><a name="[1b1]"></a>_printf_o</STRONG> (Thumb, 0 bytes, Stack size unknown bytes, _printf_o.o(.ARM.Collect$$_printf_percent$$0000000B))
<BR><BR>[Stack]<UL><LI>Max Depth = 64 + Unknown Stack Size
<LI>Call Chain = _printf_o &rArr; _printf_int_oct &rArr; _printf_longlong_oct &rArr; _printf_int_common &rArr; _printf_post_padding
</UL>
<BR>[Calls]<UL><LI><a href="#[1b2]">&gt;&gt;</a>&nbsp;&nbsp;&nbsp;_printf_int_oct
</UL>

<P><STRONG><a name="[1b3]"></a>_printf_x</STRONG> (Thumb, 0 bytes, Stack size unknown bytes, _printf_x.o(.ARM.Collect$$_printf_percent$$0000000C))
<BR><BR>[Stack]<UL><LI>Max Depth = 80 + Unknown Stack Size
<LI>Call Chain = _printf_x &rArr; _printf_int_hex &rArr; _printf_longlong_hex &rArr; _printf_int_common &rArr; _printf_post_padding
</UL>
<BR>[Calls]<UL><LI><a href="#[1b4]">&gt;&gt;</a>&nbsp;&nbsp;&nbsp;_printf_int_hex
</UL>

<P><STRONG><a name="[1b5]"></a>_printf_lli</STRONG> (Thumb, 0 bytes, Stack size unknown bytes, _printf_lli.o(.ARM.Collect$$_printf_percent$$0000000D))
<BR><BR>[Stack]<UL><LI>Max Depth = 72 + Unknown Stack Size
<LI>Call Chain = _printf_lli &rArr; _printf_longlong_dec &rArr; _printf_int_common &rArr; _printf_post_padding
</UL>
<BR>[Calls]<UL><LI><a href="#[1b6]">&gt;&gt;</a>&nbsp;&nbsp;&nbsp;_printf_longlong_dec
</UL>

<P><STRONG><a name="[1b7]"></a>_printf_lld</STRONG> (Thumb, 0 bytes, Stack size unknown bytes, _printf_lld.o(.ARM.Collect$$_printf_percent$$0000000E))
<BR><BR>[Stack]<UL><LI>Max Depth = 72 + Unknown Stack Size
<LI>Call Chain = _printf_lld &rArr; _printf_longlong_dec &rArr; _printf_int_common &rArr; _printf_post_padding
</UL>
<BR>[Calls]<UL><LI><a href="#[1b6]">&gt;&gt;</a>&nbsp;&nbsp;&nbsp;_printf_longlong_dec
</UL>

<P><STRONG><a name="[1b8]"></a>_printf_llu</STRONG> (Thumb, 0 bytes, Stack size unknown bytes, _printf_llu.o(.ARM.Collect$$_printf_percent$$0000000F))
<BR><BR>[Stack]<UL><LI>Max Depth = 72 + Unknown Stack Size
<LI>Call Chain = _printf_llu &rArr; _printf_longlong_dec &rArr; _printf_int_common &rArr; _printf_post_padding
</UL>
<BR>[Calls]<UL><LI><a href="#[1b6]">&gt;&gt;</a>&nbsp;&nbsp;&nbsp;_printf_longlong_dec
</UL>

<P><STRONG><a name="[1b9]"></a>_printf_llo</STRONG> (Thumb, 0 bytes, Stack size unknown bytes, _printf_llo.o(.ARM.Collect$$_printf_percent$$00000010))
<BR><BR>[Stack]<UL><LI>Max Depth = 56 + Unknown Stack Size
<LI>Call Chain = _printf_llo &rArr; _printf_ll_oct &rArr; _printf_longlong_oct &rArr; _printf_int_common &rArr; _printf_post_padding
</UL>
<BR>[Calls]<UL><LI><a href="#[1ba]">&gt;&gt;</a>&nbsp;&nbsp;&nbsp;_printf_ll_oct
</UL>

<P><STRONG><a name="[1bb]"></a>_printf_llx</STRONG> (Thumb, 0 bytes, Stack size unknown bytes, _printf_llx.o(.ARM.Collect$$_printf_percent$$00000011))
<BR><BR>[Stack]<UL><LI>Max Depth = 64 + Unknown Stack Size
<LI>Call Chain = _printf_llx &rArr; _printf_ll_hex &rArr; _printf_longlong_hex &rArr; _printf_int_common &rArr; _printf_post_padding
</UL>
<BR>[Calls]<UL><LI><a href="#[1bc]">&gt;&gt;</a>&nbsp;&nbsp;&nbsp;_printf_ll_hex
</UL>

<P><STRONG><a name="[457]"></a>_printf_l</STRONG> (Thumb, 0 bytes, Stack size unknown bytes, _printf_l.o(.ARM.Collect$$_printf_percent$$00000012))

<P><STRONG><a name="[1bd]"></a>_printf_c</STRONG> (Thumb, 0 bytes, Stack size unknown bytes, _printf_c.o(.ARM.Collect$$_printf_percent$$00000013))
<BR><BR>[Stack]<UL><LI>Max Depth = 40 + Unknown Stack Size
<LI>Call Chain = _printf_c &rArr; _printf_char &rArr; _printf_cs_common &rArr; _printf_str &rArr; _printf_post_padding
</UL>
<BR>[Calls]<UL><LI><a href="#[1be]">&gt;&gt;</a>&nbsp;&nbsp;&nbsp;_printf_char
</UL>

<P><STRONG><a name="[1bf]"></a>_printf_s</STRONG> (Thumb, 0 bytes, Stack size unknown bytes, _printf_s.o(.ARM.Collect$$_printf_percent$$00000014))
<BR><BR>[Stack]<UL><LI>Max Depth = 40 + Unknown Stack Size
<LI>Call Chain = _printf_s &rArr; _printf_string &rArr; _printf_cs_common &rArr; _printf_str &rArr; _printf_post_padding
</UL>
<BR>[Calls]<UL><LI><a href="#[1c0]">&gt;&gt;</a>&nbsp;&nbsp;&nbsp;_printf_string
</UL>

<P><STRONG><a name="[1c1]"></a>_printf_lc</STRONG> (Thumb, 0 bytes, Stack size unknown bytes, _printf_lc.o(.ARM.Collect$$_printf_percent$$00000015))
<BR><BR>[Stack]<UL><LI>Max Depth = 88 + Unknown Stack Size
<LI>Call Chain = _printf_lc &rArr; _printf_wchar &rArr; _printf_lcs_common &rArr; _printf_wctomb &rArr; _wcrtomb &rArr; __rt_ctype_table
</UL>
<BR>[Calls]<UL><LI><a href="#[1c2]">&gt;&gt;</a>&nbsp;&nbsp;&nbsp;_printf_wchar
</UL>

<P><STRONG><a name="[1c3]"></a>_printf_ls</STRONG> (Thumb, 0 bytes, Stack size unknown bytes, _printf_ls.o(.ARM.Collect$$_printf_percent$$00000016))
<BR><BR>[Stack]<UL><LI>Max Depth = 88 + Unknown Stack Size
<LI>Call Chain = _printf_ls &rArr; _printf_wstring &rArr; _printf_lcs_common &rArr; _printf_wctomb &rArr; _wcrtomb &rArr; __rt_ctype_table
</UL>
<BR>[Calls]<UL><LI><a href="#[1c4]">&gt;&gt;</a>&nbsp;&nbsp;&nbsp;_printf_wstring
</UL>

<P><STRONG><a name="[458]"></a>_printf_percent_end</STRONG> (Thumb, 0 bytes, Stack size unknown bytes, _printf_percent_end.o(.ARM.Collect$$_printf_percent$$00000017))

<P><STRONG><a name="[1d1]"></a>__rt_lib_init</STRONG> (Thumb, 0 bytes, Stack size unknown bytes, libinit.o(.ARM.Collect$$libinit$$00000000))
<BR><BR>[Called By]<UL><LI><a href="#[1d0]">&gt;&gt;</a>&nbsp;&nbsp;&nbsp;__rt_entry_li
</UL>

<P><STRONG><a name="[1c5]"></a>__rt_lib_init_fp_1</STRONG> (Thumb, 0 bytes, Stack size unknown bytes, libinit2.o(.ARM.Collect$$libinit$$00000001))
<BR><BR>[Calls]<UL><LI><a href="#[1c6]">&gt;&gt;</a>&nbsp;&nbsp;&nbsp;_fp_init
</UL>

<P><STRONG><a name="[459]"></a>__rt_lib_init_heap_1</STRONG> (Thumb, 0 bytes, Stack size unknown bytes, libinit2.o(.ARM.Collect$$libinit$$0000000A))

<P><STRONG><a name="[1c7]"></a>__rt_lib_init_lc_common</STRONG> (Thumb, 0 bytes, Stack size unknown bytes, libinit2.o(.ARM.Collect$$libinit$$0000000F))
<BR><BR>[Calls]<UL><LI><a href="#[1c8]">&gt;&gt;</a>&nbsp;&nbsp;&nbsp;__rt_locale
</UL>

<P><STRONG><a name="[45a]"></a>__rt_lib_init_preinit_1</STRONG> (Thumb, 0 bytes, Stack size unknown bytes, libinit2.o(.ARM.Collect$$libinit$$00000004))

<P><STRONG><a name="[45b]"></a>__rt_lib_init_rand_1</STRONG> (Thumb, 0 bytes, Stack size unknown bytes, libinit2.o(.ARM.Collect$$libinit$$0000000E))

<P><STRONG><a name="[45c]"></a>__rt_lib_init_user_alloc_1</STRONG> (Thumb, 0 bytes, Stack size unknown bytes, libinit2.o(.ARM.Collect$$libinit$$0000000C))

<P><STRONG><a name="[45d]"></a>__rt_lib_init_lc_collate_1</STRONG> (Thumb, 0 bytes, Stack size unknown bytes, libinit2.o(.ARM.Collect$$libinit$$00000011))

<P><STRONG><a name="[1c9]"></a>__rt_lib_init_lc_ctype_2</STRONG> (Thumb, 0 bytes, Stack size unknown bytes, libinit2.o(.ARM.Collect$$libinit$$00000012))
<BR><BR>[Stack]<UL><LI>Max Depth = 8 + Unknown Stack Size
<LI>Call Chain = __rt_lib_init_lc_ctype_2 &rArr; _get_lc_ctype
</UL>
<BR>[Calls]<UL><LI><a href="#[8d]">&gt;&gt;</a>&nbsp;&nbsp;&nbsp;_get_lc_ctype
</UL>

<P><STRONG><a name="[45e]"></a>__rt_lib_init_lc_ctype_1</STRONG> (Thumb, 0 bytes, Stack size unknown bytes, libinit2.o(.ARM.Collect$$libinit$$00000013))

<P><STRONG><a name="[45f]"></a>__rt_lib_init_lc_monetary_1</STRONG> (Thumb, 0 bytes, Stack size unknown bytes, libinit2.o(.ARM.Collect$$libinit$$00000015))

<P><STRONG><a name="[1ca]"></a>__rt_lib_init_lc_numeric_2</STRONG> (Thumb, 0 bytes, Stack size unknown bytes, libinit2.o(.ARM.Collect$$libinit$$00000016))
<BR><BR>[Stack]<UL><LI>Max Depth = 8 + Unknown Stack Size
<LI>Call Chain = __rt_lib_init_lc_numeric_2 &rArr; _get_lc_numeric
</UL>
<BR>[Calls]<UL><LI><a href="#[1cb]">&gt;&gt;</a>&nbsp;&nbsp;&nbsp;_get_lc_numeric
</UL>

<P><STRONG><a name="[460]"></a>__rt_lib_init_lc_numeric_1</STRONG> (Thumb, 0 bytes, Stack size unknown bytes, libinit2.o(.ARM.Collect$$libinit$$00000017))

<P><STRONG><a name="[1cc]"></a>__rt_lib_init_lc_time_2</STRONG> (Thumb, 0 bytes, Stack size unknown bytes, libinit2.o(.ARM.Collect$$libinit$$00000018))
<BR><BR>[Stack]<UL><LI>Max Depth = 8 + Unknown Stack Size
<LI>Call Chain = __rt_lib_init_lc_time_2 &rArr; _get_lc_time
</UL>
<BR>[Calls]<UL><LI><a href="#[1cd]">&gt;&gt;</a>&nbsp;&nbsp;&nbsp;_get_lc_time
</UL>

<P><STRONG><a name="[461]"></a>__rt_lib_init_alloca_1</STRONG> (Thumb, 0 bytes, Stack size unknown bytes, libinit2.o(.ARM.Collect$$libinit$$0000002E))

<P><STRONG><a name="[462]"></a>__rt_lib_init_argv_1</STRONG> (Thumb, 0 bytes, Stack size unknown bytes, libinit2.o(.ARM.Collect$$libinit$$0000002C))

<P><STRONG><a name="[463]"></a>__rt_lib_init_atexit_1</STRONG> (Thumb, 0 bytes, Stack size unknown bytes, libinit2.o(.ARM.Collect$$libinit$$0000001B))

<P><STRONG><a name="[464]"></a>__rt_lib_init_clock_1</STRONG> (Thumb, 0 bytes, Stack size unknown bytes, libinit2.o(.ARM.Collect$$libinit$$00000021))

<P><STRONG><a name="[465]"></a>__rt_lib_init_cpp_1</STRONG> (Thumb, 0 bytes, Stack size unknown bytes, libinit2.o(.ARM.Collect$$libinit$$00000032))

<P><STRONG><a name="[466]"></a>__rt_lib_init_exceptions_1</STRONG> (Thumb, 0 bytes, Stack size unknown bytes, libinit2.o(.ARM.Collect$$libinit$$00000030))

<P><STRONG><a name="[467]"></a>__rt_lib_init_fp_trap_1</STRONG> (Thumb, 0 bytes, Stack size unknown bytes, libinit2.o(.ARM.Collect$$libinit$$0000001F))

<P><STRONG><a name="[468]"></a>__rt_lib_init_getenv_1</STRONG> (Thumb, 0 bytes, Stack size unknown bytes, libinit2.o(.ARM.Collect$$libinit$$00000023))

<P><STRONG><a name="[469]"></a>__rt_lib_init_lc_time_1</STRONG> (Thumb, 0 bytes, Stack size unknown bytes, libinit2.o(.ARM.Collect$$libinit$$00000019))

<P><STRONG><a name="[46a]"></a>__rt_lib_init_return</STRONG> (Thumb, 0 bytes, Stack size unknown bytes, libinit2.o(.ARM.Collect$$libinit$$00000033))

<P><STRONG><a name="[46b]"></a>__rt_lib_init_signal_1</STRONG> (Thumb, 0 bytes, Stack size unknown bytes, libinit2.o(.ARM.Collect$$libinit$$0000001D))

<P><STRONG><a name="[46c]"></a>__rt_lib_init_stdio_1</STRONG> (Thumb, 0 bytes, Stack size unknown bytes, libinit2.o(.ARM.Collect$$libinit$$00000025))

<P><STRONG><a name="[1d6]"></a>__rt_lib_shutdown</STRONG> (Thumb, 0 bytes, Stack size unknown bytes, libshutdown.o(.ARM.Collect$$libshutdown$$00000000))
<BR><BR>[Called By]<UL><LI><a href="#[1d5]">&gt;&gt;</a>&nbsp;&nbsp;&nbsp;__rt_exit_ls
</UL>

<P><STRONG><a name="[46d]"></a>__rt_lib_shutdown_cpp_1</STRONG> (Thumb, 0 bytes, Stack size unknown bytes, libshutdown2.o(.ARM.Collect$$libshutdown$$00000002))

<P><STRONG><a name="[46e]"></a>__rt_lib_shutdown_fp_trap_1</STRONG> (Thumb, 0 bytes, Stack size unknown bytes, libshutdown2.o(.ARM.Collect$$libshutdown$$00000007))

<P><STRONG><a name="[46f]"></a>__rt_lib_shutdown_heap_1</STRONG> (Thumb, 0 bytes, Stack size unknown bytes, libshutdown2.o(.ARM.Collect$$libshutdown$$0000000F))

<P><STRONG><a name="[470]"></a>__rt_lib_shutdown_return</STRONG> (Thumb, 0 bytes, Stack size unknown bytes, libshutdown2.o(.ARM.Collect$$libshutdown$$00000010))

<P><STRONG><a name="[471]"></a>__rt_lib_shutdown_signal_1</STRONG> (Thumb, 0 bytes, Stack size unknown bytes, libshutdown2.o(.ARM.Collect$$libshutdown$$0000000A))

<P><STRONG><a name="[472]"></a>__rt_lib_shutdown_stdio_1</STRONG> (Thumb, 0 bytes, Stack size unknown bytes, libshutdown2.o(.ARM.Collect$$libshutdown$$00000004))

<P><STRONG><a name="[473]"></a>__rt_lib_shutdown_user_alloc_1</STRONG> (Thumb, 0 bytes, Stack size unknown bytes, libshutdown2.o(.ARM.Collect$$libshutdown$$0000000C))

<P><STRONG><a name="[1a1]"></a>__rt_entry</STRONG> (Thumb, 0 bytes, Stack size unknown bytes, __rtentry.o(.ARM.Collect$$rtentry$$00000000))
<BR><BR>[Called By]<UL><LI><a href="#[19f]">&gt;&gt;</a>&nbsp;&nbsp;&nbsp;__main
<LI><a href="#[1a2]">&gt;&gt;</a>&nbsp;&nbsp;&nbsp;__scatterload_rt2
</UL>

<P><STRONG><a name="[474]"></a>__rt_entry_presh_1</STRONG> (Thumb, 0 bytes, Stack size unknown bytes, __rtentry2.o(.ARM.Collect$$rtentry$$00000002))

<P><STRONG><a name="[1ce]"></a>__rt_entry_sh</STRONG> (Thumb, 0 bytes, Stack size unknown bytes, __rtentry4.o(.ARM.Collect$$rtentry$$00000004))
<BR><BR>[Stack]<UL><LI>Max Depth = 8 + Unknown Stack Size
<LI>Call Chain = __rt_entry_sh &rArr; __user_setup_stackheap
</UL>
<BR>[Calls]<UL><LI><a href="#[1cf]">&gt;&gt;</a>&nbsp;&nbsp;&nbsp;__user_setup_stackheap
</UL>

<P><STRONG><a name="[1d0]"></a>__rt_entry_li</STRONG> (Thumb, 0 bytes, Stack size unknown bytes, __rtentry2.o(.ARM.Collect$$rtentry$$0000000A))
<BR><BR>[Calls]<UL><LI><a href="#[1d1]">&gt;&gt;</a>&nbsp;&nbsp;&nbsp;__rt_lib_init
</UL>

<P><STRONG><a name="[475]"></a>__rt_entry_postsh_1</STRONG> (Thumb, 0 bytes, Stack size unknown bytes, __rtentry2.o(.ARM.Collect$$rtentry$$00000009))

<P><STRONG><a name="[1d2]"></a>__rt_entry_main</STRONG> (Thumb, 0 bytes, Stack size unknown bytes, __rtentry2.o(.ARM.Collect$$rtentry$$0000000D))
<BR><BR>[Stack]<UL><LI>Max Depth = 440 + Unknown Stack Size
<LI>Call Chain = __rt_entry_main &rArr; main &rArr; rtthread_startup &rArr; rt_application_init &rArr; rt_thread_create &rArr; rt_object_allocate &rArr; rt_malloc &rArr; rt_sem_take &rArr; rt_schedule &rArr; _rt_scheduler_stack_check &rArr; list_thread &rArr; _list_thread &rArr; rt_kprintf &rArr; rt_device_write &rArr;  rt_kprintf (Cycle)
</UL>
<BR>[Calls]<UL><LI><a href="#[1d3]">&gt;&gt;</a>&nbsp;&nbsp;&nbsp;main
<LI><a href="#[1d4]">&gt;&gt;</a>&nbsp;&nbsp;&nbsp;exit
</UL>

<P><STRONG><a name="[476]"></a>__rt_entry_postli_1</STRONG> (Thumb, 0 bytes, Stack size unknown bytes, __rtentry2.o(.ARM.Collect$$rtentry$$0000000C))

<P><STRONG><a name="[432]"></a>__rt_exit</STRONG> (Thumb, 0 bytes, Stack size unknown bytes, rtexit.o(.ARM.Collect$$rtexit$$00000000))
<BR><BR>[Called By]<UL><LI><a href="#[1d4]">&gt;&gt;</a>&nbsp;&nbsp;&nbsp;exit
</UL>

<P><STRONG><a name="[1d5]"></a>__rt_exit_ls</STRONG> (Thumb, 0 bytes, Stack size unknown bytes, rtexit2.o(.ARM.Collect$$rtexit$$00000003))
<BR><BR>[Calls]<UL><LI><a href="#[1d6]">&gt;&gt;</a>&nbsp;&nbsp;&nbsp;__rt_lib_shutdown
</UL>

<P><STRONG><a name="[477]"></a>__rt_exit_prels_1</STRONG> (Thumb, 0 bytes, Stack size unknown bytes, rtexit2.o(.ARM.Collect$$rtexit$$00000002))

<P><STRONG><a name="[1d7]"></a>__rt_exit_exit</STRONG> (Thumb, 0 bytes, Stack size unknown bytes, rtexit2.o(.ARM.Collect$$rtexit$$00000004))
<BR><BR>[Calls]<UL><LI><a href="#[1d8]">&gt;&gt;</a>&nbsp;&nbsp;&nbsp;_sys_exit
</UL>

<P><STRONG><a name="[1d9]"></a>rt_init_thread_entry</STRONG> (Thumb, 14 bytes, Stack size 8 bytes, application.o(.text))
<BR><BR>[Stack]<UL><LI>Max Depth = 440<LI>Call Chain = rt_init_thread_entry &rArr; rt_platform_init &rArr; w25qxx_init &rArr; rt_spi_send &rArr; rt_spi_transfer &rArr; rt_mutex_take &rArr; rt_thread_control &rArr; rt_thread_startup &rArr; rt_schedule &rArr; _rt_scheduler_stack_check &rArr; list_thread &rArr; _list_thread &rArr; rt_kprintf &rArr; rt_device_write &rArr;  rt_kprintf (Cycle)
</UL>
<BR>[Calls]<UL><LI><a href="#[1da]">&gt;&gt;</a>&nbsp;&nbsp;&nbsp;rt_platform_init
<LI><a href="#[1db]">&gt;&gt;</a>&nbsp;&nbsp;&nbsp;rt_components_init
</UL>
<BR>[Address Reference Count : 1]<UL><LI> application.o(.text)
</UL>
<P><STRONG><a name="[1dc]"></a>rt_application_init</STRONG> (Thumb, 40 bytes, Stack size 16 bytes, application.o(.text))
<BR><BR>[Stack]<UL><LI>Max Depth = 424<LI>Call Chain = rt_application_init &rArr; rt_thread_create &rArr; rt_object_allocate &rArr; rt_malloc &rArr; rt_sem_take &rArr; rt_schedule &rArr; _rt_scheduler_stack_check &rArr; list_thread &rArr; _list_thread &rArr; rt_kprintf &rArr; rt_device_write &rArr;  rt_kprintf (Cycle)
</UL>
<BR>[Calls]<UL><LI><a href="#[167]">&gt;&gt;</a>&nbsp;&nbsp;&nbsp;rt_thread_startup
<LI><a href="#[169]">&gt;&gt;</a>&nbsp;&nbsp;&nbsp;rt_thread_create
</UL>
<BR>[Called By]<UL><LI><a href="#[1de]">&gt;&gt;</a>&nbsp;&nbsp;&nbsp;rtthread_startup
</UL>

<P><STRONG><a name="[1dd]"></a>assert_failed</STRONG> (Thumb, 30 bytes, Stack size 0 bytes, startup.o(.text))
<BR><BR>[Calls]<UL><LI><a href="#[152]">&gt;&gt;</a>&nbsp;&nbsp;&nbsp;rt_kprintf
</UL>
<BR>[Called By]<UL><LI><a href="#[2aa]">&gt;&gt;</a>&nbsp;&nbsp;&nbsp;RCC_APB2PeriphResetCmd
<LI><a href="#[273]">&gt;&gt;</a>&nbsp;&nbsp;&nbsp;SysTick_CLKSourceConfig
<LI><a href="#[272]">&gt;&gt;</a>&nbsp;&nbsp;&nbsp;NVIC_SystemLPConfig
<LI><a href="#[266]">&gt;&gt;</a>&nbsp;&nbsp;&nbsp;RTC_WriteBackupRegister
<LI><a href="#[263]">&gt;&gt;</a>&nbsp;&nbsp;&nbsp;RTC_SetTime
<LI><a href="#[264]">&gt;&gt;</a>&nbsp;&nbsp;&nbsp;RTC_SetDate
<LI><a href="#[270]">&gt;&gt;</a>&nbsp;&nbsp;&nbsp;RTC_ReadBackupRegister
<LI><a href="#[26d]">&gt;&gt;</a>&nbsp;&nbsp;&nbsp;RTC_Init
<LI><a href="#[25e]">&gt;&gt;</a>&nbsp;&nbsp;&nbsp;RTC_GetTime
<LI><a href="#[25f]">&gt;&gt;</a>&nbsp;&nbsp;&nbsp;RTC_GetDate
<LI><a href="#[26a]">&gt;&gt;</a>&nbsp;&nbsp;&nbsp;RCC_RTCCLKConfig
<LI><a href="#[26b]">&gt;&gt;</a>&nbsp;&nbsp;&nbsp;RCC_RTCCLKCmd
<LI><a href="#[268]">&gt;&gt;</a>&nbsp;&nbsp;&nbsp;RCC_LSEConfig
<LI><a href="#[269]">&gt;&gt;</a>&nbsp;&nbsp;&nbsp;RCC_GetFlagStatus
<LI><a href="#[26f]">&gt;&gt;</a>&nbsp;&nbsp;&nbsp;PWR_GetFlagStatus
<LI><a href="#[26e]">&gt;&gt;</a>&nbsp;&nbsp;&nbsp;PWR_BackupRegulatorCmd
<LI><a href="#[262]">&gt;&gt;</a>&nbsp;&nbsp;&nbsp;PWR_BackupAccessCmd
<LI><a href="#[24a]">&gt;&gt;</a>&nbsp;&nbsp;&nbsp;SPI_Init
<LI><a href="#[24f]">&gt;&gt;</a>&nbsp;&nbsp;&nbsp;SPI_I2S_SendData
<LI><a href="#[250]">&gt;&gt;</a>&nbsp;&nbsp;&nbsp;SPI_I2S_ReceiveData
<LI><a href="#[24e]">&gt;&gt;</a>&nbsp;&nbsp;&nbsp;SPI_I2S_GetFlagStatus
<LI><a href="#[249]">&gt;&gt;</a>&nbsp;&nbsp;&nbsp;SPI_I2S_DeInit
<LI><a href="#[24b]">&gt;&gt;</a>&nbsp;&nbsp;&nbsp;SPI_Cmd
<LI><a href="#[24c]">&gt;&gt;</a>&nbsp;&nbsp;&nbsp;SPI_CalculateCRC
<LI><a href="#[24d]">&gt;&gt;</a>&nbsp;&nbsp;&nbsp;GPIO_ResetBits
<LI><a href="#[20c]">&gt;&gt;</a>&nbsp;&nbsp;&nbsp;SDIO_SetPowerState
<LI><a href="#[21e]">&gt;&gt;</a>&nbsp;&nbsp;&nbsp;SDIO_SendCommand
<LI><a href="#[224]">&gt;&gt;</a>&nbsp;&nbsp;&nbsp;SDIO_Init
<LI><a href="#[239]">&gt;&gt;</a>&nbsp;&nbsp;&nbsp;SDIO_ITConfig
<LI><a href="#[21c]">&gt;&gt;</a>&nbsp;&nbsp;&nbsp;SDIO_GetResponse
<LI><a href="#[244]">&gt;&gt;</a>&nbsp;&nbsp;&nbsp;SDIO_GetITStatus
<LI><a href="#[220]">&gt;&gt;</a>&nbsp;&nbsp;&nbsp;SDIO_GetFlagStatus
<LI><a href="#[21f]">&gt;&gt;</a>&nbsp;&nbsp;&nbsp;SDIO_DataConfig
<LI><a href="#[23a]">&gt;&gt;</a>&nbsp;&nbsp;&nbsp;SDIO_DMACmd
<LI><a href="#[20b]">&gt;&gt;</a>&nbsp;&nbsp;&nbsp;SDIO_ClockCmd
<LI><a href="#[245]">&gt;&gt;</a>&nbsp;&nbsp;&nbsp;SDIO_ClearITPendingBit
<LI><a href="#[21a]">&gt;&gt;</a>&nbsp;&nbsp;&nbsp;SDIO_ClearFlag
<LI><a href="#[232]">&gt;&gt;</a>&nbsp;&nbsp;&nbsp;GPIO_ReadInputDataBit
<LI><a href="#[213]">&gt;&gt;</a>&nbsp;&nbsp;&nbsp;DMA_Init
<LI><a href="#[217]">&gt;&gt;</a>&nbsp;&nbsp;&nbsp;DMA_GetFlagStatus
<LI><a href="#[214]">&gt;&gt;</a>&nbsp;&nbsp;&nbsp;DMA_FlowControllerConfig
<LI><a href="#[212]">&gt;&gt;</a>&nbsp;&nbsp;&nbsp;DMA_DeInit
<LI><a href="#[211]">&gt;&gt;</a>&nbsp;&nbsp;&nbsp;DMA_Cmd
<LI><a href="#[210]">&gt;&gt;</a>&nbsp;&nbsp;&nbsp;DMA_ClearFlag
<LI><a href="#[207]">&gt;&gt;</a>&nbsp;&nbsp;&nbsp;EXTI_GetITStatus
<LI><a href="#[208]">&gt;&gt;</a>&nbsp;&nbsp;&nbsp;EXTI_ClearITPendingBit
<LI><a href="#[1fa]">&gt;&gt;</a>&nbsp;&nbsp;&nbsp;USART_Init
<LI><a href="#[1fc]">&gt;&gt;</a>&nbsp;&nbsp;&nbsp;USART_ITConfig
<LI><a href="#[1fd]">&gt;&gt;</a>&nbsp;&nbsp;&nbsp;USART_GetITStatus
<LI><a href="#[1fb]">&gt;&gt;</a>&nbsp;&nbsp;&nbsp;USART_Cmd
<LI><a href="#[1ff]">&gt;&gt;</a>&nbsp;&nbsp;&nbsp;USART_ClearITPendingBit
<LI><a href="#[201]">&gt;&gt;</a>&nbsp;&nbsp;&nbsp;RCC_APB1PeriphClockCmd
<LI><a href="#[204]">&gt;&gt;</a>&nbsp;&nbsp;&nbsp;NVIC_Init
<LI><a href="#[1f5]">&gt;&gt;</a>&nbsp;&nbsp;&nbsp;GPIO_SetBits
<LI><a href="#[1f2]">&gt;&gt;</a>&nbsp;&nbsp;&nbsp;RCC_MCO1Config
<LI><a href="#[1f1]">&gt;&gt;</a>&nbsp;&nbsp;&nbsp;RCC_APB2PeriphClockCmd
<LI><a href="#[1ed]">&gt;&gt;</a>&nbsp;&nbsp;&nbsp;RCC_AHB3PeriphClockCmd
<LI><a href="#[1ec]">&gt;&gt;</a>&nbsp;&nbsp;&nbsp;RCC_AHB1PeriphClockCmd
<LI><a href="#[1e6]">&gt;&gt;</a>&nbsp;&nbsp;&nbsp;NVIC_SetVectorTable
<LI><a href="#[1e7]">&gt;&gt;</a>&nbsp;&nbsp;&nbsp;NVIC_PriorityGroupConfig
<LI><a href="#[1ee]">&gt;&gt;</a>&nbsp;&nbsp;&nbsp;GPIO_PinAFConfig
<LI><a href="#[1ef]">&gt;&gt;</a>&nbsp;&nbsp;&nbsp;GPIO_Init
<LI><a href="#[2f2]">&gt;&gt;</a>&nbsp;&nbsp;&nbsp;SPI_I2S_ClearITPendingBit
<LI><a href="#[2f1]">&gt;&gt;</a>&nbsp;&nbsp;&nbsp;SPI_I2S_GetITStatus
<LI><a href="#[2f0]">&gt;&gt;</a>&nbsp;&nbsp;&nbsp;SPI_I2S_ClearFlag
<LI><a href="#[2ef]">&gt;&gt;</a>&nbsp;&nbsp;&nbsp;SPI_I2S_ITConfig
<LI><a href="#[2ee]">&gt;&gt;</a>&nbsp;&nbsp;&nbsp;SPI_I2S_DMACmd
<LI><a href="#[2ed]">&gt;&gt;</a>&nbsp;&nbsp;&nbsp;SPI_GetCRCPolynomial
<LI><a href="#[2ec]">&gt;&gt;</a>&nbsp;&nbsp;&nbsp;SPI_GetCRC
<LI><a href="#[2eb]">&gt;&gt;</a>&nbsp;&nbsp;&nbsp;SPI_TransmitCRC
<LI><a href="#[2ea]">&gt;&gt;</a>&nbsp;&nbsp;&nbsp;I2S_FullDuplexConfig
<LI><a href="#[2e9]">&gt;&gt;</a>&nbsp;&nbsp;&nbsp;SPI_TIModeCmd
<LI><a href="#[2e8]">&gt;&gt;</a>&nbsp;&nbsp;&nbsp;SPI_SSOutputCmd
<LI><a href="#[2e7]">&gt;&gt;</a>&nbsp;&nbsp;&nbsp;SPI_NSSInternalSoftwareConfig
<LI><a href="#[2e6]">&gt;&gt;</a>&nbsp;&nbsp;&nbsp;SPI_BiDirectionalLineConfig
<LI><a href="#[2e5]">&gt;&gt;</a>&nbsp;&nbsp;&nbsp;SPI_DataSizeConfig
<LI><a href="#[2e4]">&gt;&gt;</a>&nbsp;&nbsp;&nbsp;I2S_Cmd
<LI><a href="#[2e3]">&gt;&gt;</a>&nbsp;&nbsp;&nbsp;I2S_Init
<LI><a href="#[2e2]">&gt;&gt;</a>&nbsp;&nbsp;&nbsp;SDIO_SendCEATACmd
<LI><a href="#[2e1]">&gt;&gt;</a>&nbsp;&nbsp;&nbsp;SDIO_CEATAITCmd
<LI><a href="#[2e0]">&gt;&gt;</a>&nbsp;&nbsp;&nbsp;SDIO_CommandCompletionCmd
<LI><a href="#[2df]">&gt;&gt;</a>&nbsp;&nbsp;&nbsp;SDIO_SendSDIOSuspendCmd
<LI><a href="#[2de]">&gt;&gt;</a>&nbsp;&nbsp;&nbsp;SDIO_SetSDIOOperation
<LI><a href="#[2dd]">&gt;&gt;</a>&nbsp;&nbsp;&nbsp;SDIO_SetSDIOReadWaitMode
<LI><a href="#[2dc]">&gt;&gt;</a>&nbsp;&nbsp;&nbsp;SDIO_StopSDIOReadWait
<LI><a href="#[2db]">&gt;&gt;</a>&nbsp;&nbsp;&nbsp;SDIO_StartSDIOReadWait
<LI><a href="#[2da]">&gt;&gt;</a>&nbsp;&nbsp;&nbsp;RTC_ClearITPendingBit
<LI><a href="#[2d9]">&gt;&gt;</a>&nbsp;&nbsp;&nbsp;RTC_GetITStatus
<LI><a href="#[2d8]">&gt;&gt;</a>&nbsp;&nbsp;&nbsp;RTC_ClearFlag
<LI><a href="#[2d7]">&gt;&gt;</a>&nbsp;&nbsp;&nbsp;RTC_GetFlagStatus
<LI><a href="#[2d6]">&gt;&gt;</a>&nbsp;&nbsp;&nbsp;RTC_ITConfig
<LI><a href="#[2d5]">&gt;&gt;</a>&nbsp;&nbsp;&nbsp;RTC_SynchroShiftConfig
<LI><a href="#[2d4]">&gt;&gt;</a>&nbsp;&nbsp;&nbsp;RTC_OutputTypeConfig
<LI><a href="#[2d3]">&gt;&gt;</a>&nbsp;&nbsp;&nbsp;RTC_TimeStampPinSelection
<LI><a href="#[2d2]">&gt;&gt;</a>&nbsp;&nbsp;&nbsp;RTC_TamperPinSelection
<LI><a href="#[2d1]">&gt;&gt;</a>&nbsp;&nbsp;&nbsp;RTC_TamperPullUpCmd
<LI><a href="#[2d0]">&gt;&gt;</a>&nbsp;&nbsp;&nbsp;RTC_TimeStampOnTamperDetectionCmd
<LI><a href="#[2cf]">&gt;&gt;</a>&nbsp;&nbsp;&nbsp;RTC_TamperPinsPrechargeDuration
<LI><a href="#[2ce]">&gt;&gt;</a>&nbsp;&nbsp;&nbsp;RTC_TamperSamplingFreqConfig
<LI><a href="#[2cd]">&gt;&gt;</a>&nbsp;&nbsp;&nbsp;RTC_TamperFilterConfig
<LI><a href="#[2cc]">&gt;&gt;</a>&nbsp;&nbsp;&nbsp;RTC_TamperCmd
<LI><a href="#[2cb]">&gt;&gt;</a>&nbsp;&nbsp;&nbsp;RTC_TamperTriggerConfig
<LI><a href="#[2ca]">&gt;&gt;</a>&nbsp;&nbsp;&nbsp;RTC_GetTimeStamp
<LI><a href="#[2c9]">&gt;&gt;</a>&nbsp;&nbsp;&nbsp;RTC_TimeStampCmd
<LI><a href="#[2c8]">&gt;&gt;</a>&nbsp;&nbsp;&nbsp;RTC_SmoothCalibConfig
<LI><a href="#[2c7]">&gt;&gt;</a>&nbsp;&nbsp;&nbsp;RTC_CalibOutputConfig
<LI><a href="#[2c6]">&gt;&gt;</a>&nbsp;&nbsp;&nbsp;RTC_CalibOutputCmd
<LI><a href="#[2c5]">&gt;&gt;</a>&nbsp;&nbsp;&nbsp;RTC_CoarseCalibCmd
<LI><a href="#[2c4]">&gt;&gt;</a>&nbsp;&nbsp;&nbsp;RTC_CoarseCalibConfig
<LI><a href="#[2c3]">&gt;&gt;</a>&nbsp;&nbsp;&nbsp;RTC_OutputConfig
<LI><a href="#[2c2]">&gt;&gt;</a>&nbsp;&nbsp;&nbsp;RTC_DayLightSavingConfig
<LI><a href="#[2c1]">&gt;&gt;</a>&nbsp;&nbsp;&nbsp;RTC_WakeUpCmd
<LI><a href="#[2c0]">&gt;&gt;</a>&nbsp;&nbsp;&nbsp;RTC_SetWakeUpCounter
<LI><a href="#[2bf]">&gt;&gt;</a>&nbsp;&nbsp;&nbsp;RTC_WakeUpClockConfig
<LI><a href="#[2be]">&gt;&gt;</a>&nbsp;&nbsp;&nbsp;RTC_AlarmSubSecondConfig
<LI><a href="#[2bd]">&gt;&gt;</a>&nbsp;&nbsp;&nbsp;RTC_AlarmCmd
<LI><a href="#[2bc]">&gt;&gt;</a>&nbsp;&nbsp;&nbsp;RTC_GetAlarm
<LI><a href="#[2bb]">&gt;&gt;</a>&nbsp;&nbsp;&nbsp;RTC_SetAlarm
<LI><a href="#[2b8]">&gt;&gt;</a>&nbsp;&nbsp;&nbsp;RTC_BypassShadowCmd
<LI><a href="#[2b7]">&gt;&gt;</a>&nbsp;&nbsp;&nbsp;RTC_RefClockCmd
<LI><a href="#[2b6]">&gt;&gt;</a>&nbsp;&nbsp;&nbsp;RTC_WriteProtectionCmd
<LI><a href="#[2b2]">&gt;&gt;</a>&nbsp;&nbsp;&nbsp;RCC_ClearITPendingBit
<LI><a href="#[2b1]">&gt;&gt;</a>&nbsp;&nbsp;&nbsp;RCC_GetITStatus
<LI><a href="#[2b0]">&gt;&gt;</a>&nbsp;&nbsp;&nbsp;RCC_ITConfig
<LI><a href="#[2af]">&gt;&gt;</a>&nbsp;&nbsp;&nbsp;RCC_APB2PeriphClockLPModeCmd
<LI><a href="#[2ae]">&gt;&gt;</a>&nbsp;&nbsp;&nbsp;RCC_APB1PeriphClockLPModeCmd
<LI><a href="#[2ad]">&gt;&gt;</a>&nbsp;&nbsp;&nbsp;RCC_AHB3PeriphClockLPModeCmd
<LI><a href="#[2ac]">&gt;&gt;</a>&nbsp;&nbsp;&nbsp;RCC_AHB2PeriphClockLPModeCmd
<LI><a href="#[2ab]">&gt;&gt;</a>&nbsp;&nbsp;&nbsp;RCC_AHB1PeriphClockLPModeCmd
<LI><a href="#[2a9]">&gt;&gt;</a>&nbsp;&nbsp;&nbsp;RCC_AHB3PeriphResetCmd
<LI><a href="#[2a7]">&gt;&gt;</a>&nbsp;&nbsp;&nbsp;RCC_AHB2PeriphClockCmd
<LI><a href="#[2a6]">&gt;&gt;</a>&nbsp;&nbsp;&nbsp;RCC_I2SCLKConfig
<LI><a href="#[2a5]">&gt;&gt;</a>&nbsp;&nbsp;&nbsp;RCC_BackupResetCmd
<LI><a href="#[2a4]">&gt;&gt;</a>&nbsp;&nbsp;&nbsp;RCC_PCLK2Config
<LI><a href="#[2a3]">&gt;&gt;</a>&nbsp;&nbsp;&nbsp;RCC_PCLK1Config
<LI><a href="#[2a2]">&gt;&gt;</a>&nbsp;&nbsp;&nbsp;RCC_HCLKConfig
<LI><a href="#[2a1]">&gt;&gt;</a>&nbsp;&nbsp;&nbsp;RCC_SYSCLKConfig
<LI><a href="#[2a0]">&gt;&gt;</a>&nbsp;&nbsp;&nbsp;RCC_MCO2Config
<LI><a href="#[29f]">&gt;&gt;</a>&nbsp;&nbsp;&nbsp;RCC_ClockSecuritySystemCmd
<LI><a href="#[29e]">&gt;&gt;</a>&nbsp;&nbsp;&nbsp;RCC_PLLI2SCmd
<LI><a href="#[29d]">&gt;&gt;</a>&nbsp;&nbsp;&nbsp;RCC_PLLI2SConfig
<LI><a href="#[29c]">&gt;&gt;</a>&nbsp;&nbsp;&nbsp;RCC_PLLCmd
<LI><a href="#[29b]">&gt;&gt;</a>&nbsp;&nbsp;&nbsp;RCC_PLLConfig
<LI><a href="#[29a]">&gt;&gt;</a>&nbsp;&nbsp;&nbsp;RCC_LSICmd
<LI><a href="#[299]">&gt;&gt;</a>&nbsp;&nbsp;&nbsp;RCC_HSICmd
<LI><a href="#[298]">&gt;&gt;</a>&nbsp;&nbsp;&nbsp;RCC_AdjustHSICalibrationValue
<LI><a href="#[296]">&gt;&gt;</a>&nbsp;&nbsp;&nbsp;RCC_HSEConfig
<LI><a href="#[295]">&gt;&gt;</a>&nbsp;&nbsp;&nbsp;PWR_ClearFlag
<LI><a href="#[294]">&gt;&gt;</a>&nbsp;&nbsp;&nbsp;PWR_EnterSTOPMode
<LI><a href="#[293]">&gt;&gt;</a>&nbsp;&nbsp;&nbsp;PWR_FlashPowerDownCmd
<LI><a href="#[292]">&gt;&gt;</a>&nbsp;&nbsp;&nbsp;PWR_MainRegulatorModeConfig
<LI><a href="#[291]">&gt;&gt;</a>&nbsp;&nbsp;&nbsp;PWR_WakeUpPinCmd
<LI><a href="#[290]">&gt;&gt;</a>&nbsp;&nbsp;&nbsp;PWR_PVDCmd
<LI><a href="#[28f]">&gt;&gt;</a>&nbsp;&nbsp;&nbsp;PWR_PVDLevelConfig
<LI><a href="#[285]">&gt;&gt;</a>&nbsp;&nbsp;&nbsp;RCC_AHB1PeriphResetCmd
<LI><a href="#[28c]">&gt;&gt;</a>&nbsp;&nbsp;&nbsp;GPIO_ToggleBits
<LI><a href="#[28b]">&gt;&gt;</a>&nbsp;&nbsp;&nbsp;GPIO_Write
<LI><a href="#[28a]">&gt;&gt;</a>&nbsp;&nbsp;&nbsp;GPIO_WriteBit
<LI><a href="#[289]">&gt;&gt;</a>&nbsp;&nbsp;&nbsp;GPIO_ReadOutputData
<LI><a href="#[288]">&gt;&gt;</a>&nbsp;&nbsp;&nbsp;GPIO_ReadOutputDataBit
<LI><a href="#[287]">&gt;&gt;</a>&nbsp;&nbsp;&nbsp;GPIO_ReadInputData
<LI><a href="#[286]">&gt;&gt;</a>&nbsp;&nbsp;&nbsp;GPIO_PinLockConfig
<LI><a href="#[284]">&gt;&gt;</a>&nbsp;&nbsp;&nbsp;GPIO_DeInit
<LI><a href="#[283]">&gt;&gt;</a>&nbsp;&nbsp;&nbsp;EXTI_ClearFlag
<LI><a href="#[282]">&gt;&gt;</a>&nbsp;&nbsp;&nbsp;EXTI_GetFlagStatus
<LI><a href="#[281]">&gt;&gt;</a>&nbsp;&nbsp;&nbsp;EXTI_GenerateSWInterrupt
<LI><a href="#[280]">&gt;&gt;</a>&nbsp;&nbsp;&nbsp;EXTI_Init
<LI><a href="#[27f]">&gt;&gt;</a>&nbsp;&nbsp;&nbsp;DMA_ClearITPendingBit
<LI><a href="#[27e]">&gt;&gt;</a>&nbsp;&nbsp;&nbsp;DMA_GetITStatus
<LI><a href="#[27d]">&gt;&gt;</a>&nbsp;&nbsp;&nbsp;DMA_ITConfig
<LI><a href="#[27c]">&gt;&gt;</a>&nbsp;&nbsp;&nbsp;DMA_GetFIFOStatus
<LI><a href="#[27b]">&gt;&gt;</a>&nbsp;&nbsp;&nbsp;DMA_GetCmdStatus
<LI><a href="#[27a]">&gt;&gt;</a>&nbsp;&nbsp;&nbsp;DMA_GetCurrentMemoryTarget
<LI><a href="#[279]">&gt;&gt;</a>&nbsp;&nbsp;&nbsp;DMA_MemoryTargetConfig
<LI><a href="#[278]">&gt;&gt;</a>&nbsp;&nbsp;&nbsp;DMA_DoubleBufferModeCmd
<LI><a href="#[277]">&gt;&gt;</a>&nbsp;&nbsp;&nbsp;DMA_DoubleBufferModeConfig
<LI><a href="#[276]">&gt;&gt;</a>&nbsp;&nbsp;&nbsp;DMA_GetCurrDataCounter
<LI><a href="#[275]">&gt;&gt;</a>&nbsp;&nbsp;&nbsp;DMA_SetCurrDataCounter
<LI><a href="#[274]">&gt;&gt;</a>&nbsp;&nbsp;&nbsp;DMA_PeriphIncOffsetSizeConfig
<LI><a href="#[2a8]">&gt;&gt;</a>&nbsp;&nbsp;&nbsp;RCC_AHB2PeriphResetCmd
<LI><a href="#[28e]">&gt;&gt;</a>&nbsp;&nbsp;&nbsp;RCC_APB1PeriphResetCmd
<LI><a href="#[309]">&gt;&gt;</a>&nbsp;&nbsp;&nbsp;USART_ClearFlag
<LI><a href="#[308]">&gt;&gt;</a>&nbsp;&nbsp;&nbsp;USART_GetFlagStatus
<LI><a href="#[307]">&gt;&gt;</a>&nbsp;&nbsp;&nbsp;USART_DMACmd
<LI><a href="#[306]">&gt;&gt;</a>&nbsp;&nbsp;&nbsp;USART_IrDACmd
<LI><a href="#[305]">&gt;&gt;</a>&nbsp;&nbsp;&nbsp;USART_IrDAConfig
<LI><a href="#[304]">&gt;&gt;</a>&nbsp;&nbsp;&nbsp;USART_SmartCardNACKCmd
<LI><a href="#[303]">&gt;&gt;</a>&nbsp;&nbsp;&nbsp;USART_SmartCardCmd
<LI><a href="#[302]">&gt;&gt;</a>&nbsp;&nbsp;&nbsp;USART_SetGuardTime
<LI><a href="#[301]">&gt;&gt;</a>&nbsp;&nbsp;&nbsp;USART_HalfDuplexCmd
<LI><a href="#[300]">&gt;&gt;</a>&nbsp;&nbsp;&nbsp;USART_SendBreak
<LI><a href="#[2ff]">&gt;&gt;</a>&nbsp;&nbsp;&nbsp;USART_LINCmd
<LI><a href="#[2fe]">&gt;&gt;</a>&nbsp;&nbsp;&nbsp;USART_LINBreakDetectLengthConfig
<LI><a href="#[2fd]">&gt;&gt;</a>&nbsp;&nbsp;&nbsp;USART_WakeUpConfig
<LI><a href="#[2fc]">&gt;&gt;</a>&nbsp;&nbsp;&nbsp;USART_ReceiverWakeUpCmd
[...]
<LI>Call Chain = proc_param_list &rArr;  proc_assign_expr (Cycle)
</UL>
<BR>[Calls]<UL><LI><a href="#[3ed]">&gt;&gt;</a>&nbsp;&nbsp;&nbsp;finsh_token_token
<LI><a href="#[3ec]">&gt;&gt;</a>&nbsp;&nbsp;&nbsp;proc_assign_expr
<LI><a href="#[3cd]">&gt;&gt;</a>&nbsp;&nbsp;&nbsp;finsh_error_set
</UL>
<BR>[Called By]<UL><LI><a href="#[3f1]">&gt;&gt;</a>&nbsp;&nbsp;&nbsp;proc_postfix_expr
</UL>

<P><STRONG><a name="[3ee]"></a>proc_expr</STRONG> (Thumb, 12 bytes, Stack size 8 bytes, finsh_parser.o(.text))
<BR><BR>[Stack]<UL><LI>Max Depth = 528<LI>Call Chain = proc_expr &rArr; proc_assign_expr &rArr;  proc_assign_expr (Cycle)
</UL>
<BR>[Calls]<UL><LI><a href="#[3ec]">&gt;&gt;</a>&nbsp;&nbsp;&nbsp;proc_assign_expr
</UL>
<BR>[Called By]<UL><LI><a href="#[3fd]">&gt;&gt;</a>&nbsp;&nbsp;&nbsp;proc_expr_statement
<LI><a href="#[3f0]">&gt;&gt;</a>&nbsp;&nbsp;&nbsp;proc_primary_expr
</UL>

<P><STRONG><a name="[3ef]"></a>proc_identifier</STRONG> (Thumb, 44 bytes, Stack size 16 bytes, finsh_parser.o(.text))
<BR><BR>[Stack]<UL><LI>Max Depth = 240<LI>Call Chain = proc_identifier &rArr; finsh_token_token &rArr; token_run &rArr; token_proc_number &rArr; token_spec_number
</UL>
<BR>[Calls]<UL><LI><a href="#[362]">&gt;&gt;</a>&nbsp;&nbsp;&nbsp;strncpy
<LI><a href="#[3ed]">&gt;&gt;</a>&nbsp;&nbsp;&nbsp;finsh_token_token
<LI><a href="#[3cd]">&gt;&gt;</a>&nbsp;&nbsp;&nbsp;finsh_error_set
</UL>
<BR>[Called By]<UL><LI><a href="#[3fb]">&gt;&gt;</a>&nbsp;&nbsp;&nbsp;proc_variable_decl
<LI><a href="#[3f0]">&gt;&gt;</a>&nbsp;&nbsp;&nbsp;proc_primary_expr
</UL>

<P><STRONG><a name="[3f0]"></a>proc_primary_expr</STRONG> (Thumb, 158 bytes, Stack size 40 bytes, finsh_parser.o(.text))
<BR><BR>[Stack]<UL><LI>Max Depth = 280 + In Cycle
<LI>Call Chain = proc_primary_expr &rArr;  proc_expr (Cycle)
</UL>
<BR>[Calls]<UL><LI><a href="#[3ed]">&gt;&gt;</a>&nbsp;&nbsp;&nbsp;finsh_token_token
<LI><a href="#[3ef]">&gt;&gt;</a>&nbsp;&nbsp;&nbsp;proc_identifier
<LI><a href="#[3ee]">&gt;&gt;</a>&nbsp;&nbsp;&nbsp;proc_expr
<LI><a href="#[3e9]">&gt;&gt;</a>&nbsp;&nbsp;&nbsp;finsh_node_new_ptr
<LI><a href="#[3e8]">&gt;&gt;</a>&nbsp;&nbsp;&nbsp;finsh_node_new_string
<LI><a href="#[3e7]">&gt;&gt;</a>&nbsp;&nbsp;&nbsp;finsh_node_new_long
<LI><a href="#[3e6]">&gt;&gt;</a>&nbsp;&nbsp;&nbsp;finsh_node_new_int
<LI><a href="#[3e5]">&gt;&gt;</a>&nbsp;&nbsp;&nbsp;finsh_node_new_char
<LI><a href="#[3e0]">&gt;&gt;</a>&nbsp;&nbsp;&nbsp;finsh_node_new_id
<LI><a href="#[3cd]">&gt;&gt;</a>&nbsp;&nbsp;&nbsp;finsh_error_set
</UL>
<BR>[Called By]<UL><LI><a href="#[3f1]">&gt;&gt;</a>&nbsp;&nbsp;&nbsp;proc_postfix_expr
</UL>

<P><STRONG><a name="[3f1]"></a>proc_postfix_expr</STRONG> (Thumb, 162 bytes, Stack size 24 bytes, finsh_parser.o(.text))
<BR><BR>[Stack]<UL><LI>Max Depth = 304<LI>Call Chain = proc_postfix_expr &rArr; proc_primary_expr &rArr;  proc_expr (Cycle)
</UL>
<BR>[Calls]<UL><LI><a href="#[3ed]">&gt;&gt;</a>&nbsp;&nbsp;&nbsp;finsh_token_token
<LI><a href="#[3f0]">&gt;&gt;</a>&nbsp;&nbsp;&nbsp;proc_primary_expr
<LI><a href="#[3eb]">&gt;&gt;</a>&nbsp;&nbsp;&nbsp;proc_param_list
<LI><a href="#[3ea]">&gt;&gt;</a>&nbsp;&nbsp;&nbsp;make_sys_node
<LI><a href="#[3cd]">&gt;&gt;</a>&nbsp;&nbsp;&nbsp;finsh_error_set
</UL>
<BR>[Called By]<UL><LI><a href="#[3f2]">&gt;&gt;</a>&nbsp;&nbsp;&nbsp;proc_unary_expr
</UL>

<P><STRONG><a name="[3f2]"></a>proc_unary_expr</STRONG> (Thumb, 190 bytes, Stack size 24 bytes, finsh_parser.o(.text))
<BR><BR>[Stack]<UL><LI>Max Depth = 328 + In Cycle
<LI>Call Chain = proc_unary_expr &rArr;  proc_cast_expr (Cycle)
</UL>
<BR>[Calls]<UL><LI><a href="#[3ed]">&gt;&gt;</a>&nbsp;&nbsp;&nbsp;finsh_token_token
<LI><a href="#[3f3]">&gt;&gt;</a>&nbsp;&nbsp;&nbsp;proc_cast_expr
<LI><a href="#[3f1]">&gt;&gt;</a>&nbsp;&nbsp;&nbsp;proc_postfix_expr
<LI><a href="#[3ea]">&gt;&gt;</a>&nbsp;&nbsp;&nbsp;make_sys_node
<LI><a href="#[3e7]">&gt;&gt;</a>&nbsp;&nbsp;&nbsp;finsh_node_new_long
</UL>
<BR>[Called By]<UL><LI><a href="#[3f3]">&gt;&gt;</a>&nbsp;&nbsp;&nbsp;proc_cast_expr
</UL>

<P><STRONG><a name="[3f4]"></a>proc_type</STRONG> (Thumb, 250 bytes, Stack size 16 bytes, finsh_parser.o(.text))
<BR><BR>[Stack]<UL><LI>Max Depth = 240<LI>Call Chain = proc_type &rArr; finsh_token_token &rArr; token_run &rArr; token_proc_number &rArr; token_spec_number
</UL>
<BR>[Calls]<UL><LI><a href="#[3ed]">&gt;&gt;</a>&nbsp;&nbsp;&nbsp;finsh_token_token
<LI><a href="#[3cd]">&gt;&gt;</a>&nbsp;&nbsp;&nbsp;finsh_error_set
</UL>
<BR>[Called By]<UL><LI><a href="#[3fb]">&gt;&gt;</a>&nbsp;&nbsp;&nbsp;proc_variable_decl
<LI><a href="#[3f3]">&gt;&gt;</a>&nbsp;&nbsp;&nbsp;proc_cast_expr
</UL>

<P><STRONG><a name="[3f3]"></a>proc_cast_expr</STRONG> (Thumb, 78 bytes, Stack size 24 bytes, finsh_parser.o(.text))
<BR><BR>[Stack]<UL><LI>Max Depth = 352 + In Cycle
<LI>Call Chain = proc_cast_expr &rArr;  proc_cast_expr (Cycle)
</UL>
<BR>[Calls]<UL><LI><a href="#[3ed]">&gt;&gt;</a>&nbsp;&nbsp;&nbsp;finsh_token_token
<LI><a href="#[3f3]">&gt;&gt;</a>&nbsp;&nbsp;&nbsp;proc_cast_expr
<LI><a href="#[3f4]">&gt;&gt;</a>&nbsp;&nbsp;&nbsp;proc_type
<LI><a href="#[3f2]">&gt;&gt;</a>&nbsp;&nbsp;&nbsp;proc_unary_expr
<LI><a href="#[3cd]">&gt;&gt;</a>&nbsp;&nbsp;&nbsp;finsh_error_set
</UL>
<BR>[Called By]<UL><LI><a href="#[3f5]">&gt;&gt;</a>&nbsp;&nbsp;&nbsp;proc_multiplicative_expr
<LI><a href="#[3f3]">&gt;&gt;</a>&nbsp;&nbsp;&nbsp;proc_cast_expr
<LI><a href="#[3f2]">&gt;&gt;</a>&nbsp;&nbsp;&nbsp;proc_unary_expr
</UL>

<P><STRONG><a name="[3f5]"></a>proc_multiplicative_expr</STRONG> (Thumb, 138 bytes, Stack size 24 bytes, finsh_parser.o(.text))
<BR><BR>[Stack]<UL><LI>Max Depth = 376<LI>Call Chain = proc_multiplicative_expr &rArr; proc_cast_expr &rArr;  proc_cast_expr (Cycle)
</UL>
<BR>[Calls]<UL><LI><a href="#[3ed]">&gt;&gt;</a>&nbsp;&nbsp;&nbsp;finsh_token_token
<LI><a href="#[3f3]">&gt;&gt;</a>&nbsp;&nbsp;&nbsp;proc_cast_expr
<LI><a href="#[3ea]">&gt;&gt;</a>&nbsp;&nbsp;&nbsp;make_sys_node
<LI><a href="#[3cd]">&gt;&gt;</a>&nbsp;&nbsp;&nbsp;finsh_error_set
</UL>
<BR>[Called By]<UL><LI><a href="#[3f6]">&gt;&gt;</a>&nbsp;&nbsp;&nbsp;proc_additive_expr
</UL>

<P><STRONG><a name="[3f6]"></a>proc_additive_expr</STRONG> (Thumb, 114 bytes, Stack size 24 bytes, finsh_parser.o(.text))
<BR><BR>[Stack]<UL><LI>Max Depth = 400<LI>Call Chain = proc_additive_expr &rArr; proc_multiplicative_expr &rArr; proc_cast_expr &rArr;  proc_cast_expr (Cycle)
</UL>
<BR>[Calls]<UL><LI><a href="#[3ed]">&gt;&gt;</a>&nbsp;&nbsp;&nbsp;finsh_token_token
<LI><a href="#[3f5]">&gt;&gt;</a>&nbsp;&nbsp;&nbsp;proc_multiplicative_expr
<LI><a href="#[3ea]">&gt;&gt;</a>&nbsp;&nbsp;&nbsp;make_sys_node
<LI><a href="#[3cd]">&gt;&gt;</a>&nbsp;&nbsp;&nbsp;finsh_error_set
</UL>
<BR>[Called By]<UL><LI><a href="#[3f7]">&gt;&gt;</a>&nbsp;&nbsp;&nbsp;proc_shift_expr
</UL>

<P><STRONG><a name="[3f7]"></a>proc_shift_expr</STRONG> (Thumb, 116 bytes, Stack size 24 bytes, finsh_parser.o(.text))
<BR><BR>[Stack]<UL><LI>Max Depth = 424<LI>Call Chain = proc_shift_expr &rArr; proc_additive_expr &rArr; proc_multiplicative_expr &rArr; proc_cast_expr &rArr;  proc_cast_expr (Cycle)
</UL>
<BR>[Calls]<UL><LI><a href="#[3ed]">&gt;&gt;</a>&nbsp;&nbsp;&nbsp;finsh_token_token
<LI><a href="#[3f6]">&gt;&gt;</a>&nbsp;&nbsp;&nbsp;proc_additive_expr
<LI><a href="#[3ea]">&gt;&gt;</a>&nbsp;&nbsp;&nbsp;make_sys_node
<LI><a href="#[3cd]">&gt;&gt;</a>&nbsp;&nbsp;&nbsp;finsh_error_set
</UL>
<BR>[Called By]<UL><LI><a href="#[3f8]">&gt;&gt;</a>&nbsp;&nbsp;&nbsp;proc_and_expr
</UL>

<P><STRONG><a name="[3f8]"></a>proc_and_expr</STRONG> (Thumb, 76 bytes, Stack size 24 bytes, finsh_parser.o(.text))
<BR><BR>[Stack]<UL><LI>Max Depth = 448<LI>Call Chain = proc_and_expr &rArr; proc_shift_expr &rArr; proc_additive_expr &rArr; proc_multiplicative_expr &rArr; proc_cast_expr &rArr;  proc_cast_expr (Cycle)
</UL>
<BR>[Calls]<UL><LI><a href="#[3ed]">&gt;&gt;</a>&nbsp;&nbsp;&nbsp;finsh_token_token
<LI><a href="#[3f7]">&gt;&gt;</a>&nbsp;&nbsp;&nbsp;proc_shift_expr
<LI><a href="#[3ea]">&gt;&gt;</a>&nbsp;&nbsp;&nbsp;make_sys_node
<LI><a href="#[3cd]">&gt;&gt;</a>&nbsp;&nbsp;&nbsp;finsh_error_set
</UL>
<BR>[Called By]<UL><LI><a href="#[3f9]">&gt;&gt;</a>&nbsp;&nbsp;&nbsp;proc_exclusive_or_expr
</UL>

<P><STRONG><a name="[3f9]"></a>proc_exclusive_or_expr</STRONG> (Thumb, 76 bytes, Stack size 24 bytes, finsh_parser.o(.text))
<BR><BR>[Stack]<UL><LI>Max Depth = 472<LI>Call Chain = proc_exclusive_or_expr &rArr; proc_and_expr &rArr; proc_shift_expr &rArr; proc_additive_expr &rArr; proc_multiplicative_expr &rArr; proc_cast_expr &rArr;  proc_cast_expr (Cycle)
</UL>
<BR>[Calls]<UL><LI><a href="#[3ed]">&gt;&gt;</a>&nbsp;&nbsp;&nbsp;finsh_token_token
<LI><a href="#[3f8]">&gt;&gt;</a>&nbsp;&nbsp;&nbsp;proc_and_expr
<LI><a href="#[3ea]">&gt;&gt;</a>&nbsp;&nbsp;&nbsp;make_sys_node
<LI><a href="#[3cd]">&gt;&gt;</a>&nbsp;&nbsp;&nbsp;finsh_error_set
</UL>
<BR>[Called By]<UL><LI><a href="#[3fa]">&gt;&gt;</a>&nbsp;&nbsp;&nbsp;proc_inclusive_or_expr
</UL>

<P><STRONG><a name="[3fa]"></a>proc_inclusive_or_expr</STRONG> (Thumb, 76 bytes, Stack size 24 bytes, finsh_parser.o(.text))
<BR><BR>[Stack]<UL><LI>Max Depth = 496<LI>Call Chain = proc_inclusive_or_expr &rArr; proc_exclusive_or_expr &rArr; proc_and_expr &rArr; proc_shift_expr &rArr; proc_additive_expr &rArr; proc_multiplicative_expr &rArr; proc_cast_expr &rArr;  proc_cast_expr (Cycle)
</UL>
<BR>[Calls]<UL><LI><a href="#[3ed]">&gt;&gt;</a>&nbsp;&nbsp;&nbsp;finsh_token_token
<LI><a href="#[3f9]">&gt;&gt;</a>&nbsp;&nbsp;&nbsp;proc_exclusive_or_expr
<LI><a href="#[3ea]">&gt;&gt;</a>&nbsp;&nbsp;&nbsp;make_sys_node
<LI><a href="#[3cd]">&gt;&gt;</a>&nbsp;&nbsp;&nbsp;finsh_error_set
</UL>
<BR>[Called By]<UL><LI><a href="#[3ec]">&gt;&gt;</a>&nbsp;&nbsp;&nbsp;proc_assign_expr
</UL>

<P><STRONG><a name="[3ec]"></a>proc_assign_expr</STRONG> (Thumb, 56 bytes, Stack size 24 bytes, finsh_parser.o(.text))
<BR><BR>[Stack]<UL><LI>Max Depth = 520 + In Cycle
<LI>Call Chain = proc_assign_expr &rArr;  proc_assign_expr (Cycle)
</UL>
<BR>[Calls]<UL><LI><a href="#[3ed]">&gt;&gt;</a>&nbsp;&nbsp;&nbsp;finsh_token_token
<LI><a href="#[3ec]">&gt;&gt;</a>&nbsp;&nbsp;&nbsp;proc_assign_expr
<LI><a href="#[3fa]">&gt;&gt;</a>&nbsp;&nbsp;&nbsp;proc_inclusive_or_expr
<LI><a href="#[3ea]">&gt;&gt;</a>&nbsp;&nbsp;&nbsp;make_sys_node
</UL>
<BR>[Called By]<UL><LI><a href="#[3fb]">&gt;&gt;</a>&nbsp;&nbsp;&nbsp;proc_variable_decl
<LI><a href="#[3ec]">&gt;&gt;</a>&nbsp;&nbsp;&nbsp;proc_assign_expr
<LI><a href="#[3ee]">&gt;&gt;</a>&nbsp;&nbsp;&nbsp;proc_expr
<LI><a href="#[3eb]">&gt;&gt;</a>&nbsp;&nbsp;&nbsp;proc_param_list
</UL>

<P><STRONG><a name="[3fb]"></a>proc_variable_decl</STRONG> (Thumb, 474 bytes, Stack size 56 bytes, finsh_parser.o(.text))
<BR><BR>[Stack]<UL><LI>Max Depth = 576<LI>Call Chain = proc_variable_decl &rArr; proc_assign_expr &rArr;  proc_assign_expr (Cycle)
</UL>
<BR>[Calls]<UL><LI><a href="#[3fc]">&gt;&gt;</a>&nbsp;&nbsp;&nbsp;finsh_var_insert
<LI><a href="#[3ed]">&gt;&gt;</a>&nbsp;&nbsp;&nbsp;finsh_token_token
<LI><a href="#[3ec]">&gt;&gt;</a>&nbsp;&nbsp;&nbsp;proc_assign_expr
<LI><a href="#[3f4]">&gt;&gt;</a>&nbsp;&nbsp;&nbsp;proc_type
<LI><a href="#[3ef]">&gt;&gt;</a>&nbsp;&nbsp;&nbsp;proc_identifier
<LI><a href="#[3ea]">&gt;&gt;</a>&nbsp;&nbsp;&nbsp;make_sys_node
<LI><a href="#[3e0]">&gt;&gt;</a>&nbsp;&nbsp;&nbsp;finsh_node_new_id
<LI><a href="#[3cd]">&gt;&gt;</a>&nbsp;&nbsp;&nbsp;finsh_error_set
</UL>
<BR>[Called By]<UL><LI><a href="#[3fe]">&gt;&gt;</a>&nbsp;&nbsp;&nbsp;finsh_parser_run
</UL>

<P><STRONG><a name="[3fd]"></a>proc_expr_statement</STRONG> (Thumb, 56 bytes, Stack size 16 bytes, finsh_parser.o(.text))
<BR><BR>[Stack]<UL><LI>Max Depth = 544<LI>Call Chain = proc_expr_statement &rArr; proc_expr &rArr; proc_assign_expr &rArr;  proc_assign_expr (Cycle)
</UL>
<BR>[Calls]<UL><LI><a href="#[3ed]">&gt;&gt;</a>&nbsp;&nbsp;&nbsp;finsh_token_token
<LI><a href="#[3ee]">&gt;&gt;</a>&nbsp;&nbsp;&nbsp;proc_expr
<LI><a href="#[3cd]">&gt;&gt;</a>&nbsp;&nbsp;&nbsp;finsh_error_set
</UL>
<BR>[Called By]<UL><LI><a href="#[3fe]">&gt;&gt;</a>&nbsp;&nbsp;&nbsp;finsh_parser_run
</UL>

<P><STRONG><a name="[403]"></a>token_prev_char</STRONG> (Thumb, 22 bytes, Stack size 0 bytes, finsh_token.o(.text))
<BR><BR>[Called By]<UL><LI><a href="#[409]">&gt;&gt;</a>&nbsp;&nbsp;&nbsp;token_get_string
<LI><a href="#[40b]">&gt;&gt;</a>&nbsp;&nbsp;&nbsp;token_run
<LI><a href="#[40a]">&gt;&gt;</a>&nbsp;&nbsp;&nbsp;token_trim_space
<LI><a href="#[406]">&gt;&gt;</a>&nbsp;&nbsp;&nbsp;token_proc_char
<LI><a href="#[404]">&gt;&gt;</a>&nbsp;&nbsp;&nbsp;token_proc_escape
<LI><a href="#[401]">&gt;&gt;</a>&nbsp;&nbsp;&nbsp;token_proc_number
</UL>

<P><STRONG><a name="[400]"></a>token_next_char</STRONG> (Thumb, 62 bytes, Stack size 8 bytes, finsh_token.o(.text))
<BR><BR>[Stack]<UL><LI>Max Depth = 16<LI>Call Chain = token_next_char &rArr; strlen
</UL>
<BR>[Calls]<UL><LI><a href="#[34d]">&gt;&gt;</a>&nbsp;&nbsp;&nbsp;strlen
</UL>
<BR>[Called By]<UL><LI><a href="#[409]">&gt;&gt;</a>&nbsp;&nbsp;&nbsp;token_get_string
<LI><a href="#[40b]">&gt;&gt;</a>&nbsp;&nbsp;&nbsp;token_run
<LI><a href="#[40a]">&gt;&gt;</a>&nbsp;&nbsp;&nbsp;token_trim_space
<LI><a href="#[406]">&gt;&gt;</a>&nbsp;&nbsp;&nbsp;token_proc_char
<LI><a href="#[405]">&gt;&gt;</a>&nbsp;&nbsp;&nbsp;token_proc_string
<LI><a href="#[404]">&gt;&gt;</a>&nbsp;&nbsp;&nbsp;token_proc_escape
<LI><a href="#[401]">&gt;&gt;</a>&nbsp;&nbsp;&nbsp;token_proc_number
</UL>

<P><STRONG><a name="[402]"></a>token_spec_number</STRONG> (Thumb, 152 bytes, Stack size 40 bytes, finsh_token.o(.text))
<BR><BR>[Stack]<UL><LI>Max Depth = 40<LI>Call Chain = token_spec_number
</UL>
<BR>[Called By]<UL><LI><a href="#[401]">&gt;&gt;</a>&nbsp;&nbsp;&nbsp;token_proc_number
</UL>

<P><STRONG><a name="[401]"></a>token_proc_number</STRONG> (Thumb, 266 bytes, Stack size 160 bytes, finsh_token.o(.text))
<BR><BR>[Stack]<UL><LI>Max Depth = 200<LI>Call Chain = token_proc_number &rArr; token_spec_number
</UL>
<BR>[Calls]<UL><LI><a href="#[34d]">&gt;&gt;</a>&nbsp;&nbsp;&nbsp;strlen
<LI><a href="#[402]">&gt;&gt;</a>&nbsp;&nbsp;&nbsp;token_spec_number
<LI><a href="#[400]">&gt;&gt;</a>&nbsp;&nbsp;&nbsp;token_next_char
<LI><a href="#[403]">&gt;&gt;</a>&nbsp;&nbsp;&nbsp;token_prev_char
</UL>
<BR>[Called By]<UL><LI><a href="#[40b]">&gt;&gt;</a>&nbsp;&nbsp;&nbsp;token_run
</UL>

<P><STRONG><a name="[404]"></a>token_proc_escape</STRONG> (Thumb, 174 bytes, Stack size 16 bytes, finsh_token.o(.text))
<BR><BR>[Stack]<UL><LI>Max Depth = 32<LI>Call Chain = token_proc_escape &rArr; token_next_char &rArr; strlen
</UL>
<BR>[Calls]<UL><LI><a href="#[400]">&gt;&gt;</a>&nbsp;&nbsp;&nbsp;token_next_char
<LI><a href="#[403]">&gt;&gt;</a>&nbsp;&nbsp;&nbsp;token_prev_char
</UL>
<BR>[Called By]<UL><LI><a href="#[405]">&gt;&gt;</a>&nbsp;&nbsp;&nbsp;token_proc_string
</UL>

<P><STRONG><a name="[405]"></a>token_proc_string</STRONG> (Thumb, 80 bytes, Stack size 16 bytes, finsh_token.o(.text))
<BR><BR>[Stack]<UL><LI>Max Depth = 48<LI>Call Chain = token_proc_string &rArr; token_proc_escape &rArr; token_next_char &rArr; strlen
</UL>
<BR>[Calls]<UL><LI><a href="#[404]">&gt;&gt;</a>&nbsp;&nbsp;&nbsp;token_proc_escape
<LI><a href="#[400]">&gt;&gt;</a>&nbsp;&nbsp;&nbsp;token_next_char
<LI><a href="#[3cd]">&gt;&gt;</a>&nbsp;&nbsp;&nbsp;finsh_error_set
</UL>
<BR>[Called By]<UL><LI><a href="#[40b]">&gt;&gt;</a>&nbsp;&nbsp;&nbsp;token_run
</UL>

<P><STRONG><a name="[406]"></a>token_proc_char</STRONG> (Thumb, 162 bytes, Stack size 24 bytes, finsh_token.o(.text))
<BR><BR>[Stack]<UL><LI>Max Depth = 112<LI>Call Chain = token_proc_char &rArr; atoi &rArr; strtol &rArr; _strtoul
</UL>
<BR>[Calls]<UL><LI><a href="#[407]">&gt;&gt;</a>&nbsp;&nbsp;&nbsp;atoi
<LI><a href="#[400]">&gt;&gt;</a>&nbsp;&nbsp;&nbsp;token_next_char
<LI><a href="#[403]">&gt;&gt;</a>&nbsp;&nbsp;&nbsp;token_prev_char
<LI><a href="#[3cd]">&gt;&gt;</a>&nbsp;&nbsp;&nbsp;finsh_error_set
</UL>
<BR>[Called By]<UL><LI><a href="#[40b]">&gt;&gt;</a>&nbsp;&nbsp;&nbsp;token_run
</UL>

<P><STRONG><a name="[408]"></a>token_match_name</STRONG> (Thumb, 48 bytes, Stack size 16 bytes, finsh_token.o(.text))
<BR><BR>[Stack]<UL><LI>Max Depth = 16<LI>Call Chain = token_match_name
</UL>
<BR>[Calls]<UL><LI><a href="#[350]">&gt;&gt;</a>&nbsp;&nbsp;&nbsp;strcmp
</UL>
<BR>[Called By]<UL><LI><a href="#[40b]">&gt;&gt;</a>&nbsp;&nbsp;&nbsp;token_run
</UL>

<P><STRONG><a name="[40a]"></a>token_trim_space</STRONG> (Thumb, 34 bytes, Stack size 16 bytes, finsh_token.o(.text))
<BR><BR>[Stack]<UL><LI>Max Depth = 32<LI>Call Chain = token_trim_space &rArr; token_next_char &rArr; strlen
</UL>
<BR>[Calls]<UL><LI><a href="#[400]">&gt;&gt;</a>&nbsp;&nbsp;&nbsp;token_next_char
<LI><a href="#[403]">&gt;&gt;</a>&nbsp;&nbsp;&nbsp;token_prev_char
</UL>
<BR>[Called By]<UL><LI><a href="#[40b]">&gt;&gt;</a>&nbsp;&nbsp;&nbsp;token_run
</UL>

<P><STRONG><a name="[40b]"></a>token_run</STRONG> (Thumb, 414 bytes, Stack size 16 bytes, finsh_token.o(.text))
<BR><BR>[Stack]<UL><LI>Max Depth = 216<LI>Call Chain = token_run &rArr; token_proc_number &rArr; token_spec_number
</UL>
<BR>[Calls]<UL><LI><a href="#[409]">&gt;&gt;</a>&nbsp;&nbsp;&nbsp;token_get_string
<LI><a href="#[40a]">&gt;&gt;</a>&nbsp;&nbsp;&nbsp;token_trim_space
<LI><a href="#[408]">&gt;&gt;</a>&nbsp;&nbsp;&nbsp;token_match_name
<LI><a href="#[406]">&gt;&gt;</a>&nbsp;&nbsp;&nbsp;token_proc_char
<LI><a href="#[405]">&gt;&gt;</a>&nbsp;&nbsp;&nbsp;token_proc_string
<LI><a href="#[401]">&gt;&gt;</a>&nbsp;&nbsp;&nbsp;token_proc_number
<LI><a href="#[400]">&gt;&gt;</a>&nbsp;&nbsp;&nbsp;token_next_char
<LI><a href="#[403]">&gt;&gt;</a>&nbsp;&nbsp;&nbsp;token_prev_char
<LI><a href="#[3cd]">&gt;&gt;</a>&nbsp;&nbsp;&nbsp;finsh_error_set
</UL>
<BR>[Called By]<UL><LI><a href="#[3ed]">&gt;&gt;</a>&nbsp;&nbsp;&nbsp;finsh_token_token
</UL>

<P><STRONG><a name="[8c]"></a>finsh_rx_ind</STRONG> (Thumb, 52 bytes, Stack size 16 bytes, shell.o(.text))
<BR><BR>[Stack]<UL><LI>Max Depth = 288<LI>Call Chain = finsh_rx_ind &rArr; rt_sem_release &rArr; rt_schedule &rArr; _rt_scheduler_stack_check &rArr; list_thread &rArr; _list_thread &rArr; rt_kprintf &rArr; rt_device_write &rArr;  rt_kprintf (Cycle)
</UL>
<BR>[Calls]<UL><LI><a href="#[117]">&gt;&gt;</a>&nbsp;&nbsp;&nbsp;rt_sem_release
<LI><a href="#[152]">&gt;&gt;</a>&nbsp;&nbsp;&nbsp;rt_kprintf
</UL>
<BR>[Address Reference Count : 1]<UL><LI> shell.o(.text)
</UL>
<P><STRONG><a name="[db]"></a>rti_start</STRONG> (Thumb, 4 bytes, Stack size 0 bytes, components.o(.text))
<BR>[Address Reference Count : 1]<UL><LI> components.o(.rti_fn.0)
</UL>
<P><STRONG><a name="[de]"></a>rti_board_end</STRONG> (Thumb, 4 bytes, Stack size 0 bytes, components.o(.text))
<BR>[Address Reference Count : 1]<UL><LI> components.o(.rti_fn.1.post)
</UL>
<P><STRONG><a name="[e7]"></a>rti_end</STRONG> (Thumb, 4 bytes, Stack size 0 bytes, components.o(.text))
<BR>[Address Reference Count : 1]<UL><LI> components.o(.rti_fn.7)
</UL>
<P><STRONG><a name="[429]"></a>_tm_carry</STRONG> (Thumb, 62 bytes, Stack size 8 bytes, mktime.o(.text))
<BR><BR>[Stack]<UL><LI>Max Depth = 8<LI>Call Chain = _tm_carry
</UL>
<BR>[Called By]<UL><LI><a href="#[260]">&gt;&gt;</a>&nbsp;&nbsp;&nbsp;mktime
</UL>

<P><STRONG><a name="[8f]"></a>_printf_input_char</STRONG> (Thumb, 10 bytes, Stack size 0 bytes, _printf_char_common.o(.text))
<BR>[Address Reference Count : 1]<UL><LI> _printf_char_common.o(.text)
</UL>
<P><STRONG><a name="[441]"></a>_fp_digits</STRONG> (Thumb, 428 bytes, Stack size 96 bytes, _printf_fp_dec.o(.text))
<BR><BR>[Stack]<UL><LI>Max Depth = 216<LI>Call Chain = _fp_digits &rArr; _btod_etento &rArr; _btod_emul &rArr; _e2e
</UL>
<BR>[Calls]<UL><LI><a href="#[445]">&gt;&gt;</a>&nbsp;&nbsp;&nbsp;_btod_emul
<LI><a href="#[444]">&gt;&gt;</a>&nbsp;&nbsp;&nbsp;_btod_ediv
<LI><a href="#[443]">&gt;&gt;</a>&nbsp;&nbsp;&nbsp;_btod_d2e
<LI><a href="#[442]">&gt;&gt;</a>&nbsp;&nbsp;&nbsp;_btod_etento
<LI><a href="#[43c]">&gt;&gt;</a>&nbsp;&nbsp;&nbsp;_ll_udiv10
</UL>
<BR>[Called By]<UL><LI><a href="#[446]">&gt;&gt;</a>&nbsp;&nbsp;&nbsp;_printf_fp_dec_real
</UL>
<P>
<H3>
Undefined Global Symbols
</H3><HR></body></html>
