Component: ARM Compiler 5.06 update 1 (build 61) Tool: armlink [4d35a8]

==============================================================================

Section Cross References

    application.o(.text) refers to platform.o(.text) for rt_platform_init
    application.o(.text) refers to components.o(.text) for rt_components_init
    application.o(.text) refers to thread.o(.text) for rt_thread_create
    mnttable.o(.constdata) refers to mnttable.o(.conststring) for .conststring
    startup.o(.text) refers to kservice.o(.text) for rt_kprintf
    startup.o(.text) refers to board.o(.text) for rt_hw_board_init
    startup.o(.text) refers to mem.o(.text) for rt_system_heap_init
    startup.o(.text) refers to scheduler.o(.text) for rt_system_scheduler_init
    startup.o(.text) refers to timer.o(.text) for rt_system_timer_thread_init
    startup.o(.text) refers to application.o(.text) for rt_application_init
    startup.o(.text) refers to idle.o(.text) for rt_thread_idle_init
    startup.o(.text) refers to context_rvds.o(.text) for rt_hw_interrupt_disable
    board.o(.text) refers to misc.o(.text) for NVIC_SetVectorTable
    board.o(.text) refers to irq.o(.text) for rt_interrupt_enter
    board.o(.text) refers to clock.o(.text) for rt_tick_increase
    board.o(.text) refers to stm32f4xx_rcc.o(.text) for RCC_AHB1PeriphClockCmd
    board.o(.text) refers to stm32f4xx_gpio.o(.text) for GPIO_PinAFConfig
    board.o(.text) refers to components.o(.text) for rt_components_board_init
    board.o(.text) refers to kservice.o(.text) for rt_console_set_device
    board.o(.text) refers to system_stm32f4xx.o(.data) for SystemCoreClock
    board.o(FSymTab) refers to board.o(.constdata) for __fsym_reset_name
    board.o(FSymTab) refers to board.o(.text) for reset
    platform.o(.text) refers to stm32f4xx_rcc.o(.text) for RCC_AHB1PeriphClockCmd
    platform.o(.text) refers to stm32f4xx_gpio.o(.text) for GPIO_Init
    platform.o(.text) refers to stm32f20x_40x_spi.o(.text) for stm32_spi_register
    platform.o(.text) refers to spi_core.o(.text) for rt_spi_bus_attach_device
    platform.o(.text) refers to spi_flash_w25qxx.o(.text) for w25qxx_init
    platform.o(.text) refers to sdio_sd.o(.text) for rt_hw_sdcard_init
    platform.o(.text) refers to thread.o(.text) for rt_thread_delay
    platform.o(.text) refers to device.o(.text) for rt_device_init_all
    platform.o(.text) refers to platform.o(.bss) for stm32_spi
    platform.o(.text) refers to platform.o(.data) for spi_cs
    platform.o(.rti_fn.1) refers to platform.o(.text) for rt_hw_spi2_init
    usart.o(.text) refers to kservice.o(.text) for rt_kprintf
    usart.o(.text) refers to stm32f4xx_usart.o(.text) for USART_Init
    usart.o(.text) refers to irq.o(.text) for rt_interrupt_enter
    usart.o(.text) refers to serial.o(.text) for rt_hw_serial_isr
    usart.o(.text) refers to stm32f4xx_rcc.o(.text) for RCC_AHB1PeriphClockCmd
    usart.o(.text) refers to stm32f4xx_gpio.o(.text) for GPIO_Init
    usart.o(.text) refers to misc.o(.text) for NVIC_Init
    usart.o(.text) refers to usart.o(.constdata) for __FUNCTION__
    usart.o(.text) refers to usart.o(.data) for uart3
    usart.o(.text) refers to usart.o(.bss) for serial3
    usart.o(.constdata) refers to usart.o(.text) for stm32_configure
    usart.o(.rti_fn.1) refers to usart.o(.text) for rt_hw_usart_init
    stm32f4xx_it.o(.text) refers to stm32f4xx_exti.o(.text) for EXTI_GetITStatus
    sdio_sd.o(.text) refers to stm32f4xx_sdio.o(.text) for SDIO_ClockCmd
    sdio_sd.o(.text) refers to stm32f4xx_rcc.o(.text) for RCC_APB2PeriphClockCmd
    sdio_sd.o(.text) refers to stm32f4xx_gpio.o(.text) for GPIO_PinAFConfig
    sdio_sd.o(.text) refers to stm32f4xx_dma.o(.text) for DMA_ClearFlag
    sdio_sd.o(.text) refers to sdio_sd.o(.bss) for SDIO_CmdInitStructure
    sdio_sd.o(.text) refers to sdio_sd.o(.data) for RCA
    sdio_sd.o(.text) refers to ipc.o(.text) for rt_sem_init
    sdio_sd.o(.text) refers to kservice.o(.text) for rt_kprintf
    sdio_sd.o(.text) refers to rt_memcpy_v6.o(.text) for __aeabi_memcpy
    sdio_sd.o(.text) refers to misc.o(.text) for NVIC_Init
    sdio_sd.o(.text) refers to device.o(.text) for rt_device_register
    sdio_sd.o(.text) refers to irq.o(.text) for rt_interrupt_enter
    sdio_sd.o(.text) refers to sdio_sd.o(.constdata) for __FUNCTION__
    stm32f20x_40x_spi.o(.text) refers to stm32f4xx_spi.o(.text) for SPI_StructInit
    stm32f20x_40x_spi.o(.text) refers to stm32f4xx_gpio.o(.text) for GPIO_ResetBits
    stm32f20x_40x_spi.o(.text) refers to stm32f4xx_rcc.o(.text) for RCC_APB2PeriphClockCmd
    stm32f20x_40x_spi.o(.text) refers to spi_core.o(.text) for rt_spi_bus_register
    stm32f20x_40x_spi.o(.text) refers to system_stm32f4xx.o(.data) for SystemCoreClock
    stm32f20x_40x_spi.o(.text) refers to stm32f20x_40x_spi.o(.data) for stm32_spi_ops
    stm32f20x_40x_spi.o(.data) refers to stm32f20x_40x_spi.o(.text) for configure
    spi_flash_w25qxx.o(.text) refers to ipc.o(.text) for rt_mutex_take
[...]
    __rtmsym_rt_event_create_name            0x0801f7a5   Data          16  ipc.o(.constdata)
    __rtmsym_rt_event_delete_name            0x0801f7b5   Data          16  ipc.o(.constdata)
    __rtmsym_rt_event_send_name              0x0801f7c5   Data          14  ipc.o(.constdata)
    __rtmsym_rt_event_recv_name              0x0801f7d3   Data          14  ipc.o(.constdata)
    __rtmsym_rt_event_control_name           0x0801f7e1   Data          17  ipc.o(.constdata)
    __rtmsym_rt_mb_init_name                 0x0801f7f2   Data          11  ipc.o(.constdata)
    __rtmsym_rt_mb_detach_name               0x0801f7fd   Data          13  ipc.o(.constdata)
    __rtmsym_rt_mb_create_name               0x0801f80a   Data          13  ipc.o(.constdata)
    __rtmsym_rt_mb_delete_name               0x0801f817   Data          13  ipc.o(.constdata)
    __rtmsym_rt_mb_send_wait_name            0x0801f824   Data          16  ipc.o(.constdata)
    __rtmsym_rt_mb_send_name                 0x0801f834   Data          11  ipc.o(.constdata)
    __rtmsym_rt_mb_recv_name                 0x0801f83f   Data          11  ipc.o(.constdata)
    __rtmsym_rt_mb_control_name              0x0801f84a   Data          14  ipc.o(.constdata)
    __rtmsym_rt_mq_init_name                 0x0801f858   Data          11  ipc.o(.constdata)
    __rtmsym_rt_mq_detach_name               0x0801f863   Data          13  ipc.o(.constdata)
    __rtmsym_rt_mq_create_name               0x0801f870   Data          13  ipc.o(.constdata)
    __rtmsym_rt_mq_delete_name               0x0801f87d   Data          13  ipc.o(.constdata)
    __rtmsym_rt_mq_send_name                 0x0801f88a   Data          11  ipc.o(.constdata)
    __rtmsym_rt_mq_urgent_name               0x0801f895   Data          13  ipc.o(.constdata)
    __rtmsym_rt_mq_recv_name                 0x0801f8a2   Data          11  ipc.o(.constdata)
    __rtmsym_rt_mq_control_name              0x0801f8ad   Data          14  ipc.o(.constdata)
    __rtmsym_rt_interrupt_enter_name         0x0801fa81   Data          19  irq.o(.constdata)
    __rtmsym_rt_interrupt_leave_name         0x0801fa94   Data          19  irq.o(.constdata)
    __rtmsym_rt_interrupt_get_nest_name      0x0801faa7   Data          22  irq.o(.constdata)
    __rtmsym_rt_hw_interrupt_disable_name    0x0801fabd   Data          24  irq.o(.constdata)
    __rtmsym_rt_hw_interrupt_enable_name     0x0801fad5   Data          23  irq.o(.constdata)
    __rtmsym_rt_get_errno_name               0x0801faec   Data          13  kservice.o(.constdata)
    __rtmsym_rt_set_errno_name               0x0801faf9   Data          13  kservice.o(.constdata)
    __rtmsym__rt_errno_name                  0x0801fb06   Data          10  kservice.o(.constdata)
    __rtmsym_rt_memset_name                  0x0801fb10   Data          10  kservice.o(.constdata)
    __rtmsym_rt_memcpy_name                  0x0801fb1a   Data          10  kservice.o(.constdata)
    __rtmsym_rt_memmove_name                 0x0801fb24   Data          11  kservice.o(.constdata)
    __rtmsym_rt_memcmp_name                  0x0801fb2f   Data          10  kservice.o(.constdata)
    __rtmsym_rt_strstr_name                  0x0801fb39   Data          10  kservice.o(.constdata)
    __rtmsym_rt_strcasecmp_name              0x0801fb43   Data          14  kservice.o(.constdata)
    __rtmsym_rt_strncpy_name                 0x0801fb51   Data          11  kservice.o(.constdata)
    __rtmsym_rt_strncmp_name                 0x0801fb5c   Data          11  kservice.o(.constdata)
    __rtmsym_rt_strcmp_name                  0x0801fb67   Data          10  kservice.o(.constdata)
    __rtmsym_rt_strlen_name                  0x0801fb71   Data          10  kservice.o(.constdata)
    __rtmsym_rt_strdup_name                  0x0801fb7b   Data          10  kservice.o(.constdata)
    __rtmsym_rt_show_version_name            0x0801fb85   Data          16  kservice.o(.constdata)
    __rtmsym_rt_vsnprintf_name               0x0801fb95   Data          13  kservice.o(.constdata)
    __rtmsym_rt_snprintf_name                0x0801fba2   Data          12  kservice.o(.constdata)
    __rtmsym_rt_vsprintf_name                0x0801fbae   Data          12  kservice.o(.constdata)
    __rtmsym_rt_sprintf_name                 0x0801fbba   Data          11  kservice.o(.constdata)
    __rtmsym_rt_console_get_device_name      0x0801fbc5   Data          22  kservice.o(.constdata)
    __rtmsym_rt_console_set_device_name      0x0801fbdb   Data          22  kservice.o(.constdata)
    __rtmsym_rt_hw_console_output_name       0x0801fbf1   Data          21  kservice.o(.constdata)
    __rtmsym_rt_kprintf_name                 0x0801fc06   Data          11  kservice.o(.constdata)
    __rtmsym_rt_malloc_align_name            0x0801fc11   Data          16  kservice.o(.constdata)
    __rtmsym_rt_free_align_name              0x0801fc21   Data          14  kservice.o(.constdata)
    __lowest_bit_bitmap                      0x0801fc2f   Data         256  kservice.o(.constdata)
    __rtmsym_rt_malloc_name                  0x0801fd51   Data          10  mem.o(.constdata)
    __rtmsym_rt_realloc_name                 0x0801fd5b   Data          11  mem.o(.constdata)
    __rtmsym_rt_calloc_name                  0x0801fd66   Data          10  mem.o(.constdata)
    __rtmsym_rt_free_name                    0x0801fd70   Data           8  mem.o(.constdata)
    __fsym_list_mem_name                     0x0801fd78   Data           9  mem.o(.constdata)
    __fsym_list_mem_desc                     0x0801fd81   Data          30  mem.o(.constdata)
    __rtmsym_rt_memheap_init_name            0x0801fde5   Data          16  memheap.o(.constdata)
    __rtmsym_rt_memheap_detach_name          0x0801fdf5   Data          18  memheap.o(.constdata)
    __rtmsym_rt_memheap_alloc_name           0x0801fe07   Data          17  memheap.o(.constdata)
    __rtmsym_rt_memheap_realloc_name         0x0801fe18   Data          19  memheap.o(.constdata)
    __rtmsym_rt_memheap_free_name            0x0801fe2b   Data          16  memheap.o(.constdata)
    __rtmsym_rt_mp_init_name                 0x0801fe91   Data          11  mempool.o(.constdata)
    __rtmsym_rt_mp_detach_name               0x0801fe9c   Data          13  mempool.o(.constdata)
    __rtmsym_rt_mp_create_name               0x0801fea9   Data          13  mempool.o(.constdata)
    __rtmsym_rt_mp_delete_name               0x0801feb6   Data          13  mempool.o(.constdata)
    __rtmsym_rt_mp_alloc_name                0x0801fec3   Data          12  mempool.o(.constdata)
    __rtmsym_rt_mp_free_name                 0x0801fecf   Data          11  mempool.o(.constdata)
    __fsym_exec_name                         0x0801ff18   Data           5  module.o(.constdata)
    __fsym_exec_desc                         0x0801ff1d   Data          24  module.o(.constdata)
    __rtmsym_rt_object_get_information_name  0x0801ffb9   Data          26  object.o(.constdata)
    __rtmsym_rt_thread_init_name             0x0802007f   Data          15  thread.o(.constdata)
    __rtmsym_rt_thread_self_name             0x0802008e   Data          15  thread.o(.constdata)
    __rtmsym_rt_thread_startup_name          0x0802009d   Data          18  thread.o(.constdata)
    __rtmsym_rt_thread_detach_name           0x080200af   Data          17  thread.o(.constdata)
    __rtmsym_rt_thread_create_name           0x080200c0   Data          17  thread.o(.constdata)
    __rtmsym_rt_thread_delete_name           0x080200d1   Data          17  thread.o(.constdata)
    __rtmsym_rt_thread_yield_name            0x080200e2   Data          16  thread.o(.constdata)
    __rtmsym_rt_thread_delay_name            0x080200f2   Data          16  thread.o(.constdata)
    __rtmsym_rt_thread_control_name          0x08020102   Data          18  thread.o(.constdata)
    __rtmsym_rt_thread_suspend_name          0x08020114   Data          18  thread.o(.constdata)
    __rtmsym_rt_thread_resume_name           0x08020126   Data          17  thread.o(.constdata)
    __rtmsym_rt_thread_timeout_name          0x08020137   Data          18  thread.o(.constdata)
    __rtmsym_rt_thread_find_name             0x08020149   Data          15  thread.o(.constdata)
    __rtmsym_rt_timer_init_name              0x08020202   Data          14  timer.o(.constdata)
    __rtmsym_rt_timer_detach_name            0x08020210   Data          16  timer.o(.constdata)
    __rtmsym_rt_timer_create_name            0x08020220   Data          16  timer.o(.constdata)
    __rtmsym_rt_timer_delete_name            0x08020230   Data          16  timer.o(.constdata)
    __rtmsym_rt_timer_start_name             0x08020240   Data          15  timer.o(.constdata)
    __rtmsym_rt_timer_stop_name              0x0802024f   Data          14  timer.o(.constdata)
    __rtmsym_rt_timer_control_name           0x0802025d   Data          17  timer.o(.constdata)
    __fsym_mkfs_name                         0x08020300   Data           5  dfs_fs.o(.constdata)
    __fsym_mkfs_desc                         0x08020305   Data          19  dfs_fs.o(.constdata)
    __fsym_df_name                           0x08020318   Data           3  dfs_fs.o(.constdata)
    __fsym_df_desc                           0x0802031b   Data          14  dfs_fs.o(.constdata)
    __fsym_ls_name                           0x08020346   Data           3  dfs_file.o(.constdata)
    __fsym_ls_desc                           0x08020349   Data          24  dfs_file.o(.constdata)
    __fsym_rm_name                           0x08020361   Data           3  dfs_file.o(.constdata)
    __fsym_rm_desc                           0x08020364   Data          28  dfs_file.o(.constdata)
    __fsym_cat_name                          0x08020380   Data           4  dfs_file.o(.constdata)
    __fsym_cat_desc                          0x08020384   Data          11  dfs_file.o(.constdata)
    __fsym_copy_name                         0x0802038f   Data           5  dfs_file.o(.constdata)
    __fsym_copy_desc                         0x08020394   Data          37  dfs_file.o(.constdata)
    __rtmsym_open_name                       0x080203b9   Data           5  dfs_posix.o(.constdata)
    __rtmsym_close_name                      0x080203be   Data           6  dfs_posix.o(.constdata)
    __rtmsym_read_name                       0x080203c4   Data           5  dfs_posix.o(.constdata)
    __rtmsym_write_name                      0x080203c9   Data           6  dfs_posix.o(.constdata)
    __rtmsym_lseek_name                      0x080203cf   Data           6  dfs_posix.o(.constdata)
    __rtmsym_rename_name                     0x080203d5   Data           7  dfs_posix.o(.constdata)
    __rtmsym_unlink_name                     0x080203dc   Data           7  dfs_posix.o(.constdata)
    __rtmsym_stat_name                       0x080203e3   Data           5  dfs_posix.o(.constdata)
    __rtmsym_fstat_name                      0x080203e8   Data           6  dfs_posix.o(.constdata)
    __rtmsym_statfs_name                     0x080203ee   Data           7  dfs_posix.o(.constdata)
    __rtmsym_mkdir_name                      0x080203f5   Data           6  dfs_posix.o(.constdata)
    __fsym_mkdir_name                        0x080203fb   Data           6  dfs_posix.o(.constdata)
    __fsym_mkdir_desc                        0x08020401   Data          19  dfs_posix.o(.constdata)
    __rtmsym_rmdir_name                      0x08020414   Data           6  dfs_posix.o(.constdata)
    __rtmsym_opendir_name                    0x0802041a   Data           8  dfs_posix.o(.constdata)
    __rtmsym_readdir_name                    0x08020422   Data           8  dfs_posix.o(.constdata)
    __rtmsym_telldir_name                    0x0802042a   Data           8  dfs_posix.o(.constdata)
    __rtmsym_seekdir_name                    0x08020432   Data           8  dfs_posix.o(.constdata)
    __rtmsym_rewinddir_name                  0x0802043a   Data          10  dfs_posix.o(.constdata)
    __rtmsym_closedir_name                   0x08020444   Data           9  dfs_posix.o(.constdata)
    __rtmsym_chdir_name                      0x0802044d   Data           6  dfs_posix.o(.constdata)
    __fsym_cd_name                           0x08020453   Data           3  dfs_posix.o(.constdata)
    __fsym_cd_desc                           0x08020456   Data          33  dfs_posix.o(.constdata)
    __rtmsym_getcwd_name                     0x08020477   Data           7  dfs_posix.o(.constdata)
    __fsym_list_date_name                    0x080209de   Data          10  rtc.o(.constdata)
    __fsym_list_date_desc                    0x080209e8   Data          20  rtc.o(.constdata)
    __fsym_set_date_name                     0x080209fc   Data           9  rtc.o(.constdata)
    __fsym_set_date_desc                     0x08020a05   Data          35  rtc.o(.constdata)
    __fsym_set_time_name                     0x08020a28   Data           9  rtc.o(.constdata)
    __fsym_set_time_desc                     0x08020a31   Data          34  rtc.o(.constdata)
    __rtmsym_rt_data_queue_init_name         0x08020c55   Data          19  dataqueue.o(.constdata)
    __rtmsym_rt_data_queue_push_name         0x08020c68   Data          19  dataqueue.o(.constdata)
    __rtmsym_rt_data_queue_pop_name          0x08020c7b   Data          18  dataqueue.o(.constdata)
    __rtmsym_rt_data_queue_peak_name         0x08020c8d   Data          19  dataqueue.o(.constdata)
    __rtmsym_rt_data_queue_reset_name        0x08020ca0   Data          20  dataqueue.o(.constdata)
    __rtmsym_rt_pipe_init_name               0x08020cff   Data          13  pipe.o(.constdata)
    __rtmsym_rt_pipe_detach_name             0x08020d0c   Data          15  pipe.o(.constdata)
    __rtmsym_rt_pipe_create_name             0x08020d1b   Data          15  pipe.o(.constdata)
    __rtmsym_rt_pipe_destroy_name            0x08020d2a   Data          16  pipe.o(.constdata)
    __rtmsym_rt_portal_init_name             0x08020d90   Data          15  portal.o(.constdata)
    __rtmsym_rt_portal_detach_name           0x08020d9f   Data          17  portal.o(.constdata)
    __rtmsym_rt_portal_create_name           0x08020db0   Data          17  portal.o(.constdata)
    __rtmsym_rt_portal_destroy_name          0x08020dc1   Data          18  portal.o(.constdata)
    __rtmsym_rt_ringbuffer_init_name         0x08020e32   Data          19  ringbuffer.o(.constdata)
    __rtmsym_rt_ringbuffer_put_name          0x08020e45   Data          18  ringbuffer.o(.constdata)
    __rtmsym_rt_ringbuffer_put_force_name    0x08020e57   Data          24  ringbuffer.o(.constdata)
    __rtmsym_rt_ringbuffer_get_name          0x08020e6f   Data          18  ringbuffer.o(.constdata)
    __rtmsym_rt_ringbuffer_putchar_name      0x08020e81   Data          22  ringbuffer.o(.constdata)
    __rtmsym_rt_ringbuffer_putchar_force_name 0x08020e97   Data          28  ringbuffer.o(.constdata)
    __rtmsym_rt_ringbuffer_getchar_name      0x08020eb3   Data          22  ringbuffer.o(.constdata)
    __fsym_hello_name                        0x08020f60   Data           6  cmd.o(.constdata)
    __fsym_hello_desc                        0x08020f66   Data          16  cmd.o(.constdata)
    __fsym_version_name                      0x08020f76   Data           8  cmd.o(.constdata)
    __fsym_version_desc                      0x08020f7e   Data          35  cmd.o(.constdata)
    __fsym_list_thread_name                  0x08020fa1   Data          12  cmd.o(.constdata)
    __fsym_list_thread_desc                  0x08020fad   Data          12  cmd.o(.constdata)
    __fsym_list_sem_name                     0x08020fb9   Data           9  cmd.o(.constdata)
    __fsym_list_sem_desc                     0x08020fc2   Data          25  cmd.o(.constdata)
    __fsym_list_event_name                   0x08020fdb   Data          11  cmd.o(.constdata)
    __fsym_list_event_desc                   0x08020fe6   Data          21  cmd.o(.constdata)
    __fsym_list_mutex_name                   0x08020ffb   Data          11  cmd.o(.constdata)
    __fsym_list_mutex_desc                   0x08021006   Data          21  cmd.o(.constdata)
    __fsym_list_mailbox_name                 0x0802101b   Data          13  cmd.o(.constdata)
    __fsym_list_mailbox_desc                 0x08021028   Data          24  cmd.o(.constdata)
    __fsym_list_msgqueue_name                0x08021040   Data          14  cmd.o(.constdata)
    __fsym_list_msgqueue_desc                0x0802104e   Data          29  cmd.o(.constdata)
    __fsym_list_memheap_name                 0x0802106b   Data          13  cmd.o(.constdata)
    __fsym_list_memheap_desc                 0x08021078   Data          27  cmd.o(.constdata)
    __fsym_list_mempool_name                 0x08021093   Data          13  cmd.o(.constdata)
    __fsym_list_mempool_desc                 0x080210a0   Data          27  cmd.o(.constdata)
    __fsym_list_timer_name                   0x080210bb   Data          11  cmd.o(.constdata)
    __fsym_list_timer_desc                   0x080210c6   Data          21  cmd.o(.constdata)
    __fsym_list_device_name                  0x080210db   Data          12  cmd.o(.constdata)
    __fsym_list_device_desc                  0x080210e7   Data          22  cmd.o(.constdata)
    __fsym_list_module_name                  0x080210fd   Data          12  cmd.o(.constdata)
    __fsym_list_module_desc                  0x08021109   Data          22  cmd.o(.constdata)
    __fsym_list_mod_detail_name              0x0802111f   Data          16  cmd.o(.constdata)
    __fsym_list_mod_detail_desc              0x0802112f   Data          30  cmd.o(.constdata)
    __fsym_list_name                         0x0802114d   Data           5  cmd.o(.constdata)
    __fsym_list_desc                         0x08021152   Data          26  cmd.o(.constdata)
    __vsym_dummy_name                        0x0802116c   Data           6  cmd.o(.constdata)
    __vsym_dummy_desc                        0x08021172   Data          25  cmd.o(.constdata)
    op_table                                 0x080211d8   Data         196  finsh_ops.o(.constdata)
    _monlen                                  0x08021329   Data          12  _monlen.o(.constdata)
    __rt_init_rti_start                      0x08021ad0   Data           4  components.o(.rti_fn.0)
    __rt_init_rt_hw_spi2_init                0x08021ad4   Data           4  platform.o(.rti_fn.1)
    __rt_init_rt_hw_usart_init               0x08021ad8   Data           4  usart.o(.rti_fn.1)
    __rt_init_rti_board_end                  0x08021adc   Data           4  components.o(.rti_fn.1.post)
    __rt_init_rt_hw_rtc_init                 0x08021ae0   Data           4  stm32f4_rtc.o(.rti_fn.2)
    __rt_init_rt_system_module_init          0x08021ae4   Data           4  module.o(.rti_fn.3)
    __rt_init_dfs_init                       0x08021ae8   Data           4  dfs.o(.rti_fn.3)
    __rt_init_finsh_system_init              0x08021aec   Data           4  shell.o(.rti_fn.3)
    __rt_init_elm_init                       0x08021af0   Data           4  dfs_elm.o(.rti_fn.4)
    __rt_init_devfs_init                     0x08021af4   Data           4  devfs.o(.rti_fn.4)
    __rt_init_dfs_mount_table                0x08021af8   Data           4  dfs_fs.o(.rti_fn.5)
    __rt_init_ff_convert_init                0x08021afc   Data           4  ccfile.o(.rti_fn.6)
    __rt_init_rti_end                        0x08021b00   Data           4  components.o(.rti_fn.7)
    FSymTab$$Base                            0x08021b04   Number         0  board.o(FSymTab)
    __fsym_reset                             0x08021b04   Data          12  board.o(FSymTab)
    __fsym_list_mem                          0x08021b10   Data          12  mem.o(FSymTab)
    __fsym_exec                              0x08021b1c   Data          12  module.o(FSymTab)
    __fsym_mkfs                              0x08021b28   Data          12  dfs_fs.o(FSymTab)
    __fsym_df                                0x08021b34   Data          12  dfs_fs.o(FSymTab)
    __fsym_ls                                0x08021b40   Data          12  dfs_file.o(FSymTab)
    __fsym_rm                                0x08021b4c   Data          12  dfs_file.o(FSymTab)
    __fsym_cat                               0x08021b58   Data          12  dfs_file.o(FSymTab)
    __fsym_copy                              0x08021b64   Data          12  dfs_file.o(FSymTab)
    __fsym_mkdir                             0x08021b70   Data          12  dfs_posix.o(FSymTab)
    __fsym_cd                                0x08021b7c   Data          12  dfs_posix.o(FSymTab)
    __fsym_list_date                         0x08021b88   Data          12  rtc.o(FSymTab)
    __fsym_set_date                          0x08021b94   Data          12  rtc.o(FSymTab)
    __fsym_set_time                          0x08021ba0   Data          12  rtc.o(FSymTab)
    __fsym_hello                             0x08021bac   Data          12  cmd.o(FSymTab)
    __fsym_version                           0x08021bb8   Data          12  cmd.o(FSymTab)
    __fsym_list_thread                       0x08021bc4   Data          12  cmd.o(FSymTab)
    __fsym_list_sem                          0x08021bd0   Data          12  cmd.o(FSymTab)
    __fsym_list_event                        0x08021bdc   Data          12  cmd.o(FSymTab)
    __fsym_list_mutex                        0x08021be8   Data          12  cmd.o(FSymTab)
    __fsym_list_mailbox                      0x08021bf4   Data          12  cmd.o(FSymTab)
    __fsym_list_msgqueue                     0x08021c00   Data          12  cmd.o(FSymTab)
    __fsym_list_memheap                      0x08021c0c   Data          12  cmd.o(FSymTab)
    __fsym_list_mempool                      0x08021c18   Data          12  cmd.o(FSymTab)
    __fsym_list_timer                        0x08021c24   Data          12  cmd.o(FSymTab)
    __fsym_list_device                       0x08021c30   Data          12  cmd.o(FSymTab)
    __fsym_list_module                       0x08021c3c   Data          12  cmd.o(FSymTab)
    __fsym_list_mod_detail                   0x08021c48   Data          12  cmd.o(FSymTab)
    __fsym_list                              0x08021c54   Data          12  cmd.o(FSymTab)
    FSymTab$$Limit                           0x08021c60   Number         0  cmd.o(FSymTab)
    RTMSymTab$$Base                          0x08021c60   Number         0  clock.o(RTMSymTab)
    __rtmsym_rt_tick_get                     0x08021c60   Data           8  clock.o(RTMSymTab)
    __rtmsym_rt_tick_from_millisecond        0x08021c68   Data           8  clock.o(RTMSymTab)
    __rtmsym_rt_device_register              0x08021c70   Data           8  device.o(RTMSymTab)
    __rtmsym_rt_device_unregister            0x08021c78   Data           8  device.o(RTMSymTab)
    __rtmsym_rt_device_find                  0x08021c80   Data           8  device.o(RTMSymTab)
    __rtmsym_rt_device_open                  0x08021c88   Data           8  device.o(RTMSymTab)
    __rtmsym_rt_device_close                 0x08021c90   Data           8  device.o(RTMSymTab)
    __rtmsym_rt_device_read                  0x08021c98   Data           8  device.o(RTMSymTab)
    __rtmsym_rt_device_write                 0x08021ca0   Data           8  device.o(RTMSymTab)
    __rtmsym_rt_device_control               0x08021ca8   Data           8  device.o(RTMSymTab)
    __rtmsym_rt_device_set_rx_indicate       0x08021cb0   Data           8  device.o(RTMSymTab)
    __rtmsym_rt_device_set_tx_complete       0x08021cb8   Data           8  device.o(RTMSymTab)
    __rtmsym_rt_sem_init                     0x08021cc0   Data           8  ipc.o(RTMSymTab)
    __rtmsym_rt_sem_detach                   0x08021cc8   Data           8  ipc.o(RTMSymTab)
    __rtmsym_rt_sem_create                   0x08021cd0   Data           8  ipc.o(RTMSymTab)
    __rtmsym_rt_sem_delete                   0x08021cd8   Data           8  ipc.o(RTMSymTab)
    __rtmsym_rt_sem_take                     0x08021ce0   Data           8  ipc.o(RTMSymTab)
    __rtmsym_rt_sem_trytake                  0x08021ce8   Data           8  ipc.o(RTMSymTab)
    __rtmsym_rt_sem_release                  0x08021cf0   Data           8  ipc.o(RTMSymTab)
    __rtmsym_rt_sem_control                  0x08021cf8   Data           8  ipc.o(RTMSymTab)
    __rtmsym_rt_mutex_init                   0x08021d00   Data           8  ipc.o(RTMSymTab)
    __rtmsym_rt_mutex_detach                 0x08021d08   Data           8  ipc.o(RTMSymTab)
    __rtmsym_rt_mutex_create                 0x08021d10   Data           8  ipc.o(RTMSymTab)
    __rtmsym_rt_mutex_delete                 0x08021d18   Data           8  ipc.o(RTMSymTab)
    __rtmsym_rt_mutex_take                   0x08021d20   Data           8  ipc.o(RTMSymTab)
    __rtmsym_rt_mutex_release                0x08021d28   Data           8  ipc.o(RTMSymTab)
    __rtmsym_rt_mutex_control                0x08021d30   Data           8  ipc.o(RTMSymTab)
    __rtmsym_rt_event_init                   0x08021d38   Data           8  ipc.o(RTMSymTab)
    __rtmsym_rt_event_detach                 0x08021d40   Data           8  ipc.o(RTMSymTab)
    __rtmsym_rt_event_create                 0x08021d48   Data           8  ipc.o(RTMSymTab)
    __rtmsym_rt_event_delete                 0x08021d50   Data           8  ipc.o(RTMSymTab)
    __rtmsym_rt_event_send                   0x08021d58   Data           8  ipc.o(RTMSymTab)
    __rtmsym_rt_event_recv                   0x08021d60   Data           8  ipc.o(RTMSymTab)
    __rtmsym_rt_event_control                0x08021d68   Data           8  ipc.o(RTMSymTab)
    __rtmsym_rt_mb_init                      0x08021d70   Data           8  ipc.o(RTMSymTab)
    __rtmsym_rt_mb_detach                    0x08021d78   Data           8  ipc.o(RTMSymTab)
    __rtmsym_rt_mb_create                    0x08021d80   Data           8  ipc.o(RTMSymTab)
    __rtmsym_rt_mb_delete                    0x08021d88   Data           8  ipc.o(RTMSymTab)
    __rtmsym_rt_mb_send_wait                 0x08021d90   Data           8  ipc.o(RTMSymTab)
    __rtmsym_rt_mb_send                      0x08021d98   Data           8  ipc.o(RTMSymTab)
    __rtmsym_rt_mb_recv                      0x08021da0   Data           8  ipc.o(RTMSymTab)
    __rtmsym_rt_mb_control                   0x08021da8   Data           8  ipc.o(RTMSymTab)
    __rtmsym_rt_mq_init                      0x08021db0   Data           8  ipc.o(RTMSymTab)
    __rtmsym_rt_mq_detach                    0x08021db8   Data           8  ipc.o(RTMSymTab)
    __rtmsym_rt_mq_create                    0x08021dc0   Data           8  ipc.o(RTMSymTab)
    __rtmsym_rt_mq_delete                    0x08021dc8   Data           8  ipc.o(RTMSymTab)
    __rtmsym_rt_mq_send                      0x08021dd0   Data           8  ipc.o(RTMSymTab)
    __rtmsym_rt_mq_urgent                    0x08021dd8   Data           8  ipc.o(RTMSymTab)
    __rtmsym_rt_mq_recv                      0x08021de0   Data           8  ipc.o(RTMSymTab)
    __rtmsym_rt_mq_control                   0x08021de8   Data           8  ipc.o(RTMSymTab)
    __rtmsym_rt_interrupt_enter              0x08021df0   Data           8  irq.o(RTMSymTab)
    __rtmsym_rt_interrupt_leave              0x08021df8   Data           8  irq.o(RTMSymTab)
    __rtmsym_rt_interrupt_get_nest           0x08021e00   Data           8  irq.o(RTMSymTab)
    __rtmsym_rt_hw_interrupt_disable         0x08021e08   Data           8  irq.o(RTMSymTab)
    __rtmsym_rt_hw_interrupt_enable          0x08021e10   Data           8  irq.o(RTMSymTab)
    __rtmsym_rt_get_errno                    0x08021e18   Data           8  kservice.o(RTMSymTab)
    __rtmsym_rt_set_errno                    0x08021e20   Data           8  kservice.o(RTMSymTab)
    __rtmsym__rt_errno                       0x08021e28   Data           8  kservice.o(RTMSymTab)
    __rtmsym_rt_memset                       0x08021e30   Data           8  kservice.o(RTMSymTab)
    __rtmsym_rt_memcpy                       0x08021e38   Data           8  kservice.o(RTMSymTab)
    __rtmsym_rt_memmove                      0x08021e40   Data           8  kservice.o(RTMSymTab)
    __rtmsym_rt_memcmp                       0x08021e48   Data           8  kservice.o(RTMSymTab)
    __rtmsym_rt_strstr                       0x08021e50   Data           8  kservice.o(RTMSymTab)
    __rtmsym_rt_strcasecmp                   0x08021e58   Data           8  kservice.o(RTMSymTab)
    __rtmsym_rt_strncpy                      0x08021e60   Data           8  kservice.o(RTMSymTab)
    __rtmsym_rt_strncmp                      0x08021e68   Data           8  kservice.o(RTMSymTab)
    __rtmsym_rt_strcmp                       0x08021e70   Data           8  kservice.o(RTMSymTab)
    __rtmsym_rt_strlen                       0x08021e78   Data           8  kservice.o(RTMSymTab)
    __rtmsym_rt_strdup                       0x08021e80   Data           8  kservice.o(RTMSymTab)
    __rtmsym_rt_show_version                 0x08021e88   Data           8  kservice.o(RTMSymTab)
    __rtmsym_rt_vsnprintf                    0x08021e90   Data           8  kservice.o(RTMSymTab)
    __rtmsym_rt_snprintf                     0x08021e98   Data           8  kservice.o(RTMSymTab)
    __rtmsym_rt_vsprintf                     0x08021ea0   Data           8  kservice.o(RTMSymTab)
    __rtmsym_rt_sprintf                      0x08021ea8   Data           8  kservice.o(RTMSymTab)
    __rtmsym_rt_console_get_device           0x08021eb0   Data           8  kservice.o(RTMSymTab)
    __rtmsym_rt_console_set_device           0x08021eb8   Data           8  kservice.o(RTMSymTab)
    __rtmsym_rt_hw_console_output            0x08021ec0   Data           8  kservice.o(RTMSymTab)
    __rtmsym_rt_kprintf                      0x08021ec8   Data           8  kservice.o(RTMSymTab)
    __rtmsym_rt_malloc_align                 0x08021ed0   Data           8  kservice.o(RTMSymTab)
    __rtmsym_rt_free_align                   0x08021ed8   Data           8  kservice.o(RTMSymTab)
    __rtmsym_rt_malloc                       0x08021ee0   Data           8  mem.o(RTMSymTab)
    __rtmsym_rt_realloc                      0x08021ee8   Data           8  mem.o(RTMSymTab)
    __rtmsym_rt_calloc                       0x08021ef0   Data           8  mem.o(RTMSymTab)
    __rtmsym_rt_free                         0x08021ef8   Data           8  mem.o(RTMSymTab)
    __rtmsym_rt_memheap_init                 0x08021f00   Data           8  memheap.o(RTMSymTab)
    __rtmsym_rt_memheap_detach               0x08021f08   Data           8  memheap.o(RTMSymTab)
    __rtmsym_rt_memheap_alloc                0x08021f10   Data           8  memheap.o(RTMSymTab)
    __rtmsym_rt_memheap_realloc              0x08021f18   Data           8  memheap.o(RTMSymTab)
    __rtmsym_rt_memheap_free                 0x08021f20   Data           8  memheap.o(RTMSymTab)
    __rtmsym_rt_mp_init                      0x08021f28   Data           8  mempool.o(RTMSymTab)
    __rtmsym_rt_mp_detach                    0x08021f30   Data           8  mempool.o(RTMSymTab)
    __rtmsym_rt_mp_create                    0x08021f38   Data           8  mempool.o(RTMSymTab)
    __rtmsym_rt_mp_delete                    0x08021f40   Data           8  mempool.o(RTMSymTab)
    __rtmsym_rt_mp_alloc                     0x08021f48   Data           8  mempool.o(RTMSymTab)
    __rtmsym_rt_mp_free                      0x08021f50   Data           8  mempool.o(RTMSymTab)
    __rtmsym_rt_object_get_information       0x08021f58   Data           8  object.o(RTMSymTab)
    __rtmsym_rt_thread_init                  0x08021f60   Data           8  thread.o(RTMSymTab)
    __rtmsym_rt_thread_self                  0x08021f68   Data           8  thread.o(RTMSymTab)
    __rtmsym_rt_thread_startup               0x08021f70   Data           8  thread.o(RTMSymTab)
    __rtmsym_rt_thread_detach                0x08021f78   Data           8  thread.o(RTMSymTab)
    __rtmsym_rt_thread_create                0x08021f80   Data           8  thread.o(RTMSymTab)
    __rtmsym_rt_thread_delete                0x08021f88   Data           8  thread.o(RTMSymTab)
    __rtmsym_rt_thread_yield                 0x08021f90   Data           8  thread.o(RTMSymTab)
    __rtmsym_rt_thread_delay                 0x08021f98   Data           8  thread.o(RTMSymTab)
    __rtmsym_rt_thread_control               0x08021fa0   Data           8  thread.o(RTMSymTab)
    __rtmsym_rt_thread_suspend               0x08021fa8   Data           8  thread.o(RTMSymTab)
    __rtmsym_rt_thread_resume                0x08021fb0   Data           8  thread.o(RTMSymTab)
    __rtmsym_rt_thread_timeout               0x08021fb8   Data           8  thread.o(RTMSymTab)
    __rtmsym_rt_thread_find                  0x08021fc0   Data           8  thread.o(RTMSymTab)
    __rtmsym_rt_timer_init                   0x08021fc8   Data           8  timer.o(RTMSymTab)
    __rtmsym_rt_timer_detach                 0x08021fd0   Data           8  timer.o(RTMSymTab)
    __rtmsym_rt_timer_create                 0x08021fd8   Data           8  timer.o(RTMSymTab)
    __rtmsym_rt_timer_delete                 0x08021fe0   Data           8  timer.o(RTMSymTab)
    __rtmsym_rt_timer_start                  0x08021fe8   Data           8  timer.o(RTMSymTab)
    __rtmsym_rt_timer_stop                   0x08021ff0   Data           8  timer.o(RTMSymTab)
    __rtmsym_rt_timer_control                0x08021ff8   Data           8  timer.o(RTMSymTab)
    __rtmsym_open                            0x08022000   Data           8  dfs_posix.o(RTMSymTab)
    __rtmsym_close                           0x08022008   Data           8  dfs_posix.o(RTMSymTab)
    __rtmsym_read                            0x08022010   Data           8  dfs_posix.o(RTMSymTab)
    __rtmsym_write                           0x08022018   Data           8  dfs_posix.o(RTMSymTab)
    __rtmsym_lseek                           0x08022020   Data           8  dfs_posix.o(RTMSymTab)
    __rtmsym_rename                          0x08022028   Data           8  dfs_posix.o(RTMSymTab)
    __rtmsym_unlink                          0x08022030   Data           8  dfs_posix.o(RTMSymTab)
    __rtmsym_stat                            0x08022038   Data           8  dfs_posix.o(RTMSymTab)
    __rtmsym_fstat                           0x08022040   Data           8  dfs_posix.o(RTMSymTab)
    __rtmsym_statfs                          0x08022048   Data           8  dfs_posix.o(RTMSymTab)
    __rtmsym_mkdir                           0x08022050   Data           8  dfs_posix.o(RTMSymTab)
    __rtmsym_rmdir                           0x08022058   Data           8  dfs_posix.o(RTMSymTab)
    __rtmsym_opendir                         0x08022060   Data           8  dfs_posix.o(RTMSymTab)
    __rtmsym_readdir                         0x08022068   Data           8  dfs_posix.o(RTMSymTab)
    __rtmsym_telldir                         0x08022070   Data           8  dfs_posix.o(RTMSymTab)
    __rtmsym_seekdir                         0x08022078   Data           8  dfs_posix.o(RTMSymTab)
    __rtmsym_rewinddir                       0x08022080   Data           8  dfs_posix.o(RTMSymTab)
    __rtmsym_closedir                        0x08022088   Data           8  dfs_posix.o(RTMSymTab)
    __rtmsym_chdir                           0x08022090   Data           8  dfs_posix.o(RTMSymTab)
    __rtmsym_getcwd                          0x08022098   Data           8  dfs_posix.o(RTMSymTab)
    __rtmsym_rt_data_queue_init              0x080220a0   Data           8  dataqueue.o(RTMSymTab)
    __rtmsym_rt_data_queue_push              0x080220a8   Data           8  dataqueue.o(RTMSymTab)
    __rtmsym_rt_data_queue_pop               0x080220b0   Data           8  dataqueue.o(RTMSymTab)
    __rtmsym_rt_data_queue_peak              0x080220b8   Data           8  dataqueue.o(RTMSymTab)
    __rtmsym_rt_data_queue_reset             0x080220c0   Data           8  dataqueue.o(RTMSymTab)
    __rtmsym_rt_pipe_init                    0x080220c8   Data           8  pipe.o(RTMSymTab)
    __rtmsym_rt_pipe_detach                  0x080220d0   Data           8  pipe.o(RTMSymTab)
    __rtmsym_rt_pipe_create                  0x080220d8   Data           8  pipe.o(RTMSymTab)
    __rtmsym_rt_pipe_destroy                 0x080220e0   Data           8  pipe.o(RTMSymTab)
    __rtmsym_rt_portal_init                  0x080220e8   Data           8  portal.o(RTMSymTab)
    __rtmsym_rt_portal_detach                0x080220f0   Data           8  portal.o(RTMSymTab)
    __rtmsym_rt_portal_create                0x080220f8   Data           8  portal.o(RTMSymTab)
    __rtmsym_rt_portal_destroy               0x08022100   Data           8  portal.o(RTMSymTab)
    __rtmsym_rt_ringbuffer_init              0x08022108   Data           8  ringbuffer.o(RTMSymTab)
    __rtmsym_rt_ringbuffer_put               0x08022110   Data           8  ringbuffer.o(RTMSymTab)
    __rtmsym_rt_ringbuffer_put_force         0x08022118   Data           8  ringbuffer.o(RTMSymTab)
    __rtmsym_rt_ringbuffer_get               0x08022120   Data           8  ringbuffer.o(RTMSymTab)
    __rtmsym_rt_ringbuffer_putchar           0x08022128   Data           8  ringbuffer.o(RTMSymTab)
    __rtmsym_rt_ringbuffer_putchar_force     0x08022130   Data           8  ringbuffer.o(RTMSymTab)
    __rtmsym_rt_ringbuffer_getchar           0x08022138   Data           8  ringbuffer.o(RTMSymTab)
    RTMSymTab$$Limit                         0x08022140   Number         0  ringbuffer.o(RTMSymTab)
    Region$$Table$$Base                      0x08022140   Number         0  anon$$obj.o(Region$$Table)
    Region$$Table$$Limit                     0x08022160   Number         0  anon$$obj.o(Region$$Table)
    VSymTab$$Base                            0x08022160   Number         0  cmd.o(VSymTab)
    __vsym_dummy                             0x08022160   Data          16  cmd.o(VSymTab)
    VSymTab$$Limit                           0x08022170   Number         0  cmd.o(VSymTab)
    __ctype                                  0x0802217d   Data           0  lc_ctype_c.o(locale$$data)
    uart3                                    0x20000018   Data           8  usart.o(.data)
    StopCondition                            0x2000002c   Data           4  sdio_sd.o(.data)
    TransferError                            0x20000030   Data           1  sdio_sd.o(.data)
    TransferEnd                              0x20000034   Data           4  sdio_sd.o(.data)
    DMAEndOfTransfer                         0x20000038   Data           4  sdio_sd.o(.data)
    AsynchPrediv                             0x20000044   Data           4  stm32f4_rtc.o(.data)
    SynchPrediv                              0x20000048   Data           4  stm32f4_rtc.o(.data)
    TimeDisplay                              0x2000004c   Data           4  stm32f4_rtc.o(.data)
    errorindex                               0x20000050   Data           4  stm32f4_rtc.o(.data)
    i                                        0x20000054   Data           4  stm32f4_rtc.o(.data)
    BKPDataReg                               0x20000058   Data          80  stm32f4_rtc.o(.data)
    SystemCoreClock                          0x200000a8   Data           4  system_stm32f4xx.o(.data)
    AHBPrescTable                            0x200000ac   Data          16  system_stm32f4xx.o(.data)
    rt_interrupt_nest                        0x200000d4   Data           1  irq.o(.data)
    rt_object_container                      0x2000011c   Data         176  object.o(.data)
    rt_object_trytake_hook                   0x200001d4   Data           4  object.o(.data)
    rt_object_take_hook                      0x200001d8   Data           4  object.o(.data)
    rt_object_put_hook                       0x200001dc   Data           4  object.o(.data)
    rt_current_thread                        0x200001e4   Data           4  scheduler.o(.data)
    rt_current_priority                      0x200001e8   Data           1  scheduler.o(.data)
    rt_thread_ready_priority_group           0x200001ec   Data           4  scheduler.o(.data)
    rt_thread_defunct                        0x200001f0   Data           8  scheduler.o(.data)
    rt_interrupt_from_thread                 0x20000208   Data           4  cpuport.o(.data)
    rt_interrupt_to_thread                   0x2000020c   Data           4  cpuport.o(.data)
    rt_thread_switch_interrupt_flag          0x20000210   Data           4  cpuport.o(.data)
    working_directory                        0x20000218   Data         256  dfs.o(.data)
    finsh_compile_sp                         0x2000033c   Data           4  finsh_compiler.o(.data)
    finsh_compile_pc                         0x20000340   Data           4  finsh_compiler.o(.data)
    global_errno                             0x20000344   Data           1  finsh_error.o(.data)
    global_sysvar_list                       0x2000038c   Data           4  finsh_var.o(.data)
    finsh_sp                                 0x20000390   Data           4  finsh_vm.o(.data)
    finsh_pc                                 0x20000394   Data           4  finsh_vm.o(.data)
    global_syscall_list                      0x20000398   Data           4  finsh_vm.o(.data)
    shell                                    0x2000039c   Data           4  shell.o(.data)
    _syscall_table_begin                     0x20000424   Data           4  symbol.o(.data)
    _syscall_table_end                       0x20000428   Data           4  symbol.o(.data)
    _sysvar_table_begin                      0x2000042c   Data           4  symbol.o(.data)
    _sysvar_table_end                        0x20000430   Data           4  symbol.o(.data)
    uart3_int_rx                             0x2000059c   Data          68  usart.o(.bss)
    serial3                                  0x200005e0   Data         128  usart.o(.bss)
    SDIO_InitStructure                       0x200006e0   Data          24  sdio_sd.o(.bss)
    SDIO_CmdInitStructure                    0x200006f8   Data          20  sdio_sd.o(.bss)
    SDIO_DataInitStructure                   0x2000070c   Data          24  sdio_sd.o(.bss)
    rt_thread_priority_table                 0x20000f88   Data         256  scheduler.o(.bss)
    filesystem_operation_table               0x20001088   Data          16  dfs.o(.bss)
    filesystem_table                         0x20001098   Data          32  dfs.o(.bss)
    fd_table                                 0x200010e0   Data         512  dfs.o(.bss)
    finsh_heap                               0x20001404   Data         128  finsh_heap.o(.bss)
    global_node_table                        0x20001484   Data         320  finsh_node.o(.bss)
    global_variable                          0x200015c4   Data         192  finsh_var.o(.bss)
    finsh_vm_stack                           0x20001684   Data         256  finsh_vm.o(.bss)
    text_segment                             0x20001784   Data         128  finsh_vm.o(.bss)
    __libspace_start                         0x200028fc   Data          96  libspace.o(.bss)
    __temporary_stack_top$libspace           0x2000295c   Data           0  libspace.o(.bss)
    Image$$RW_IRAM1$$ZI$$Limit               0x20002f60   Number         0  anon$$obj.o ABSOLUTE



==============================================================================

Memory Map of the image

  Image Entry point : 0x08000189

  Load Region LR_IROM1 (Base: 0x08000000, Size: 0x00022850, Max: 0x00100000, ABSOLUTE, COMPRESSED[0x00022514])

    Execution Region ER_IROM1 (Base: 0x08000000, Size: 0x0002241c, Max: 0x00100000, ABSOLUTE)

    Base Addr    Size         Type   Attr      Idx    E Section Name        Object

    0x08000000   0x00000188   Data   RO         1000    RESET               startup_stm32f4xx.o
    0x08000188   0x00000008   Code   RO         1992  * !!!main             c_w.l(__main.o)
    0x08000190   0x00000034   Code   RO         2337    !!!scatter          c_w.l(__scatter.o)
    0x080001c4   0x0000005a   Code   RO         2335    !!dczerorl2         c_w.l(__dczerorl2.o)
    0x0800021e   0x00000002   PAD
    0x08000220   0x0000001c   Code   RO         2339    !!handler_zi        c_w.l(__scatter_zi.o)
    0x0800023c   0x00000000   Code   RO         2140    .ARM.Collect$$_printf_percent$$00000000  c_w.l(_printf_percent.o)
    0x0800023c   0x00000006   Code   RO         2129    .ARM.Collect$$_printf_percent$$00000001  c_w.l(_printf_n.o)
    0x08000242   0x00000006   Code   RO         2131    .ARM.Collect$$_printf_percent$$00000002  c_w.l(_printf_p.o)
    0x08000248   0x00000006   Code   RO         2136    .ARM.Collect$$_printf_percent$$00000003  c_w.l(_printf_f.o)
    0x0800024e   0x00000006   Code   RO         2137    .ARM.Collect$$_printf_percent$$00000004  c_w.l(_printf_e.o)
    0x08000254   0x00000006   Code   RO         2138    .ARM.Collect$$_printf_percent$$00000005  c_w.l(_printf_g.o)
    0x0800025a   0x00000006   Code   RO         2139    .ARM.Collect$$_printf_percent$$00000006  c_w.l(_printf_a.o)
    0x08000260   0x0000000a   Code   RO         2144    .ARM.Collect$$_printf_percent$$00000007  c_w.l(_printf_ll.o)
    0x0800026a   0x00000006   Code   RO         2133    .ARM.Collect$$_printf_percent$$00000008  c_w.l(_printf_i.o)
    0x08000270   0x00000006   Code   RO         2134    .ARM.Collect$$_printf_percent$$00000009  c_w.l(_printf_d.o)
    0x08000276   0x00000006   Code   RO         2135    .ARM.Collect$$_printf_percent$$0000000A  c_w.l(_printf_u.o)
    0x0800027c   0x00000006   Code   RO         2132    .ARM.Collect$$_printf_percent$$0000000B  c_w.l(_printf_o.o)
    0x08000282   0x00000006   Code   RO         2130    .ARM.Collect$$_printf_percent$$0000000C  c_w.l(_printf_x.o)
    0x08000288   0x00000006   Code   RO         2141    .ARM.Collect$$_printf_percent$$0000000D  c_w.l(_printf_lli.o)
    0x0800028e   0x00000006   Code   RO         2142    .ARM.Collect$$_printf_percent$$0000000E  c_w.l(_printf_lld.o)
    0x08000294   0x00000006   Code   RO         2143    .ARM.Collect$$_printf_percent$$0000000F  c_w.l(_printf_llu.o)
    0x0800029a   0x00000006   Code   RO         2148    .ARM.Collect$$_printf_percent$$00000010  c_w.l(_printf_llo.o)
    0x080002a0   0x00000006   Code   RO         2149    .ARM.Collect$$_printf_percent$$00000011  c_w.l(_printf_llx.o)
    0x080002a6   0x0000000a   Code   RO         2145    .ARM.Collect$$_printf_percent$$00000012  c_w.l(_printf_l.o)
    0x080002b0   0x00000006   Code   RO         2127    .ARM.Collect$$_printf_percent$$00000013  c_w.l(_printf_c.o)
    0x080002b6   0x00000006   Code   RO         2128    .ARM.Collect$$_printf_percent$$00000014  c_w.l(_printf_s.o)
    0x080002bc   0x00000006   Code   RO         2146    .ARM.Collect$$_printf_percent$$00000015  c_w.l(_printf_lc.o)
    0x080002c2   0x00000006   Code   RO         2147    .ARM.Collect$$_printf_percent$$00000016  c_w.l(_printf_ls.o)
    0x080002c8   0x00000004   Code   RO         2225    .ARM.Collect$$_printf_percent$$00000017  c_w.l(_printf_percent_end.o)
    0x080002cc   0x00000002   Code   RO         2056    .ARM.Collect$$libinit$$00000000  c_w.l(libinit.o)
    0x080002ce   0x00000004   Code   RO         2150    .ARM.Collect$$libinit$$00000001  c_w.l(libinit2.o)
    0x080002d2   0x00000000   Code   RO         2153    .ARM.Collect$$libinit$$00000004  c_w.l(libinit2.o)
    0x080002d2   0x00000000   Code   RO         2156    .ARM.Collect$$libinit$$0000000A  c_w.l(libinit2.o)
    0x080002d2   0x00000000   Code   RO         2158    .ARM.Collect$$libinit$$0000000C  c_w.l(libinit2.o)
    0x080002d2   0x00000000   Code   RO         2160    .ARM.Collect$$libinit$$0000000E  c_w.l(libinit2.o)
    0x080002d2   0x00000006   Code   RO         2161    .ARM.Collect$$libinit$$0000000F  c_w.l(libinit2.o)
    0x080002d8   0x00000000   Code   RO         2163    .ARM.Collect$$libinit$$00000011  c_w.l(libinit2.o)
    0x080002d8   0x0000000c   Code   RO         2164    .ARM.Collect$$libinit$$00000012  c_w.l(libinit2.o)
    0x080002e4   0x00000000   Code   RO         2165    .ARM.Collect$$libinit$$00000013  c_w.l(libinit2.o)
    0x080002e4   0x00000000   Code   RO         2167    .ARM.Collect$$libinit$$00000015  c_w.l(libinit2.o)
    0x080002e4   0x0000000a   Code   RO         2168    .ARM.Collect$$libinit$$00000016  c_w.l(libinit2.o)
    0x080002ee   0x00000000   Code   RO         2169    .ARM.Collect$$libinit$$00000017  c_w.l(libinit2.o)
    0x080002ee   0x0000000a   Code   RO         2170    .ARM.Collect$$libinit$$00000018  c_w.l(libinit2.o)
    0x080002f8   0x00000000   Code   RO         2171    .ARM.Collect$$libinit$$00000019  c_w.l(libinit2.o)
    0x080002f8   0x00000000   Code   RO         2173    .ARM.Collect$$libinit$$0000001B  c_w.l(libinit2.o)
    0x080002f8   0x00000000   Code   RO         2175    .ARM.Collect$$libinit$$0000001D  c_w.l(libinit2.o)
    0x080002f8   0x00000000   Code   RO         2177    .ARM.Collect$$libinit$$0000001F  c_w.l(libinit2.o)
    0x080002f8   0x00000000   Code   RO         2179    .ARM.Collect$$libinit$$00000021  c_w.l(libinit2.o)
    0x080002f8   0x00000000   Code   RO         2181    .ARM.Collect$$libinit$$00000023  c_w.l(libinit2.o)
    0x080002f8   0x00000000   Code   RO         2183    .ARM.Collect$$libinit$$00000025  c_w.l(libinit2.o)
    0x080002f8   0x00000000   Code   RO         2187    .ARM.Collect$$libinit$$0000002C  c_w.l(libinit2.o)
    0x080002f8   0x00000000   Code   RO         2189    .ARM.Collect$$libinit$$0000002E  c_w.l(libinit2.o)
    0x080002f8   0x00000000   Code   RO         2191    .ARM.Collect$$libinit$$00000030  c_w.l(libinit2.o)
    0x080002f8   0x00000000   Code   RO         2193    .ARM.Collect$$libinit$$00000032  c_w.l(libinit2.o)
    0x080002f8   0x00000002   Code   RO         2194    .ARM.Collect$$libinit$$00000033  c_w.l(libinit2.o)
    0x080002fa   0x00000002   Code   RO         2270    .ARM.Collect$$libshutdown$$00000000  c_w.l(libshutdown.o)
    0x080002fc   0x00000000   Code   RO         2288    .ARM.Collect$$libshutdown$$00000002  c_w.l(libshutdown2.o)
    0x080002fc   0x00000000   Code   RO         2290    .ARM.Collect$$libshutdown$$00000004  c_w.l(libshutdown2.o)
    0x080002fc   0x00000000   Code   RO         2293    .ARM.Collect$$libshutdown$$00000007  c_w.l(libshutdown2.o)
    0x080002fc   0x00000000   Code   RO         2296    .ARM.Collect$$libshutdown$$0000000A  c_w.l(libshutdown2.o)
    0x080002fc   0x00000000   Code   RO         2298    .ARM.Collect$$libshutdown$$0000000C  c_w.l(libshutdown2.o)
    0x080002fc   0x00000000   Code   RO         2301    .ARM.Collect$$libshutdown$$0000000F  c_w.l(libshutdown2.o)
    0x080002fc   0x00000002   Code   RO         2302    .ARM.Collect$$libshutdown$$00000010  c_w.l(libshutdown2.o)
    0x080002fe   0x00000000   Code   RO         1994    .ARM.Collect$$rtentry$$00000000  c_w.l(__rtentry.o)
    0x080002fe   0x00000000   Code   RO         2012    .ARM.Collect$$rtentry$$00000002  c_w.l(__rtentry2.o)
    0x080002fe   0x00000006   Code   RO         2024    .ARM.Collect$$rtentry$$00000004  c_w.l(__rtentry4.o)
    0x08000304   0x00000000   Code   RO         2014    .ARM.Collect$$rtentry$$00000009  c_w.l(__rtentry2.o)
    0x08000304   0x00000004   Code   RO         2015    .ARM.Collect$$rtentry$$0000000A  c_w.l(__rtentry2.o)
    0x08000308   0x00000000   Code   RO         2017    .ARM.Collect$$rtentry$$0000000C  c_w.l(__rtentry2.o)
    0x08000308   0x00000008   Code   RO         2018    .ARM.Collect$$rtentry$$0000000D  c_w.l(__rtentry2.o)
    0x08000310   0x00000002   Code   RO         2057    .ARM.Collect$$rtexit$$00000000  c_w.l(rtexit.o)
    0x08000312   0x00000000   Code   RO         2204    .ARM.Collect$$rtexit$$00000002  c_w.l(rtexit2.o)
    0x08000312   0x00000004   Code   RO         2205    .ARM.Collect$$rtexit$$00000003  c_w.l(rtexit2.o)
    0x08000316   0x00000006   Code   RO         2206    .ARM.Collect$$rtexit$$00000004  c_w.l(rtexit2.o)
    0x0800031c   0x00000040   Code   RO            2    .text               application.o
    0x0800035c   0x000000ac   Code   RO          216    .text               startup.o
    0x08000408   0x000003ac   Code   RO          236    .text               board.o
    0x080007b4   0x000001b8   Code   RO          270    .text               platform.o
    0x0800096c   0x00000410   Code   RO          303    .text               usart.o
    0x08000d7c   0x0000007e   Code   RO          351    .text               stm32f4xx_it.o
    0x08000dfa   0x00000002   PAD
    0x08000dfc   0x00001dac   Code   RO          367    .text               sdio_sd.o
    0x08002ba8   0x000002a0   Code   RO          391    .text               stm32f20x_40x_spi.o
    0x08002e48   0x000005fe   Code   RO          408    .text               spi_flash_w25qxx.o
    0x08003446   0x00000002   PAD
    0x08003448   0x00000434   Code   RO          430    .text               stm32f4_rtc.o
    0x0800387c   0x00000210   Code   RO          455    .text               system_stm32f4xx.o
    0x08003a8c   0x000001f8   Code   RO          477    .text               misc.o
    0x08003c84   0x00001368   Code   RO          659    .text               stm32f4xx_dma.o
    0x08004fec   0x000002d4   Code   RO          676    .text               stm32f4xx_exti.o
    0x080052c0   0x000008c8   Code   RO          727    .text               stm32f4xx_gpio.o
    0x08005b88   0x0000020c   Code   RO          827    .text               stm32f4xx_pwr.o
    0x08005d94   0x00000cfc   Code   RO          844    .text               stm32f4xx_rcc.o
    0x08006a90   0x000016f4   Code   RO          880    .text               stm32f4xx_rtc.o
    0x08008184   0x0000061c   Code   RO          897    .text               stm32f4xx_sdio.o
    0x080087a0   0x00000b48   Code   RO          914    .text               stm32f4xx_spi.o
    0x080092e8   0x00000e24   Code   RO          965    .text               stm32f4xx_usart.o
    0x0800a10c   0x00000040   Code   RO         1001    .text               startup_stm32f4xx.o
    0x0800a14c   0x00000064   Code   RO         1005    .text               clock.o
    0x0800a1b0   0x00000438   Code   RO         1022    .text               device.o
    0x0800a5e8   0x0000019c   Code   RO         1039    .text               idle.o
    0x0800a784   0x000018ac   Code   RO         1059    .text               ipc.o
    0x0800c030   0x00000048   Code   RO         1079    .text               irq.o
    0x0800c078   0x000009b4   Code   RO         1096    .text               kservice.o
    0x0800ca2c   0x000009b4   Code   RO         1114    .text               mem.o
    0x0800d3e0   0x00000624   Code   RO         1134    .text               memheap.o
    0x0800da04   0x00000440   Code   RO         1150    .text               mempool.o
    0x0800de44   0x000013ac   Code   RO         1170    .text               module.o
    0x0800f1f0   0x00000388   Code   RO         1201    .text               object.o
    0x0800f578   0x0000032c   Code   RO         1222    .text               scheduler.o
    0x0800f8a4   0x000006c8   Code   RO         1243    .text               thread.o
    0x0800ff6c   0x00000448   Code   RO         1263    .text               timer.o
    0x080103b4   0x000001c0   Code   RO         1284    .text               cpuport.o
    0x08010574   0x00000110   Code   RO         1300    .text               context_rvds.o
    0x08010684   0x000003d4   Code   RO         1338    .text               dfs.o
    0x08010a58   0x000006c0   Code   RO         1363    .text               dfs_fs.o
    0x08011118   0x000006dc   Code   RO         1380    .text               dfs_file.o
    0x080117f4   0x000005c4   Code   RO         1400    .text               dfs_posix.o
    0x08011db8   0x00000b88   Code   RO         1417    .text               dfs_elm.o
    0x08012940   0x000030e0   Code   RO         1447    .text               ff.o
    0x08015a20   0x00000154   Code   RO         1462    .text               ccfile.o
    0x08015b74   0x00000404   Code   RO         1479    .text               devfs.o
    0x08015f78   0x0000013c   Code   RO         1513    .text               rtc.o
    0x080160b4   0x000005d8   Code   RO         1539    .text               serial.o
    0x0801668c   0x0000076c   Code   RO         1552    .text               spi_core.o
    0x08016df8   0x00000398   Code   RO         1565    .text               spi_dev.o
    0x08017190   0x000004c4   Code   RO         1594    .text               dataqueue.o
    0x08017654   0x00000516   Code   RO         1616    .text               pipe.o
    0x08017b6a   0x00000002   PAD
    0x08017b6c   0x00000374   Code   RO         1638    .text               portal.o
    0x08017ee0   0x00000540   Code   RO         1654    .text               ringbuffer.o
    0x08018420   0x00000ed0   Code   RO         1676    .text               cmd.o
    0x080192f0   0x000017f8   Code   RO         1699    .text               finsh_compiler.o
    0x0801aae8   0x0000002c   Code   RO         1736    .text               finsh_error.o
    0x0801ab14   0x00000210   Code   RO         1752    .text               finsh_heap.o
    0x0801ad24   0x00000058   Code   RO         1768    .text               finsh_init.o
    0x0801ad7c   0x00000184   Code   RO         1786    .text               finsh_node.o
    0x0801af00   0x00000adc   Code   RO         1801    .text               finsh_ops.o
    0x0801b9dc   0x0000097c   Code   RO         1819    .text               finsh_parser.o
    0x0801c358   0x00000644   Code   RO         1834    .text               finsh_token.o
    0x0801c99c   0x0000019c   Code   RO         1849    .text               finsh_var.o
    0x0801cb38   0x000000e4   Code   RO         1872    .text               finsh_vm.o
    0x0801cc1c   0x0000081c   Code   RO         1914    .text               shell.o
    0x0801d438   0x00000040   Code   RO         1946    .text               components.o
    0x0801d478   0x0000001a   Code   RO         1965    .text               c_w.l(atoi.o)
    0x0801d492   0x0000003e   Code   RO         1967    .text               c_w.l(strlen.o)
    0x0801d4d0   0x00000096   Code   RO         1969    .text               c_w.l(strncmp.o)
    0x0801d566   0x00000018   Code   RO         1971    .text               c_w.l(strcat.o)
    0x0801d57e   0x0000008a   Code   RO         1973    .text               c_w.l(rt_memcpy_v6.o)
    0x0801d608   0x00000064   Code   RO         1975    .text               c_w.l(rt_memcpy_w.o)
    0x0801d66c   0x00000044   Code   RO         1977    .text               c_w.l(rt_memclr.o)
    0x0801d6b0   0x0000004e   Code   RO         1979    .text               c_w.l(rt_memclr_w.o)
    0x0801d6fe   0x00000056   Code   RO         1981    .text               c_w.l(strncpy.o)
    0x0801d754   0x0000000e   Code   RO         1983    .text               c_w.l(ctime.o)
    0x0801d762   0x00000002   PAD
    0x0801d764   0x0000000c   Code   RO         1985    .text               c_w.l(localtime.o)
    0x0801d770   0x000001a8   Code   RO         1988    .text               c_w.l(mktime.o)
    0x0801d918   0x00000006   Code   RO         1990    .text               c_w.l(heapauxi.o)
    0x0801d91e   0x00000002   PAD
    0x0801d920   0x00000008   Code   RO         1998    .text               c_w.l(rt_errno_addr_intlibspace.o)
    0x0801d928   0x00000070   Code   RO         2000    .text               c_w.l(strtol.o)
    0x0801d998   0x0000000c   Code   RO         2002    .text               c_w.l(asctime.o)
    0x0801d9a4   0x000000b8   Code   RO         2006    .text               c_w.l(localtime_internal.o)
    0x0801da5c   0x00000008   Code   RO         2008    .text               c_w.l(libspace.o)
    0x0801da64   0x00000010   Code   RO         2026    .text               c_w.l(rt_ctype_table.o)
    0x0801da74   0x0000009e   Code   RO         2028    .text               c_w.l(_strtoul.o)
    0x0801db12   0x00000002   PAD
    0x0801db14   0x00000068   Code   RO         2030    .text               c_w.l(asctime_internal.o)
    0x0801db7c   0x0000004a   Code   RO         2032    .text               c_w.l(sys_stackheap_outer.o)
    0x0801dbc6   0x00000002   PAD
    0x0801dbc8   0x00000008   Code   RO         2037    .text               c_w.l(rt_locale_intlibspace.o)
    0x0801dbd0   0x0000002c   Code   RO         2039    .text               c_w.l(sprintf.o)
    0x0801dbfc   0x0000001c   Code   RO         2041    .text               c_w.l(_chval.o)
    0x0801dc18   0x00000012   Code   RO         2049    .text               c_w.l(exit.o)
    0x0801dc2a   0x0000004e   Code   RO         2061    .text               c_w.l(_printf_pad.o)
    0x0801dc78   0x00000024   Code   RO         2063    .text               c_w.l(_printf_truncate.o)
    0x0801dc9c   0x00000052   Code   RO         2065    .text               c_w.l(_printf_str.o)
    0x0801dcee   0x00000002   PAD
    0x0801dcf0   0x00000078   Code   RO         2067    .text               c_w.l(_printf_dec.o)
    0x0801dd68   0x00000028   Code   RO         2069    .text               c_w.l(_printf_charcount.o)
    0x0801dd90   0x00000030   Code   RO         2071    .text               c_w.l(_printf_char_common.o)
    0x0801ddc0   0x0000000a   Code   RO         2073    .text               c_w.l(_sputc.o)
    0x0801ddca   0x00000002   PAD
    0x0801ddcc   0x000000bc   Code   RO         2075    .text               c_w.l(_printf_wctomb.o)
    0x0801de88   0x0000007c   Code   RO         2078    .text               c_w.l(_printf_longlong_dec.o)
    0x0801df04   0x00000070   Code   RO         2084    .text               c_w.l(_printf_oct_int_ll.o)
    0x0801df74   0x00000094   Code   RO         2104    .text               c_w.l(_printf_hex_int_ll_ptr.o)
    0x0801e008   0x00000188   Code   RO         2124    .text               c_w.l(__printf_flags_ss_wp.o)
    0x0801e190   0x0000008a   Code   RO         2210    .text               c_w.l(lludiv10.o)
    0x0801e21a   0x000000b2   Code   RO         2212    .text               c_w.l(_printf_intcommon.o)
    0x0801e2cc   0x0000041a   Code   RO         2214    .text               c_w.l(_printf_fp_dec.o)
    0x0801e6e6   0x00000002   PAD
    0x0801e6e8   0x000002fc   Code   RO         2216    .text               c_w.l(_printf_fp_hex.o)
    0x0801e9e4   0x0000002c   Code   RO         2221    .text               c_w.l(_printf_char.o)
    0x0801ea10   0x0000002c   Code   RO         2223    .text               c_w.l(_printf_wchar.o)
    0x0801ea3c   0x00000040   Code   RO         2226    .text               c_w.l(_wcrtomb.o)
    0x0801ea7c   0x0000000c   Code   RO         2232    .text               c_w.l(sys_exit.o)
    0x0801ea88   0x00000080   Code   RO         2234    .text               c_w.l(_printf_fp_infnan.o)
    0x0801eb08   0x000000dc   Code   RO         2236    .text               c_w.l(bigflt0.o)
    0x0801ebe4   0x00000002   Code   RO         2278    .text               c_w.l(use_no_semi.o)
    0x0801ebe6   0x00000000   Code   RO         2280    .text               c_w.l(indicate_semi.o)
    0x0801ebe6   0x0000003e   Code   RO         2239    CL$$btod_d2e        c_w.l(btod.o)
    0x0801ec24   0x00000046   Code   RO         2241    CL$$btod_d2e_denorm_low  c_w.l(btod.o)
    0x0801ec6a   0x00000060   Code   RO         2240    CL$$btod_d2e_norm_op1  c_w.l(btod.o)
    0x0801ecca   0x00000338   Code   RO         2249    CL$$btod_div_common  c_w.l(btod.o)
    0x0801f002   0x000000c6   Code   RO         2246    CL$$btod_e2e        c_w.l(btod.o)
    0x0801f0c8   0x00000028   Code   RO         2243    CL$$btod_ediv       c_w.l(btod.o)
    0x0801f0f0   0x00000028   Code   RO         2242    CL$$btod_emul       c_w.l(btod.o)
    0x0801f118   0x00000244   Code   RO         2248    CL$$btod_mult_common  c_w.l(btod.o)
    0x0801f35c   0x00000030   Code   RO         2274    i.__ARM_fpclassify  m_wm.l(fpclassify.o)
    0x0801f38c   0x0000000e   Code   RO         2117    i._is_digit         c_w.l(__printf_wp.o)
    0x0801f39a   0x00000002   PAD
    0x0801f39c   0x0000002c   Code   RO         2044    locale$$code        c_w.l(lc_ctype_c.o)
    0x0801f3c8   0x0000002c   Code   RO         2047    locale$$code        c_w.l(lc_time_c.o)
    0x0801f3f4   0x0000002c   Code   RO         2262    locale$$code        c_w.l(lc_numeric_c.o)
    0x0801f420   0x0000000a   Code   RO         2230    x$fpl$fpinit        fz_wm.l(fpinit.o)
    0x0801f42a   0x00000004   Code   RO         2195    x$fpl$printf1       fz_wm.l(printf1.o)
    0x0801f42e   0x00000004   Code   RO         2197    x$fpl$printf2       fz_wm.l(printf2.o)
    0x0801f432   0x00000000   Code   RO         2273    x$fpl$usenofp       fz_wm.l(usenofp.o)
    0x0801f432   0x00000002   PAD
    0x0801f434   0x0000003c   Data   RO          188    .constdata          mnttable.o
    0x0801f470   0x0000000c   Data   RO          237    .constdata          board.o
    0x0801f47c   0x00000048   Data   RO          305    .constdata          usart.o
    0x0801f4c4   0x00000012   Data   RO          369    .constdata          sdio_sd.o
    0x0801f4d6   0x00000027   Data   RO          410    .constdata          spi_flash_w25qxx.o
    0x0801f4fd   0x0000000f   Data   RO          432    .constdata          stm32f4_rtc.o
    0x0801f50c   0x00000025   Data   RO         1006    .constdata          clock.o
    0x0801f531   0x00000163   Data   RO         1023    .constdata          device.o
    0x0801f694   0x00000016   Data   RO         1041    .constdata          idle.o
    0x0801f6aa   0x000003d7   Data   RO         1060    .constdata          ipc.o
    0x0801fa81   0x0000006b   Data   RO         1080    .constdata          irq.o
    0x0801faec   0x00000265   Data   RO         1098    .constdata          kservice.o
    0x0801fd51   0x00000094   Data   RO         1116    .constdata          mem.o
    0x0801fde5   0x000000ac   Data   RO         1135    .constdata          memheap.o
    0x0801fe91   0x00000087   Data   RO         1151    .constdata          mempool.o
    0x0801ff18   0x000000a1   Data   RO         1171    .constdata          module.o
    0x0801ffb9   0x00000078   Data   RO         1202    .constdata          object.o
    0x08020031   0x0000004e   Data   RO         1224    .constdata          scheduler.o
    0x0802007f   0x00000183   Data   RO         1244    .constdata          thread.o
    0x08020202   0x000000c8   Data   RO         1264    .constdata          timer.o
    0x080202ca   0x00000013   Data   RO         1285    .constdata          cpuport.o
    0x080202dd   0x00000023   Data   RO         1340    .constdata          dfs.o
    0x08020300   0x00000046   Data   RO         1364    .constdata          dfs_fs.o
    0x08020346   0x00000073   Data   RO         1382    .constdata          dfs_file.o
    0x080203b9   0x000000c5   Data   RO         1401    .constdata          dfs_posix.o
    0x0802047e   0x00000002   PAD
    0x08020480   0x000000b9   Data   RO         1418    .constdata          dfs_elm.o
    0x08020539   0x00000001   PAD
    0x0802053a   0x0000003a   Data   RO         1448    .constdata          ff.o
    0x08020574   0x000003c0   Data   RO         1463    .constdata          ccfile.o
    0x08020934   0x000000aa   Data   RO         1480    .constdata          devfs.o
    0x080209de   0x00000075   Data   RO         1514    .constdata          rtc.o
    0x08020a53   0x00000086   Data   RO         1540    .constdata          serial.o
    0x08020ad9   0x000000a3   Data   RO         1553    .constdata          spi_core.o
    0x08020b7c   0x000000d9   Data   RO         1566    .constdata          spi_dev.o
    0x08020c55   0x000000aa   Data   RO         1595    .constdata          dataqueue.o
    0x08020cff   0x00000091   Data   RO         1617    .constdata          pipe.o
    0x08020d90   0x000000a2   Data   RO         1639    .constdata          portal.o
    0x08020e32   0x0000012e   Data   RO         1655    .constdata          ringbuffer.o
    0x08020f60   0x00000278   Data   RO         1677    .constdata          cmd.o
    0x080211d8   0x000000c4   Data   RO         1802    .constdata          finsh_ops.o
    0x0802129c   0x00000040   Data   RO         1835    .constdata          finsh_token.o
    0x080212dc   0x0000004d   Data   RO         1916    .constdata          shell.o
    0x08021329   0x0000000c   Data   RO         2005    .constdata          c_w.l(_monlen.o)
    0x08021335   0x00000003   PAD
    0x08021338   0x00000008   Data   RO         2076    .constdata          c_w.l(_printf_wctomb.o)
    0x08021340   0x00000028   Data   RO         2105    .constdata          c_w.l(_printf_hex_int_ll_ptr.o)
    0x08021368   0x00000011   Data   RO         2125    .constdata          c_w.l(__printf_flags_ss_wp.o)
    0x08021379   0x00000026   Data   RO         2217    .constdata          c_w.l(_printf_fp_hex.o)
    0x0802139f   0x00000001   PAD
    0x080213a0   0x00000094   Data   RO         2237    .constdata          c_w.l(bigflt0.o)
    0x08021434   0x00000018   Data   RO          189    .conststring        mnttable.o
    0x0802144c   0x00000043   Data   RO          660    .conststring        stm32f4xx_dma.o
    0x0802148f   0x00000001   PAD
    0x08021490   0x00000044   Data   RO          677    .conststring        stm32f4xx_exti.o
    0x080214d4   0x00000044   Data   RO          728    .conststring        stm32f4xx_gpio.o
    0x08021518   0x00000043   Data   RO          828    .conststring        stm32f4xx_pwr.o
    0x0802155b   0x00000001   PAD
    0x0802155c   0x00000043   Data   RO          845    .conststring        stm32f4xx_rcc.o
    0x0802159f   0x00000001   PAD
    0x080215a0   0x00000043   Data   RO          881    .conststring        stm32f4xx_rtc.o
    0x080215e3   0x00000001   PAD
    0x080215e4   0x00000044   Data   RO          898    .conststring        stm32f4xx_sdio.o
    0x08021628   0x00000043   Data   RO          915    .conststring        stm32f4xx_spi.o
    0x0802166b   0x00000001   PAD
    0x0802166c   0x00000045   Data   RO          966    .conststring        stm32f4xx_usart.o
    0x080216b1   0x00000003   PAD
    0x080216b4   0x000000ed   Data   RO         1117    .conststring        mem.o
    0x080217a1   0x00000003   PAD
    0x080217a4   0x00000006   Data   RO         1481    .conststring        devfs.o
    0x080217aa   0x00000002   PAD
    0x080217ac   0x000001ed   Data   RO         1678    .conststring        cmd.o
    0x08021999   0x00000003   PAD
    0x0802199c   0x000000f3   Data   RO         1737    .conststring        finsh_error.o
    0x08021a8f   0x00000001   PAD
    0x08021a90   0x0000003e   Data   RO         1836    .conststring        finsh_token.o
    0x08021ace   0x00000002   PAD
    0x08021ad0   0x00000004   Data   RO         1947    .rti_fn.0           components.o
    0x08021ad4   0x00000004   Data   RO          273    .rti_fn.1           platform.o
    0x08021ad8   0x00000004   Data   RO          307    .rti_fn.1           usart.o
    0x08021adc   0x00000004   Data   RO         1948    .rti_fn.1.post      components.o
    0x08021ae0   0x00000004   Data   RO          434    .rti_fn.2           stm32f4_rtc.o
    0x08021ae4   0x00000004   Data   RO         1173    .rti_fn.3           module.o
    0x08021ae8   0x00000004   Data   RO         1342    .rti_fn.3           dfs.o
    0x08021aec   0x00000004   Data   RO         1918    .rti_fn.3           shell.o
    0x08021af0   0x00000004   Data   RO         1421    .rti_fn.4           dfs_elm.o
    0x08021af4   0x00000004   Data   RO         1482    .rti_fn.4           devfs.o
    0x08021af8   0x00000004   Data   RO         1365    .rti_fn.5           dfs_fs.o
    0x08021afc   0x00000004   Data   RO         1465    .rti_fn.6           ccfile.o
    0x08021b00   0x00000004   Data   RO         1949    .rti_fn.7           components.o
    0x08021b04   0x0000000c   Data   RO          238    FSymTab             board.o
    0x08021b10   0x0000000c   Data   RO         1119    FSymTab             mem.o
    0x08021b1c   0x0000000c   Data   RO         1174    FSymTab             module.o
    0x08021b28   0x00000018   Data   RO         1366    FSymTab             dfs_fs.o
    0x08021b40   0x00000030   Data   RO         1383    FSymTab             dfs_file.o
    0x08021b70   0x00000018   Data   RO         1402    FSymTab             dfs_posix.o
    0x08021b88   0x00000024   Data   RO         1516    FSymTab             rtc.o
    0x08021bac   0x000000b4   Data   RO         1680    FSymTab             cmd.o
    0x08021c60   0x00000010   Data   RO         1008    RTMSymTab           clock.o
    0x08021c70   0x00000050   Data   RO         1024    RTMSymTab           device.o
    0x08021cc0   0x00000130   Data   RO         1061    RTMSymTab           ipc.o
    0x08021df0   0x00000028   Data   RO         1082    RTMSymTab           irq.o
    0x08021e18   0x000000c8   Data   RO         1100    RTMSymTab           kservice.o
    0x08021ee0   0x00000020   Data   RO         1120    RTMSymTab           mem.o
    0x08021f00   0x00000028   Data   RO         1136    RTMSymTab           memheap.o
    0x08021f28   0x00000030   Data   RO         1153    RTMSymTab           mempool.o
    0x08021f58   0x00000008   Data   RO         1204    RTMSymTab           object.o
    0x08021f60   0x00000068   Data   RO         1245    RTMSymTab           thread.o
    0x08021fc8   0x00000038   Data   RO         1266    RTMSymTab           timer.o
    0x08022000   0x000000a0   Data   RO         1403    RTMSymTab           dfs_posix.o
    0x080220a0   0x00000028   Data   RO         1596    RTMSymTab           dataqueue.o
    0x080220c8   0x00000020   Data   RO         1618    RTMSymTab           pipe.o
    0x080220e8   0x00000020   Data   RO         1640    RTMSymTab           portal.o
    0x08022108   0x00000038   Data   RO         1656    RTMSymTab           ringbuffer.o
    0x08022140   0x00000020   Data   RO         2333    Region$$Table       anon$$obj.o
    0x08022160   0x00000010   Data   RO         1681    VSymTab             cmd.o
    0x08022170   0x00000110   Data   RO         2043    locale$$data        c_w.l(lc_ctype_c.o)
    0x08022280   0x00000180   Data   RO         2046    locale$$data        c_w.l(lc_time_c.o)
    0x08022400   0x0000001c   Data   RO         2261    locale$$data        c_w.l(lc_numeric_c.o)


    Execution Region RW_IRAM1 (Base: 0x20000000, Size: 0x00002f60, Max: 0x00020000, ABSOLUTE, COMPRESSED[0x000000f8])

    Base Addr    Size         Type   Attr      Idx    E Section Name        Object

    0x20000000   0x00000018   Data   RW          272    .data               platform.o
    0x20000018   0x0000000c   Data   RW          306    .data               usart.o
    0x20000024   0x00000018   Data   RW          370    .data               sdio_sd.o
    0x2000003c   0x00000008   Data   RW          392    .data               stm32f20x_40x_spi.o
    0x20000044   0x00000064   Data   RW          433    .data               stm32f4_rtc.o
    0x200000a8   0x00000014   Data   RW          456    .data               system_stm32f4xx.o
    0x200000bc   0x00000010   Data   RW          846    .data               stm32f4xx_rcc.o
    0x200000cc   0x00000004   Data   RW         1007    .data               clock.o
    0x200000d0   0x00000004   Data   RW         1042    .data               idle.o
    0x200000d4   0x00000001   Data   RW         1081    .data               irq.o
    0x200000d5   0x00000003   PAD
    0x200000d8   0x00000008   Data   RW         1099    .data               kservice.o
    0x200000e0   0x00000020   Data   RW         1118    .data               mem.o
    0x20000100   0x00000008   Data   RW         1152    .data               mempool.o
    0x20000108   0x00000014   Data   RW         1172    .data               module.o
    0x2000011c   0x000000c4   Data   RW         1203    .data               object.o
    0x200001e0   0x0000001c   Data   RW         1225    .data               scheduler.o
    0x200001fc   0x0000000c   Data   RW         1265    .data               timer.o
    0x20000208   0x00000010   Data   RW         1286    .data               cpuport.o
    0x20000218   0x00000100   Data   RW         1341    .data               dfs.o
    0x20000318   0x00000008   Data   RW         1420    .data               dfs_elm.o
    0x20000320   0x0000000a   Data   RW         1449    .data               ff.o
    0x2000032a   0x00000002   PAD
    0x2000032c   0x00000008   Data   RW         1464    .data               ccfile.o
    0x20000334   0x00000004   Data   RW         1515    .data               rtc.o
    0x20000338   0x00000004   Data   RW         1679    .data               cmd.o
    0x2000033c   0x00000008   Data   RW         1700    .data               finsh_compiler.o
    0x20000344   0x00000040   Data   RW         1738    .data               finsh_error.o
    0x20000384   0x00000008   Data   RW         1754    .data               finsh_heap.o
    0x2000038c   0x00000004   Data   RW         1851    .data               finsh_var.o
    0x20000390   0x0000000c   Data   RW         1874    .data               finsh_vm.o
    0x2000039c   0x00000085   Data   RW         1917    .data               shell.o
    0x20000421   0x00000003   PAD
    0x20000424   0x00000010   Data   RW         1933    .data               symbol.o
    0x20000434   0x00000168   Zero   RW          271    .bss                platform.o
    0x2000059c   0x000000c4   Zero   RW          304    .bss                usart.o
    0x20000660   0x0000053c   Zero   RW          368    .bss                sdio_sd.o
    0x20000b9c   0x0000007c   Zero   RW          409    .bss                spi_flash_w25qxx.o
    0x20000c18   0x00000044   Zero   RW          431    .bss                stm32f4_rtc.o
    0x20000c5c   0x00000288   Zero   RW         1040    .bss                idle.o
    0x20000ee4   0x00000080   Zero   RW         1097    .bss                kservice.o
    0x20000f64   0x00000024   Zero   RW         1115    .bss                mem.o
    0x20000f88   0x00000100   Zero   RW         1223    .bss                scheduler.o
    0x20001088   0x00000258   Zero   RW         1339    .bss                dfs.o
    0x200012e0   0x00000124   Zero   RW         1381    .bss                dfs_file.o
    0x20001404   0x00000080   Zero   RW         1753    .bss                finsh_heap.o
    0x20001484   0x00000140   Zero   RW         1787    .bss                finsh_node.o
    0x200015c4   0x000000c0   Zero   RW         1850    .bss                finsh_var.o
    0x20001684   0x00000180   Zero   RW         1873    .bss                finsh_vm.o
    0x20001804   0x00001088   Zero   RW         1915    .bss                shell.o
    0x2000288c   0x0000002c   Zero   RW         1986    .bss                c_w.l(localtime.o)
    0x200028b8   0x00000044   Zero   RW         2003    .bss                c_w.l(asctime.o)
    0x200028fc   0x00000060   Zero   RW         2009    .bss                c_w.l(libspace.o)
    0x2000295c   0x00000004   PAD
    0x20002960   0x00000200   Zero   RW          999    HEAP                startup_stm32f4xx.o
    0x20002b60   0x00000400   Zero   RW          998    STACK               startup_stm32f4xx.o


==============================================================================

Image component sizes


      Code (inc. data)   RO Data    RW Data    ZI Data      Debug   Object Name

        64         10          0          0          0     307586   application.o
       940         46         24          0          0      22677   board.o
       340        162        964          8          0       2433   ccfile.o
       100          6         53          4          0       2406   clock.o
      3792       1484       1321          4          0      12712   cmd.o
        64         12         12          0          0       1886   components.o
       272         24          0          0          0        860   context_rvds.o
       448        220         19         16          0       3955   cpuport.o
      1220        144        210          0          0       7752   dataqueue.o
      1028        122        180          0          0       5766   devfs.o
      1080        166        435          0          0       7407   device.o
       980        122         39        256        600       9055   dfs.o
      2952        260        189          8          0      17981   dfs_elm.o
      1756        192        163          0        292       7631   dfs_file.o
      1728        324         98          0          0       6134   dfs_fs.o
      1476         12        381          0          0      10529   dfs_posix.o
     12512        130         58         10          0      31237   ff.o
      6136        156          0          8          0      11186   finsh_compiler.o
        44         10        243         64          0       1889   finsh_error.o
       528         18          0          8        128       3615   finsh_heap.o
        88          6          0          0          0       1804   finsh_init.o
       388          4          0          0        320       3636   finsh_node.o
      2780         36        196          0          0       9092   finsh_ops.o
      2428         32          0          0          0       9981   finsh_parser.o
      1604         18        126          0          0       6156   finsh_token.o
       412         18          0          4        192       7677   finsh_var.o
       228         34          0         12        384       7346   finsh_vm.o
       412        106         22          4        648       3199   idle.o
      6316        394       1287          0          0      27393   ipc.o
        72          6        147          1          0       2463   irq.o
      2484        170        813          8        128      14953   kservice.o
      2484        592        429         32         36       6761   mem.o
      1572        204        212          0          0       5437   memheap.o
      1088        116        183          8          0       6504   mempool.o
       504         86          0          0          0       2253   misc.o
         0          0         84          0          0       5718   mnttable.o
      5036        612        177         20          0      17462   module.o
       904        184        128        196          0       6479   object.o
      1302        204        177          0          0       8345   pipe.o
       440         82          4         24        360       4287   platform.o
       884        176        194          0          0       5809   portal.o
      1344         90        358          0          0       7986   ringbuffer.o
       316         14        153          4          0       4226   rtc.o
       812        180         78         28        256       4867   scheduler.o
      7596        490         18         24       1340      28699   sdio_sd.o
      1496        214        134          0          0       6089   serial.o
      2076        274         81        133       4232       6322   shell.o
      1900        144        163          0          0       6474   spi_core.o
       920        204        217          0          0       4795   spi_dev.o
      1534        464         39          0        124       8100   spi_flash_w25qxx.o
       172         88          0          0          0       1439   startup.o
        64         26        392          0       1536        948   startup_stm32f4xx.o
       672         34          0          8          0       2913   stm32f20x_40x_spi.o
      1076        310         19        100         68       4485   stm32f4_rtc.o
      4968        316         67          0          0       9177   stm32f4xx_dma.o
       724         14         68          0          0       2935   stm32f4xx_exti.o
      2248         86         68          0          0       5637   stm32f4xx_gpio.o
       126          0          0          0          0       1596   stm32f4xx_it.o
       524         18         67          0          0       3012   stm32f4xx_pwr.o
      3324        218         67         16          0      13783   stm32f4xx_rcc.o
      5876         72         67          0          0      17660   stm32f4xx_rtc.o
      1564         38         68          0          0       8620   stm32f4xx_sdio.o
      2888         72         67          0          0       8765   stm32f4xx_spi.o
      3620        116         69          0          0      10304   stm32f4xx_usart.o
         0          0          0         16          0       4369   symbol.o
       528         46          0         20          0       2175   system_stm32f4xx.o
      1736        248        491          0          0      10477   thread.o
      1096        130        256         12          0       8066   timer.o
      1040        130         76         12        196      27341   usart.o

    ----------------------------------------------------------------------
    119132      10736      11705       1076      10840     858712   Object Totals
         0          0         32          0          0          0   (incl. Generated)
         6          0         22          8          0          0   (incl. Padding)

    ----------------------------------------------------------------------

      Code (inc. data)   RO Data    RW Data    ZI Data      Debug   Library Member Name

        90          0          0          0          0          0   __dczerorl2.o
         8          0          0          0          0         68   __main.o
       392          4         17          0          0         92   __printf_flags_ss_wp.o
        14          0          0          0          0         68   __printf_wp.o
         0          0          0          0          0          0   __rtentry.o
        12          0          0          0          0          0   __rtentry2.o
         6          0          0          0          0          0   __rtentry4.o
        52          8          0          0          0          0   __scatter.o
        28          0          0          0          0          0   __scatter_zi.o
        28          0          0          0          0         68   _chval.o
         0          0         12          0          0          0   _monlen.o
         6          0          0          0          0          0   _printf_a.o
         6          0          0          0          0          0   _printf_c.o
        44          0          0          0          0        108   _printf_char.o
        48          6          0          0          0         96   _printf_char_common.o
        40          0          0          0          0         68   _printf_charcount.o
         6          0          0          0          0          0   _printf_d.o
       120         16          0          0          0         92   _printf_dec.o
         6          0          0          0          0          0   _printf_e.o
         6          0          0          0          0          0   _printf_f.o
      1050          0          0          0          0        216   _printf_fp_dec.o
       764         10         38          0          0        100   _printf_fp_hex.o
       128         16          0          0          0         84   _printf_fp_infnan.o
         6          0          0          0          0          0   _printf_g.o
       148          4         40          0          0        160   _printf_hex_int_ll_ptr.o
         6          0          0          0          0          0   _printf_i.o
       178          0          0          0          0         88   _printf_intcommon.o
        10          0          0          0          0          0   _printf_l.o
         6          0          0          0          0          0   _printf_lc.o
        10          0          0          0          0          0   _printf_ll.o
         6          0          0          0          0          0   _printf_lld.o
         6          0          0          0          0          0   _printf_lli.o
         6          0          0          0          0          0   _printf_llo.o
         6          0          0          0          0          0   _printf_llu.o
         6          0          0          0          0          0   _printf_llx.o
       124         16          0          0          0         92   _printf_longlong_dec.o
         6          0          0          0          0          0   _printf_ls.o
         6          0          0          0          0          0   _printf_n.o
         6          0          0          0          0          0   _printf_o.o
       112          8          0          0          0        124   _printf_oct_int_ll.o
         6          0          0          0          0          0   _printf_p.o
        78          0          0          0          0        108   _printf_pad.o
         0          0          0          0          0          0   _printf_percent.o
         4          0          0          0          0          0   _printf_percent_end.o
         6          0          0          0          0          0   _printf_s.o
        82          0          0          0          0         80   _printf_str.o
        36          0          0          0          0         84   _printf_truncate.o
         6          0          0          0          0          0   _printf_u.o
        44          0          0          0          0        108   _printf_wchar.o
       188          6          8          0          0         92   _printf_wctomb.o
         6          0          0          0          0          0   _printf_x.o
        10          0          0          0          0         68   _sputc.o
       158          0          0          0          0         92   _strtoul.o
        64          0          0          0          0         92   _wcrtomb.o
        12          6          0          0         68         68   asctime.o
       104         30          0          0          0         88   asctime_internal.o
        26          0          0          0          0         80   atoi.o
       220          4        148          0          0         96   bigflt0.o
      1910        128          0          0          0        672   btod.o
        14          0          0          0          0         80   ctime.o
        18          0          0          0          0         80   exit.o
         6          0          0          0          0        152   heapauxi.o
         0          0          0          0          0          0   indicate_semi.o
        44         10        272          0          0         76   lc_ctype_c.o
        44         10         28          0          0         76   lc_numeric_c.o
        44         10        384          0          0         76   lc_time_c.o
         2          0          0          0          0          0   libinit.o
        44          0          0          0          0          0   libinit2.o
         2          0          0          0          0          0   libshutdown.o
         2          0          0          0          0          0   libshutdown2.o
         8          4          0          0         96         68   libspace.o
       138          0          0          0          0         80   lludiv10.o
        12          6          0          0         44         68   localtime.o
       184          6          0          0          0         80   localtime_internal.o
       424         10          0          0          0        124   mktime.o
        16          4          0          0          0         76   rt_ctype_table.o
         8          4          0          0          0         68   rt_errno_addr_intlibspace.o
         8          4          0          0          0         68   rt_locale_intlibspace.o
        68          0          0          0          0         68   rt_memclr.o
        78          0          0          0          0         80   rt_memclr_w.o
       138          0          0          0          0         68   rt_memcpy_v6.o
       100          0          0          0          0         80   rt_memcpy_w.o
         2          0          0          0          0          0   rtexit.o
        10          0          0          0          0          0   rtexit2.o
        44          6          0          0          0         84   sprintf.o
        24          0          0          0          0         68   strcat.o
        62          0          0          0          0         76   strlen.o
       150          0          0          0          0         80   strncmp.o
        86          0          0          0          0         76   strncpy.o
       112          0          0          0          0         88   strtol.o
        12          4          0          0          0         68   sys_exit.o
        74          0          0          0          0         80   sys_stackheap_outer.o
         2          0          0          0          0         68   use_no_semi.o
        10          0          0          0          0        116   fpinit.o
         4          0          0          0          0        116   printf1.o
         4          0          0          0          0        116   printf2.o
         0          0          0          0          0          0   usenofp.o
        48          0          0          0          0        124   fpclassify.o

    ----------------------------------------------------------------------
      8528        340        951          0        212       5880   Library Totals
        20          0          4          0          4          0   (incl. Padding)

    ----------------------------------------------------------------------

      Code (inc. data)   RO Data    RW Data    ZI Data      Debug   Library Name

      8442        340        947          0        208       5408   c_w.l
        18          0          0          0          0        348   fz_wm.l
        48          0          0          0          0        124   m_wm.l

    ----------------------------------------------------------------------
      8528        340        951          0        212       5880   Library Totals

    ----------------------------------------------------------------------

==============================================================================


      Code (inc. data)   RO Data    RW Data    ZI Data      Debug   

    127660      11076      12656       1076      11052     849624   Grand Totals
    127660      11076      12656        248      11052     849624   ELF Image Totals (compressed)
    127660      11076      12656        248          0          0   ROM Totals

==============================================================================

    Total RO  Size (Code + RO Data)               140316 ( 137.03kB)
    Total RW  Size (RW Data + ZI Data)             12128 (  11.84kB)
    Total ROM Size (Code + RO Data + RW Data)     140564 ( 137.27kB)

==============================================================================

