Component: ARM Compiler 5.06 update 1 (build 61) Tool: armlink [4d35a8]

==============================================================================

Section Cross References

    application.o(.text) refers to led.o(.text) for rt_hw_led_init
    application.o(.text) refers to kservice.o(.text) for rt_kprintf
    application.o(.text) refers to thread.o(.text) for rt_thread_delay
    application.o(.text) refers to platform.o(.text) for rt_platform_init
    application.o(.text) refers to components.o(.text) for rt_components_init
    application.o(.text) refers to application.o(.bss) for led_stack
    mnttable.o(.constdata) refers to mnttable.o(.conststring) for .conststring
    startup.o(.text) refers to kservice.o(.text) for rt_kprintf
    startup.o(.text) refers to board.o(.text) for rt_hw_board_init
    startup.o(.text) refers to mem.o(.text) for rt_system_heap_init
    startup.o(.text) refers to scheduler.o(.text) for rt_system_scheduler_init
    startup.o(.text) refers to timer.o(.text) for rt_system_timer_thread_init
    startup.o(.text) refers to application.o(.text) for rt_application_init
    startup.o(.text) refers to idle.o(.text) for rt_thread_idle_init
    startup.o(.text) refers to context_rvds.o(.text) for rt_hw_interrupt_disable
    board.o(.text) refers to misc.o(.text) for NVIC_SetVectorTable
    board.o(.text) refers to irq.o(.text) for rt_interrupt_enter
    board.o(.text) refers to clock.o(.text) for rt_tick_increase
    board.o(.text) refers to stm32f10x_rcc.o(.text) for RCC_APB2PeriphClockCmd
    board.o(.text) refers to stm32f10x_gpio.o(.text) for GPIO_Init
    board.o(.text) refers to components.o(.text) for rt_components_board_init
    board.o(.text) refers to kservice.o(.text) for rt_console_set_device
    board.o(.text) refers to system_stm32f10x.o(.data) for SystemCoreClock
    board.o(FSymTab) refers to board.o(.constdata) for __fsym_reset_name
    board.o(FSymTab) refers to board.o(.text) for reset
    platform.o(.text) refers to stm32f10x_rcc.o(.text) for RCC_APB2PeriphClockCmd
    platform.o(.text) refers to stm32f10x_gpio.o(.text) for GPIO_Init
    platform.o(.text) refers to stm32f10xx_spi.o(.text) for stm32_spi_register
    platform.o(.text) refers to spi_core.o(.text) for rt_spi_bus_attach_device
    platform.o(.text) refers to spi_flash_w25qxx.o(.text) for w25qxx_init
    platform.o(.text) refers to sdcard.o(.text) for rt_hw_sdcard_init
    platform.o(.text) refers to thread.o(.text) for rt_thread_delay
    platform.o(.text) refers to device.o(.text) for rt_device_init_all
    platform.o(.text) refers to platform.o(.bss) for stm32_spi
    platform.o(.text) refers to platform.o(.data) for spi_cs
    platform.o(.rti_fn.1) refers to platform.o(.text) for rt_hw_spi1_init
    led.o(.text) refers to stm32f10x_rcc.o(.text) for RCC_APB2PeriphClockCmd
    led.o(.text) refers to stm32f10x_gpio.o(.text) for GPIO_Init
    led.o(.text) refers to led.o(.data) for led_inited
    led.o(FSymTab) refers to led.o(.constdata) for __fsym_led_name
    led.o(FSymTab) refers to led.o(.text) for led
    usart.o(.text) refers to kservice.o(.text) for rt_kprintf
    usart.o(.text) refers to stm32f10x_usart.o(.text) for USART_Init
    usart.o(.text) refers to irq.o(.text) for rt_interrupt_enter
    usart.o(.text) refers to serial.o(.text) for rt_hw_serial_isr
    usart.o(.text) refers to stm32f10x_rcc.o(.text) for RCC_APB2PeriphClockCmd
    usart.o(.text) refers to stm32f10x_gpio.o(.text) for GPIO_Init
    usart.o(.text) refers to misc.o(.text) for NVIC_Init
    usart.o(.text) refers to usart.o(.constdata) for __FUNCTION__
    usart.o(.text) refers to usart.o(.data) for uart1
    usart.o(.text) refers to usart.o(.bss) for serial1
    usart.o(.constdata) refers to usart.o(.text) for stm32_configure
    usart.o(.rti_fn.1) refers to usart.o(.text) for rt_hw_usart_init
    sdcard.o(.text) refers to stm32f10x_sdio.o(.text) for SDIO_ClearFlag
    sdcard.o(.text) refers to sdcard.o(.data) for CardType
    sdcard.o(.text) refers to sdcard.o(.bss) for SDIO_CmdInitStructure
    sdcard.o(.text) refers to stm32f10x_rcc.o(.text) for RCC_APB2PeriphClockCmd
    sdcard.o(.text) refers to stm32f10x_gpio.o(.text) for GPIO_Init
    sdcard.o(.text) refers to stm32f10x_dma.o(.text) for DMA_ClearFlag
    sdcard.o(.text) refers to clock.o(.text) for rt_tick_get
    sdcard.o(.text) refers to misc.o(.text) for NVIC_Init
    sdcard.o(.text) refers to ipc.o(.text) for rt_sem_init
    sdcard.o(.text) refers to kservice.o(.text) for rt_kprintf
    sdcard.o(.text) refers to mem.o(.text) for rt_malloc
    sdcard.o(.text) refers to dfs_fs.o(.text) for dfs_filesystem_get_partition
    sdcard.o(.text) refers to device.o(.text) for rt_device_register
    sdcard.o(.text) refers to sdcard.o(.constdata) for __FUNCTION__
    sdcard.o(.text) refers to irq.o(.text) for rt_interrupt_enter
    stm32f10xx_spi.o(.text) refers to stm32f10x_spi.o(.text) for SPI_StructInit
[...]
    __rtmsym_rt_sem_take_name                0x0801dae4   Data          12  ipc.o(.constdata)
    __rtmsym_rt_sem_trytake_name             0x0801daf0   Data          15  ipc.o(.constdata)
    __rtmsym_rt_sem_release_name             0x0801daff   Data          15  ipc.o(.constdata)
    __rtmsym_rt_sem_control_name             0x0801db0e   Data          15  ipc.o(.constdata)
    __rtmsym_rt_mutex_init_name              0x0801db1d   Data          14  ipc.o(.constdata)
    __rtmsym_rt_mutex_detach_name            0x0801db2b   Data          16  ipc.o(.constdata)
    __rtmsym_rt_mutex_create_name            0x0801db3b   Data          16  ipc.o(.constdata)
    __rtmsym_rt_mutex_delete_name            0x0801db4b   Data          16  ipc.o(.constdata)
    __rtmsym_rt_mutex_take_name              0x0801db5b   Data          14  ipc.o(.constdata)
    __rtmsym_rt_mutex_release_name           0x0801db69   Data          17  ipc.o(.constdata)
    __rtmsym_rt_mutex_control_name           0x0801db7a   Data          17  ipc.o(.constdata)
    __rtmsym_rt_event_init_name              0x0801db8b   Data          14  ipc.o(.constdata)
    __rtmsym_rt_event_detach_name            0x0801db99   Data          16  ipc.o(.constdata)
    __rtmsym_rt_event_create_name            0x0801dba9   Data          16  ipc.o(.constdata)
    __rtmsym_rt_event_delete_name            0x0801dbb9   Data          16  ipc.o(.constdata)
    __rtmsym_rt_event_send_name              0x0801dbc9   Data          14  ipc.o(.constdata)
    __rtmsym_rt_event_recv_name              0x0801dbd7   Data          14  ipc.o(.constdata)
    __rtmsym_rt_event_control_name           0x0801dbe5   Data          17  ipc.o(.constdata)
    __rtmsym_rt_mb_init_name                 0x0801dbf6   Data          11  ipc.o(.constdata)
    __rtmsym_rt_mb_detach_name               0x0801dc01   Data          13  ipc.o(.constdata)
    __rtmsym_rt_mb_create_name               0x0801dc0e   Data          13  ipc.o(.constdata)
    __rtmsym_rt_mb_delete_name               0x0801dc1b   Data          13  ipc.o(.constdata)
    __rtmsym_rt_mb_send_wait_name            0x0801dc28   Data          16  ipc.o(.constdata)
    __rtmsym_rt_mb_send_name                 0x0801dc38   Data          11  ipc.o(.constdata)
    __rtmsym_rt_mb_recv_name                 0x0801dc43   Data          11  ipc.o(.constdata)
    __rtmsym_rt_mb_control_name              0x0801dc4e   Data          14  ipc.o(.constdata)
    __rtmsym_rt_mq_init_name                 0x0801dc5c   Data          11  ipc.o(.constdata)
    __rtmsym_rt_mq_detach_name               0x0801dc67   Data          13  ipc.o(.constdata)
    __rtmsym_rt_mq_create_name               0x0801dc74   Data          13  ipc.o(.constdata)
    __rtmsym_rt_mq_delete_name               0x0801dc81   Data          13  ipc.o(.constdata)
    __rtmsym_rt_mq_send_name                 0x0801dc8e   Data          11  ipc.o(.constdata)
    __rtmsym_rt_mq_urgent_name               0x0801dc99   Data          13  ipc.o(.constdata)
    __rtmsym_rt_mq_recv_name                 0x0801dca6   Data          11  ipc.o(.constdata)
    __rtmsym_rt_mq_control_name              0x0801dcb1   Data          14  ipc.o(.constdata)
    __rtmsym_rt_interrupt_enter_name         0x0801de85   Data          19  irq.o(.constdata)
    __rtmsym_rt_interrupt_leave_name         0x0801de98   Data          19  irq.o(.constdata)
    __rtmsym_rt_interrupt_get_nest_name      0x0801deab   Data          22  irq.o(.constdata)
    __rtmsym_rt_hw_interrupt_disable_name    0x0801dec1   Data          24  irq.o(.constdata)
    __rtmsym_rt_hw_interrupt_enable_name     0x0801ded9   Data          23  irq.o(.constdata)
    __rtmsym_rt_get_errno_name               0x0801def0   Data          13  kservice.o(.constdata)
    __rtmsym_rt_set_errno_name               0x0801defd   Data          13  kservice.o(.constdata)
    __rtmsym__rt_errno_name                  0x0801df0a   Data          10  kservice.o(.constdata)
    __rtmsym_rt_memset_name                  0x0801df14   Data          10  kservice.o(.constdata)
    __rtmsym_rt_memcpy_name                  0x0801df1e   Data          10  kservice.o(.constdata)
    __rtmsym_rt_memmove_name                 0x0801df28   Data          11  kservice.o(.constdata)
    __rtmsym_rt_memcmp_name                  0x0801df33   Data          10  kservice.o(.constdata)
    __rtmsym_rt_strstr_name                  0x0801df3d   Data          10  kservice.o(.constdata)
    __rtmsym_rt_strcasecmp_name              0x0801df47   Data          14  kservice.o(.constdata)
    __rtmsym_rt_strncpy_name                 0x0801df55   Data          11  kservice.o(.constdata)
    __rtmsym_rt_strncmp_name                 0x0801df60   Data          11  kservice.o(.constdata)
    __rtmsym_rt_strcmp_name                  0x0801df6b   Data          10  kservice.o(.constdata)
    __rtmsym_rt_strlen_name                  0x0801df75   Data          10  kservice.o(.constdata)
    __rtmsym_rt_strdup_name                  0x0801df7f   Data          10  kservice.o(.constdata)
    __rtmsym_rt_show_version_name            0x0801df89   Data          16  kservice.o(.constdata)
    __rtmsym_rt_vsnprintf_name               0x0801df99   Data          13  kservice.o(.constdata)
    __rtmsym_rt_snprintf_name                0x0801dfa6   Data          12  kservice.o(.constdata)
    __rtmsym_rt_vsprintf_name                0x0801dfb2   Data          12  kservice.o(.constdata)
    __rtmsym_rt_sprintf_name                 0x0801dfbe   Data          11  kservice.o(.constdata)
    __rtmsym_rt_console_get_device_name      0x0801dfc9   Data          22  kservice.o(.constdata)
    __rtmsym_rt_console_set_device_name      0x0801dfdf   Data          22  kservice.o(.constdata)
    __rtmsym_rt_hw_console_output_name       0x0801dff5   Data          21  kservice.o(.constdata)
    __rtmsym_rt_kprintf_name                 0x0801e00a   Data          11  kservice.o(.constdata)
    __rtmsym_rt_malloc_align_name            0x0801e015   Data          16  kservice.o(.constdata)
    __rtmsym_rt_free_align_name              0x0801e025   Data          14  kservice.o(.constdata)
    __lowest_bit_bitmap                      0x0801e033   Data         256  kservice.o(.constdata)
    __rtmsym_rt_malloc_name                  0x0801e155   Data          10  mem.o(.constdata)
    __rtmsym_rt_realloc_name                 0x0801e15f   Data          11  mem.o(.constdata)
    __rtmsym_rt_calloc_name                  0x0801e16a   Data          10  mem.o(.constdata)
    __rtmsym_rt_free_name                    0x0801e174   Data           8  mem.o(.constdata)
    __fsym_list_mem_name                     0x0801e17c   Data           9  mem.o(.constdata)
    __fsym_list_mem_desc                     0x0801e185   Data          30  mem.o(.constdata)
    __rtmsym_rt_memheap_init_name            0x0801e1e9   Data          16  memheap.o(.constdata)
    __rtmsym_rt_memheap_detach_name          0x0801e1f9   Data          18  memheap.o(.constdata)
    __rtmsym_rt_memheap_alloc_name           0x0801e20b   Data          17  memheap.o(.constdata)
    __rtmsym_rt_memheap_realloc_name         0x0801e21c   Data          19  memheap.o(.constdata)
    __rtmsym_rt_memheap_free_name            0x0801e22f   Data          16  memheap.o(.constdata)
    __rtmsym_rt_mp_init_name                 0x0801e295   Data          11  mempool.o(.constdata)
    __rtmsym_rt_mp_detach_name               0x0801e2a0   Data          13  mempool.o(.constdata)
    __rtmsym_rt_mp_create_name               0x0801e2ad   Data          13  mempool.o(.constdata)
    __rtmsym_rt_mp_delete_name               0x0801e2ba   Data          13  mempool.o(.constdata)
    __rtmsym_rt_mp_alloc_name                0x0801e2c7   Data          12  mempool.o(.constdata)
    __rtmsym_rt_mp_free_name                 0x0801e2d3   Data          11  mempool.o(.constdata)
    __fsym_exec_name                         0x0801e31c   Data           5  module.o(.constdata)
    __fsym_exec_desc                         0x0801e321   Data          24  module.o(.constdata)
    __rtmsym_rt_object_get_information_name  0x0801e3bd   Data          26  object.o(.constdata)
    __rtmsym_rt_thread_init_name             0x0801e483   Data          15  thread.o(.constdata)
    __rtmsym_rt_thread_self_name             0x0801e492   Data          15  thread.o(.constdata)
    __rtmsym_rt_thread_startup_name          0x0801e4a1   Data          18  thread.o(.constdata)
    __rtmsym_rt_thread_detach_name           0x0801e4b3   Data          17  thread.o(.constdata)
    __rtmsym_rt_thread_create_name           0x0801e4c4   Data          17  thread.o(.constdata)
    __rtmsym_rt_thread_delete_name           0x0801e4d5   Data          17  thread.o(.constdata)
    __rtmsym_rt_thread_yield_name            0x0801e4e6   Data          16  thread.o(.constdata)
    __rtmsym_rt_thread_delay_name            0x0801e4f6   Data          16  thread.o(.constdata)
    __rtmsym_rt_thread_control_name          0x0801e506   Data          18  thread.o(.constdata)
    __rtmsym_rt_thread_suspend_name          0x0801e518   Data          18  thread.o(.constdata)
    __rtmsym_rt_thread_resume_name           0x0801e52a   Data          17  thread.o(.constdata)
    __rtmsym_rt_thread_timeout_name          0x0801e53b   Data          18  thread.o(.constdata)
    __rtmsym_rt_thread_find_name             0x0801e54d   Data          15  thread.o(.constdata)
    __rtmsym_rt_timer_init_name              0x0801e606   Data          14  timer.o(.constdata)
    __rtmsym_rt_timer_detach_name            0x0801e614   Data          16  timer.o(.constdata)
    __rtmsym_rt_timer_create_name            0x0801e624   Data          16  timer.o(.constdata)
    __rtmsym_rt_timer_delete_name            0x0801e634   Data          16  timer.o(.constdata)
    __rtmsym_rt_timer_start_name             0x0801e644   Data          15  timer.o(.constdata)
    __rtmsym_rt_timer_stop_name              0x0801e653   Data          14  timer.o(.constdata)
    __rtmsym_rt_timer_control_name           0x0801e661   Data          17  timer.o(.constdata)
    __fsym_mkfs_name                         0x0801e704   Data           5  dfs_fs.o(.constdata)
    __fsym_mkfs_desc                         0x0801e709   Data          19  dfs_fs.o(.constdata)
    __fsym_df_name                           0x0801e71c   Data           3  dfs_fs.o(.constdata)
    __fsym_df_desc                           0x0801e71f   Data          14  dfs_fs.o(.constdata)
    __fsym_ls_name                           0x0801e74a   Data           3  dfs_file.o(.constdata)
    __fsym_ls_desc                           0x0801e74d   Data          24  dfs_file.o(.constdata)
    __fsym_rm_name                           0x0801e765   Data           3  dfs_file.o(.constdata)
    __fsym_rm_desc                           0x0801e768   Data          28  dfs_file.o(.constdata)
    __fsym_cat_name                          0x0801e784   Data           4  dfs_file.o(.constdata)
    __fsym_cat_desc                          0x0801e788   Data          11  dfs_file.o(.constdata)
    __fsym_copy_name                         0x0801e793   Data           5  dfs_file.o(.constdata)
    __fsym_copy_desc                         0x0801e798   Data          37  dfs_file.o(.constdata)
    __rtmsym_open_name                       0x0801e7bd   Data           5  dfs_posix.o(.constdata)
    __rtmsym_close_name                      0x0801e7c2   Data           6  dfs_posix.o(.constdata)
    __rtmsym_read_name                       0x0801e7c8   Data           5  dfs_posix.o(.constdata)
    __rtmsym_write_name                      0x0801e7cd   Data           6  dfs_posix.o(.constdata)
    __rtmsym_lseek_name                      0x0801e7d3   Data           6  dfs_posix.o(.constdata)
    __rtmsym_rename_name                     0x0801e7d9   Data           7  dfs_posix.o(.constdata)
    __rtmsym_unlink_name                     0x0801e7e0   Data           7  dfs_posix.o(.constdata)
    __rtmsym_stat_name                       0x0801e7e7   Data           5  dfs_posix.o(.constdata)
    __rtmsym_fstat_name                      0x0801e7ec   Data           6  dfs_posix.o(.constdata)
    __rtmsym_statfs_name                     0x0801e7f2   Data           7  dfs_posix.o(.constdata)
    __rtmsym_mkdir_name                      0x0801e7f9   Data           6  dfs_posix.o(.constdata)
    __fsym_mkdir_name                        0x0801e7ff   Data           6  dfs_posix.o(.constdata)
    __fsym_mkdir_desc                        0x0801e805   Data          19  dfs_posix.o(.constdata)
    __rtmsym_rmdir_name                      0x0801e818   Data           6  dfs_posix.o(.constdata)
    __rtmsym_opendir_name                    0x0801e81e   Data           8  dfs_posix.o(.constdata)
    __rtmsym_readdir_name                    0x0801e826   Data           8  dfs_posix.o(.constdata)
    __rtmsym_telldir_name                    0x0801e82e   Data           8  dfs_posix.o(.constdata)
    __rtmsym_seekdir_name                    0x0801e836   Data           8  dfs_posix.o(.constdata)
    __rtmsym_rewinddir_name                  0x0801e83e   Data          10  dfs_posix.o(.constdata)
    __rtmsym_closedir_name                   0x0801e848   Data           9  dfs_posix.o(.constdata)
    __rtmsym_chdir_name                      0x0801e851   Data           6  dfs_posix.o(.constdata)
    __fsym_cd_name                           0x0801e857   Data           3  dfs_posix.o(.constdata)
    __fsym_cd_desc                           0x0801e85a   Data          33  dfs_posix.o(.constdata)
    __rtmsym_getcwd_name                     0x0801e87b   Data           7  dfs_posix.o(.constdata)
    __fsym_list_date_name                    0x0801ede2   Data          10  rtc.o(.constdata)
    __fsym_list_date_desc                    0x0801edec   Data          20  rtc.o(.constdata)
    __fsym_set_date_name                     0x0801ee00   Data           9  rtc.o(.constdata)
    __fsym_set_date_desc                     0x0801ee09   Data          35  rtc.o(.constdata)
    __fsym_set_time_name                     0x0801ee2c   Data           9  rtc.o(.constdata)
    __fsym_set_time_desc                     0x0801ee35   Data          34  rtc.o(.constdata)
    __rtmsym_rt_data_queue_init_name         0x0801f059   Data          19  dataqueue.o(.constdata)
    __rtmsym_rt_data_queue_push_name         0x0801f06c   Data          19  dataqueue.o(.constdata)
    __rtmsym_rt_data_queue_pop_name          0x0801f07f   Data          18  dataqueue.o(.constdata)
    __rtmsym_rt_data_queue_peak_name         0x0801f091   Data          19  dataqueue.o(.constdata)
    __rtmsym_rt_data_queue_reset_name        0x0801f0a4   Data          20  dataqueue.o(.constdata)
    __rtmsym_rt_pipe_init_name               0x0801f103   Data          13  pipe.o(.constdata)
    __rtmsym_rt_pipe_detach_name             0x0801f110   Data          15  pipe.o(.constdata)
    __rtmsym_rt_pipe_create_name             0x0801f11f   Data          15  pipe.o(.constdata)
    __rtmsym_rt_pipe_destroy_name            0x0801f12e   Data          16  pipe.o(.constdata)
    __rtmsym_rt_portal_init_name             0x0801f194   Data          15  portal.o(.constdata)
    __rtmsym_rt_portal_detach_name           0x0801f1a3   Data          17  portal.o(.constdata)
    __rtmsym_rt_portal_create_name           0x0801f1b4   Data          17  portal.o(.constdata)
    __rtmsym_rt_portal_destroy_name          0x0801f1c5   Data          18  portal.o(.constdata)
    __rtmsym_rt_ringbuffer_init_name         0x0801f236   Data          19  ringbuffer.o(.constdata)
    __rtmsym_rt_ringbuffer_put_name          0x0801f249   Data          18  ringbuffer.o(.constdata)
    __rtmsym_rt_ringbuffer_put_force_name    0x0801f25b   Data          24  ringbuffer.o(.constdata)
    __rtmsym_rt_ringbuffer_get_name          0x0801f273   Data          18  ringbuffer.o(.constdata)
    __rtmsym_rt_ringbuffer_putchar_name      0x0801f285   Data          22  ringbuffer.o(.constdata)
    __rtmsym_rt_ringbuffer_putchar_force_name 0x0801f29b   Data          28  ringbuffer.o(.constdata)
    __rtmsym_rt_ringbuffer_getchar_name      0x0801f2b7   Data          22  ringbuffer.o(.constdata)
    __fsym_hello_name                        0x0801f364   Data           6  cmd.o(.constdata)
    __fsym_hello_desc                        0x0801f36a   Data          16  cmd.o(.constdata)
    __fsym_version_name                      0x0801f37a   Data           8  cmd.o(.constdata)
    __fsym_version_desc                      0x0801f382   Data          35  cmd.o(.constdata)
    __fsym_list_thread_name                  0x0801f3a5   Data          12  cmd.o(.constdata)
    __fsym_list_thread_desc                  0x0801f3b1   Data          12  cmd.o(.constdata)
    __fsym_list_sem_name                     0x0801f3bd   Data           9  cmd.o(.constdata)
    __fsym_list_sem_desc                     0x0801f3c6   Data          25  cmd.o(.constdata)
    __fsym_list_event_name                   0x0801f3df   Data          11  cmd.o(.constdata)
    __fsym_list_event_desc                   0x0801f3ea   Data          21  cmd.o(.constdata)
    __fsym_list_mutex_name                   0x0801f3ff   Data          11  cmd.o(.constdata)
    __fsym_list_mutex_desc                   0x0801f40a   Data          21  cmd.o(.constdata)
    __fsym_list_mailbox_name                 0x0801f41f   Data          13  cmd.o(.constdata)
    __fsym_list_mailbox_desc                 0x0801f42c   Data          24  cmd.o(.constdata)
    __fsym_list_msgqueue_name                0x0801f444   Data          14  cmd.o(.constdata)
    __fsym_list_msgqueue_desc                0x0801f452   Data          29  cmd.o(.constdata)
    __fsym_list_memheap_name                 0x0801f46f   Data          13  cmd.o(.constdata)
    __fsym_list_memheap_desc                 0x0801f47c   Data          27  cmd.o(.constdata)
    __fsym_list_mempool_name                 0x0801f497   Data          13  cmd.o(.constdata)
    __fsym_list_mempool_desc                 0x0801f4a4   Data          27  cmd.o(.constdata)
    __fsym_list_timer_name                   0x0801f4bf   Data          11  cmd.o(.constdata)
    __fsym_list_timer_desc                   0x0801f4ca   Data          21  cmd.o(.constdata)
    __fsym_list_device_name                  0x0801f4df   Data          12  cmd.o(.constdata)
    __fsym_list_device_desc                  0x0801f4eb   Data          22  cmd.o(.constdata)
    __fsym_list_module_name                  0x0801f501   Data          12  cmd.o(.constdata)
    __fsym_list_module_desc                  0x0801f50d   Data          22  cmd.o(.constdata)
    __fsym_list_mod_detail_name              0x0801f523   Data          16  cmd.o(.constdata)
    __fsym_list_mod_detail_desc              0x0801f533   Data          30  cmd.o(.constdata)
    __fsym_list_name                         0x0801f551   Data           5  cmd.o(.constdata)
    __fsym_list_desc                         0x0801f556   Data          26  cmd.o(.constdata)
    __vsym_dummy_name                        0x0801f570   Data           6  cmd.o(.constdata)
    __vsym_dummy_desc                        0x0801f576   Data          25  cmd.o(.constdata)
    op_table                                 0x0801f5dc   Data         196  finsh_ops.o(.constdata)
    _monlen                                  0x0801f72d   Data          12  _monlen.o(.constdata)
    __rt_init_rti_start                      0x0801fc6c   Data           4  components.o(.rti_fn.0)
    __rt_init_rt_hw_spi1_init                0x0801fc70   Data           4  platform.o(.rti_fn.1)
    __rt_init_rt_hw_usart_init               0x0801fc74   Data           4  usart.o(.rti_fn.1)
    __rt_init_rti_board_end                  0x0801fc78   Data           4  components.o(.rti_fn.1.post)
    __rt_init_rt_hw_rtc_init                 0x0801fc7c   Data           4  stm32f1_rtc.o(.rti_fn.2)
    __rt_init_rt_system_module_init          0x0801fc80   Data           4  module.o(.rti_fn.3)
    __rt_init_dfs_init                       0x0801fc84   Data           4  dfs.o(.rti_fn.3)
    __rt_init_finsh_system_init              0x0801fc88   Data           4  shell.o(.rti_fn.3)
    __rt_init_elm_init                       0x0801fc8c   Data           4  dfs_elm.o(.rti_fn.4)
    __rt_init_devfs_init                     0x0801fc90   Data           4  devfs.o(.rti_fn.4)
    __rt_init_dfs_mount_table                0x0801fc94   Data           4  dfs_fs.o(.rti_fn.5)
    __rt_init_ff_convert_init                0x0801fc98   Data           4  ccfile.o(.rti_fn.6)
    __rt_init_rti_end                        0x0801fc9c   Data           4  components.o(.rti_fn.7)
    FSymTab$$Base                            0x0801fca0   Number         0  board.o(FSymTab)
    __fsym_reset                             0x0801fca0   Data          12  board.o(FSymTab)
    __fsym_led                               0x0801fcac   Data          12  led.o(FSymTab)
    __fsym_list_mem                          0x0801fcb8   Data          12  mem.o(FSymTab)
    __fsym_exec                              0x0801fcc4   Data          12  module.o(FSymTab)
    __fsym_mkfs                              0x0801fcd0   Data          12  dfs_fs.o(FSymTab)
    __fsym_df                                0x0801fcdc   Data          12  dfs_fs.o(FSymTab)
    __fsym_ls                                0x0801fce8   Data          12  dfs_file.o(FSymTab)
    __fsym_rm                                0x0801fcf4   Data          12  dfs_file.o(FSymTab)
    __fsym_cat                               0x0801fd00   Data          12  dfs_file.o(FSymTab)
    __fsym_copy                              0x0801fd0c   Data          12  dfs_file.o(FSymTab)
    __fsym_mkdir                             0x0801fd18   Data          12  dfs_posix.o(FSymTab)
    __fsym_cd                                0x0801fd24   Data          12  dfs_posix.o(FSymTab)
    __fsym_list_date                         0x0801fd30   Data          12  rtc.o(FSymTab)
    __fsym_set_date                          0x0801fd3c   Data          12  rtc.o(FSymTab)
    __fsym_set_time                          0x0801fd48   Data          12  rtc.o(FSymTab)
    __fsym_hello                             0x0801fd54   Data          12  cmd.o(FSymTab)
    __fsym_version                           0x0801fd60   Data          12  cmd.o(FSymTab)
    __fsym_list_thread                       0x0801fd6c   Data          12  cmd.o(FSymTab)
    __fsym_list_sem                          0x0801fd78   Data          12  cmd.o(FSymTab)
    __fsym_list_event                        0x0801fd84   Data          12  cmd.o(FSymTab)
    __fsym_list_mutex                        0x0801fd90   Data          12  cmd.o(FSymTab)
    __fsym_list_mailbox                      0x0801fd9c   Data          12  cmd.o(FSymTab)
    __fsym_list_msgqueue                     0x0801fda8   Data          12  cmd.o(FSymTab)
    __fsym_list_memheap                      0x0801fdb4   Data          12  cmd.o(FSymTab)
    __fsym_list_mempool                      0x0801fdc0   Data          12  cmd.o(FSymTab)
    __fsym_list_timer                        0x0801fdcc   Data          12  cmd.o(FSymTab)
    __fsym_list_device                       0x0801fdd8   Data          12  cmd.o(FSymTab)
    __fsym_list_module                       0x0801fde4   Data          12  cmd.o(FSymTab)
    __fsym_list_mod_detail                   0x0801fdf0   Data          12  cmd.o(FSymTab)
    __fsym_list                              0x0801fdfc   Data          12  cmd.o(FSymTab)
    FSymTab$$Limit                           0x0801fe08   Number         0  cmd.o(FSymTab)
    RTMSymTab$$Base                          0x0801fe08   Number         0  clock.o(RTMSymTab)
    __rtmsym_rt_tick_get                     0x0801fe08   Data           8  clock.o(RTMSymTab)
    __rtmsym_rt_tick_from_millisecond        0x0801fe10   Data           8  clock.o(RTMSymTab)
    __rtmsym_rt_device_register              0x0801fe18   Data           8  device.o(RTMSymTab)
    __rtmsym_rt_device_unregister            0x0801fe20   Data           8  device.o(RTMSymTab)
    __rtmsym_rt_device_find                  0x0801fe28   Data           8  device.o(RTMSymTab)
    __rtmsym_rt_device_open                  0x0801fe30   Data           8  device.o(RTMSymTab)
    __rtmsym_rt_device_close                 0x0801fe38   Data           8  device.o(RTMSymTab)
    __rtmsym_rt_device_read                  0x0801fe40   Data           8  device.o(RTMSymTab)
    __rtmsym_rt_device_write                 0x0801fe48   Data           8  device.o(RTMSymTab)
    __rtmsym_rt_device_control               0x0801fe50   Data           8  device.o(RTMSymTab)
    __rtmsym_rt_device_set_rx_indicate       0x0801fe58   Data           8  device.o(RTMSymTab)
    __rtmsym_rt_device_set_tx_complete       0x0801fe60   Data           8  device.o(RTMSymTab)
    __rtmsym_rt_sem_init                     0x0801fe68   Data           8  ipc.o(RTMSymTab)
    __rtmsym_rt_sem_detach                   0x0801fe70   Data           8  ipc.o(RTMSymTab)
    __rtmsym_rt_sem_create                   0x0801fe78   Data           8  ipc.o(RTMSymTab)
    __rtmsym_rt_sem_delete                   0x0801fe80   Data           8  ipc.o(RTMSymTab)
    __rtmsym_rt_sem_take                     0x0801fe88   Data           8  ipc.o(RTMSymTab)
    __rtmsym_rt_sem_trytake                  0x0801fe90   Data           8  ipc.o(RTMSymTab)
    __rtmsym_rt_sem_release                  0x0801fe98   Data           8  ipc.o(RTMSymTab)
    __rtmsym_rt_sem_control                  0x0801fea0   Data           8  ipc.o(RTMSymTab)
    __rtmsym_rt_mutex_init                   0x0801fea8   Data           8  ipc.o(RTMSymTab)
    __rtmsym_rt_mutex_detach                 0x0801feb0   Data           8  ipc.o(RTMSymTab)
    __rtmsym_rt_mutex_create                 0x0801feb8   Data           8  ipc.o(RTMSymTab)
    __rtmsym_rt_mutex_delete                 0x0801fec0   Data           8  ipc.o(RTMSymTab)
    __rtmsym_rt_mutex_take                   0x0801fec8   Data           8  ipc.o(RTMSymTab)
    __rtmsym_rt_mutex_release                0x0801fed0   Data           8  ipc.o(RTMSymTab)
    __rtmsym_rt_mutex_control                0x0801fed8   Data           8  ipc.o(RTMSymTab)
    __rtmsym_rt_event_init                   0x0801fee0   Data           8  ipc.o(RTMSymTab)
    __rtmsym_rt_event_detach                 0x0801fee8   Data           8  ipc.o(RTMSymTab)
    __rtmsym_rt_event_create                 0x0801fef0   Data           8  ipc.o(RTMSymTab)
    __rtmsym_rt_event_delete                 0x0801fef8   Data           8  ipc.o(RTMSymTab)
    __rtmsym_rt_event_send                   0x0801ff00   Data           8  ipc.o(RTMSymTab)
    __rtmsym_rt_event_recv                   0x0801ff08   Data           8  ipc.o(RTMSymTab)
    __rtmsym_rt_event_control                0x0801ff10   Data           8  ipc.o(RTMSymTab)
    __rtmsym_rt_mb_init                      0x0801ff18   Data           8  ipc.o(RTMSymTab)
    __rtmsym_rt_mb_detach                    0x0801ff20   Data           8  ipc.o(RTMSymTab)
    __rtmsym_rt_mb_create                    0x0801ff28   Data           8  ipc.o(RTMSymTab)
    __rtmsym_rt_mb_delete                    0x0801ff30   Data           8  ipc.o(RTMSymTab)
    __rtmsym_rt_mb_send_wait                 0x0801ff38   Data           8  ipc.o(RTMSymTab)
    __rtmsym_rt_mb_send                      0x0801ff40   Data           8  ipc.o(RTMSymTab)
    __rtmsym_rt_mb_recv                      0x0801ff48   Data           8  ipc.o(RTMSymTab)
    __rtmsym_rt_mb_control                   0x0801ff50   Data           8  ipc.o(RTMSymTab)
    __rtmsym_rt_mq_init                      0x0801ff58   Data           8  ipc.o(RTMSymTab)
    __rtmsym_rt_mq_detach                    0x0801ff60   Data           8  ipc.o(RTMSymTab)
    __rtmsym_rt_mq_create                    0x0801ff68   Data           8  ipc.o(RTMSymTab)
    __rtmsym_rt_mq_delete                    0x0801ff70   Data           8  ipc.o(RTMSymTab)
    __rtmsym_rt_mq_send                      0x0801ff78   Data           8  ipc.o(RTMSymTab)
    __rtmsym_rt_mq_urgent                    0x0801ff80   Data           8  ipc.o(RTMSymTab)
    __rtmsym_rt_mq_recv                      0x0801ff88   Data           8  ipc.o(RTMSymTab)
    __rtmsym_rt_mq_control                   0x0801ff90   Data           8  ipc.o(RTMSymTab)
    __rtmsym_rt_interrupt_enter              0x0801ff98   Data           8  irq.o(RTMSymTab)
    __rtmsym_rt_interrupt_leave              0x0801ffa0   Data           8  irq.o(RTMSymTab)
    __rtmsym_rt_interrupt_get_nest           0x0801ffa8   Data           8  irq.o(RTMSymTab)
    __rtmsym_rt_hw_interrupt_disable         0x0801ffb0   Data           8  irq.o(RTMSymTab)
    __rtmsym_rt_hw_interrupt_enable          0x0801ffb8   Data           8  irq.o(RTMSymTab)
    __rtmsym_rt_get_errno                    0x0801ffc0   Data           8  kservice.o(RTMSymTab)
    __rtmsym_rt_set_errno                    0x0801ffc8   Data           8  kservice.o(RTMSymTab)
    __rtmsym__rt_errno                       0x0801ffd0   Data           8  kservice.o(RTMSymTab)
    __rtmsym_rt_memset                       0x0801ffd8   Data           8  kservice.o(RTMSymTab)
    __rtmsym_rt_memcpy                       0x0801ffe0   Data           8  kservice.o(RTMSymTab)
    __rtmsym_rt_memmove                      0x0801ffe8   Data           8  kservice.o(RTMSymTab)
    __rtmsym_rt_memcmp                       0x0801fff0   Data           8  kservice.o(RTMSymTab)
    __rtmsym_rt_strstr                       0x0801fff8   Data           8  kservice.o(RTMSymTab)
    __rtmsym_rt_strcasecmp                   0x08020000   Data           8  kservice.o(RTMSymTab)
    __rtmsym_rt_strncpy                      0x08020008   Data           8  kservice.o(RTMSymTab)
    __rtmsym_rt_strncmp                      0x08020010   Data           8  kservice.o(RTMSymTab)
    __rtmsym_rt_strcmp                       0x08020018   Data           8  kservice.o(RTMSymTab)
    __rtmsym_rt_strlen                       0x08020020   Data           8  kservice.o(RTMSymTab)
    __rtmsym_rt_strdup                       0x08020028   Data           8  kservice.o(RTMSymTab)
    __rtmsym_rt_show_version                 0x08020030   Data           8  kservice.o(RTMSymTab)
    __rtmsym_rt_vsnprintf                    0x08020038   Data           8  kservice.o(RTMSymTab)
    __rtmsym_rt_snprintf                     0x08020040   Data           8  kservice.o(RTMSymTab)
    __rtmsym_rt_vsprintf                     0x08020048   Data           8  kservice.o(RTMSymTab)
    __rtmsym_rt_sprintf                      0x08020050   Data           8  kservice.o(RTMSymTab)
    __rtmsym_rt_console_get_device           0x08020058   Data           8  kservice.o(RTMSymTab)
    __rtmsym_rt_console_set_device           0x08020060   Data           8  kservice.o(RTMSymTab)
    __rtmsym_rt_hw_console_output            0x08020068   Data           8  kservice.o(RTMSymTab)
    __rtmsym_rt_kprintf                      0x08020070   Data           8  kservice.o(RTMSymTab)
    __rtmsym_rt_malloc_align                 0x08020078   Data           8  kservice.o(RTMSymTab)
    __rtmsym_rt_free_align                   0x08020080   Data           8  kservice.o(RTMSymTab)
    __rtmsym_rt_malloc                       0x08020088   Data           8  mem.o(RTMSymTab)
    __rtmsym_rt_realloc                      0x08020090   Data           8  mem.o(RTMSymTab)
    __rtmsym_rt_calloc                       0x08020098   Data           8  mem.o(RTMSymTab)
    __rtmsym_rt_free                         0x080200a0   Data           8  mem.o(RTMSymTab)
    __rtmsym_rt_memheap_init                 0x080200a8   Data           8  memheap.o(RTMSymTab)
    __rtmsym_rt_memheap_detach               0x080200b0   Data           8  memheap.o(RTMSymTab)
    __rtmsym_rt_memheap_alloc                0x080200b8   Data           8  memheap.o(RTMSymTab)
    __rtmsym_rt_memheap_realloc              0x080200c0   Data           8  memheap.o(RTMSymTab)
    __rtmsym_rt_memheap_free                 0x080200c8   Data           8  memheap.o(RTMSymTab)
    __rtmsym_rt_mp_init                      0x080200d0   Data           8  mempool.o(RTMSymTab)
    __rtmsym_rt_mp_detach                    0x080200d8   Data           8  mempool.o(RTMSymTab)
    __rtmsym_rt_mp_create                    0x080200e0   Data           8  mempool.o(RTMSymTab)
    __rtmsym_rt_mp_delete                    0x080200e8   Data           8  mempool.o(RTMSymTab)
    __rtmsym_rt_mp_alloc                     0x080200f0   Data           8  mempool.o(RTMSymTab)
    __rtmsym_rt_mp_free                      0x080200f8   Data           8  mempool.o(RTMSymTab)
    __rtmsym_rt_object_get_information       0x08020100   Data           8  object.o(RTMSymTab)
    __rtmsym_rt_thread_init                  0x08020108   Data           8  thread.o(RTMSymTab)
    __rtmsym_rt_thread_self                  0x08020110   Data           8  thread.o(RTMSymTab)
    __rtmsym_rt_thread_startup               0x08020118   Data           8  thread.o(RTMSymTab)
    __rtmsym_rt_thread_detach                0x08020120   Data           8  thread.o(RTMSymTab)
    __rtmsym_rt_thread_create                0x08020128   Data           8  thread.o(RTMSymTab)
    __rtmsym_rt_thread_delete                0x08020130   Data           8  thread.o(RTMSymTab)
    __rtmsym_rt_thread_yield                 0x08020138   Data           8  thread.o(RTMSymTab)
    __rtmsym_rt_thread_delay                 0x08020140   Data           8  thread.o(RTMSymTab)
    __rtmsym_rt_thread_control               0x08020148   Data           8  thread.o(RTMSymTab)
    __rtmsym_rt_thread_suspend               0x08020150   Data           8  thread.o(RTMSymTab)
    __rtmsym_rt_thread_resume                0x08020158   Data           8  thread.o(RTMSymTab)
    __rtmsym_rt_thread_timeout               0x08020160   Data           8  thread.o(RTMSymTab)
    __rtmsym_rt_thread_find                  0x08020168   Data           8  thread.o(RTMSymTab)
    __rtmsym_rt_timer_init                   0x08020170   Data           8  timer.o(RTMSymTab)
    __rtmsym_rt_timer_detach                 0x08020178   Data           8  timer.o(RTMSymTab)
    __rtmsym_rt_timer_create                 0x08020180   Data           8  timer.o(RTMSymTab)
    __rtmsym_rt_timer_delete                 0x08020188   Data           8  timer.o(RTMSymTab)
    __rtmsym_rt_timer_start                  0x08020190   Data           8  timer.o(RTMSymTab)
    __rtmsym_rt_timer_stop                   0x08020198   Data           8  timer.o(RTMSymTab)
    __rtmsym_rt_timer_control                0x080201a0   Data           8  timer.o(RTMSymTab)
    __rtmsym_open                            0x080201a8   Data           8  dfs_posix.o(RTMSymTab)
    __rtmsym_close                           0x080201b0   Data           8  dfs_posix.o(RTMSymTab)
    __rtmsym_read                            0x080201b8   Data           8  dfs_posix.o(RTMSymTab)
    __rtmsym_write                           0x080201c0   Data           8  dfs_posix.o(RTMSymTab)
    __rtmsym_lseek                           0x080201c8   Data           8  dfs_posix.o(RTMSymTab)
    __rtmsym_rename                          0x080201d0   Data           8  dfs_posix.o(RTMSymTab)
    __rtmsym_unlink                          0x080201d8   Data           8  dfs_posix.o(RTMSymTab)
    __rtmsym_stat                            0x080201e0   Data           8  dfs_posix.o(RTMSymTab)
    __rtmsym_fstat                           0x080201e8   Data           8  dfs_posix.o(RTMSymTab)
    __rtmsym_statfs                          0x080201f0   Data           8  dfs_posix.o(RTMSymTab)
    __rtmsym_mkdir                           0x080201f8   Data           8  dfs_posix.o(RTMSymTab)
    __rtmsym_rmdir                           0x08020200   Data           8  dfs_posix.o(RTMSymTab)
    __rtmsym_opendir                         0x08020208   Data           8  dfs_posix.o(RTMSymTab)
    __rtmsym_readdir                         0x08020210   Data           8  dfs_posix.o(RTMSymTab)
    __rtmsym_telldir                         0x08020218   Data           8  dfs_posix.o(RTMSymTab)
    __rtmsym_seekdir                         0x08020220   Data           8  dfs_posix.o(RTMSymTab)
    __rtmsym_rewinddir                       0x08020228   Data           8  dfs_posix.o(RTMSymTab)
    __rtmsym_closedir                        0x08020230   Data           8  dfs_posix.o(RTMSymTab)
    __rtmsym_chdir                           0x08020238   Data           8  dfs_posix.o(RTMSymTab)
    __rtmsym_getcwd                          0x08020240   Data           8  dfs_posix.o(RTMSymTab)
    __rtmsym_rt_data_queue_init              0x08020248   Data           8  dataqueue.o(RTMSymTab)
    __rtmsym_rt_data_queue_push              0x08020250   Data           8  dataqueue.o(RTMSymTab)
    __rtmsym_rt_data_queue_pop               0x08020258   Data           8  dataqueue.o(RTMSymTab)
    __rtmsym_rt_data_queue_peak              0x08020260   Data           8  dataqueue.o(RTMSymTab)
    __rtmsym_rt_data_queue_reset             0x08020268   Data           8  dataqueue.o(RTMSymTab)
    __rtmsym_rt_pipe_init                    0x08020270   Data           8  pipe.o(RTMSymTab)
    __rtmsym_rt_pipe_detach                  0x08020278   Data           8  pipe.o(RTMSymTab)
    __rtmsym_rt_pipe_create                  0x08020280   Data           8  pipe.o(RTMSymTab)
    __rtmsym_rt_pipe_destroy                 0x08020288   Data           8  pipe.o(RTMSymTab)
    __rtmsym_rt_portal_init                  0x08020290   Data           8  portal.o(RTMSymTab)
    __rtmsym_rt_portal_detach                0x08020298   Data           8  portal.o(RTMSymTab)
    __rtmsym_rt_portal_create                0x080202a0   Data           8  portal.o(RTMSymTab)
    __rtmsym_rt_portal_destroy               0x080202a8   Data           8  portal.o(RTMSymTab)
    __rtmsym_rt_ringbuffer_init              0x080202b0   Data           8  ringbuffer.o(RTMSymTab)
    __rtmsym_rt_ringbuffer_put               0x080202b8   Data           8  ringbuffer.o(RTMSymTab)
    __rtmsym_rt_ringbuffer_put_force         0x080202c0   Data           8  ringbuffer.o(RTMSymTab)
    __rtmsym_rt_ringbuffer_get               0x080202c8   Data           8  ringbuffer.o(RTMSymTab)
    __rtmsym_rt_ringbuffer_putchar           0x080202d0   Data           8  ringbuffer.o(RTMSymTab)
    __rtmsym_rt_ringbuffer_putchar_force     0x080202d8   Data           8  ringbuffer.o(RTMSymTab)
    __rtmsym_rt_ringbuffer_getchar           0x080202e0   Data           8  ringbuffer.o(RTMSymTab)
    RTMSymTab$$Limit                         0x080202e8   Number         0  ringbuffer.o(RTMSymTab)
    Region$$Table$$Base                      0x080202e8   Number         0  anon$$obj.o(Region$$Table)
    Region$$Table$$Limit                     0x08020308   Number         0  anon$$obj.o(Region$$Table)
    VSymTab$$Base                            0x08020308   Number         0  cmd.o(VSymTab)
    __vsym_dummy                             0x08020308   Data          16  cmd.o(VSymTab)
    VSymTab$$Limit                           0x08020318   Number         0  cmd.o(VSymTab)
    __ctype                                  0x08020325   Data           0  lc_ctype_c.o(locale$$data)
    uart1                                    0x2000001c   Data           8  usart.o(.data)
    SrcBuffer                                0x20000038   Data           4  sdcard.o(.data)
    DestBuffer                               0x2000003c   Data           4  sdcard.o(.data)
    TransferError                            0x20000040   Data           1  sdcard.o(.data)
    TransferEnd                              0x20000044   Data           4  sdcard.o(.data)
    NumberOfBytes                            0x20000048   Data           4  sdcard.o(.data)
    SystemCoreClock                          0x20000054   Data           4  system_stm32f10x.o(.data)
    AHBPrescTable                            0x20000058   Data          16  system_stm32f10x.o(.data)
    rt_interrupt_nest                        0x20000084   Data           1  irq.o(.data)
    rt_object_container                      0x200000cc   Data         176  object.o(.data)
    rt_object_trytake_hook                   0x20000184   Data           4  object.o(.data)
    rt_object_take_hook                      0x20000188   Data           4  object.o(.data)
    rt_object_put_hook                       0x2000018c   Data           4  object.o(.data)
    rt_current_thread                        0x20000194   Data           4  scheduler.o(.data)
    rt_current_priority                      0x20000198   Data           1  scheduler.o(.data)
    rt_thread_ready_priority_group           0x2000019c   Data           4  scheduler.o(.data)
    rt_thread_defunct                        0x200001a0   Data           8  scheduler.o(.data)
    rt_interrupt_from_thread                 0x200001b8   Data           4  cpuport.o(.data)
    rt_interrupt_to_thread                   0x200001bc   Data           4  cpuport.o(.data)
    rt_thread_switch_interrupt_flag          0x200001c0   Data           4  cpuport.o(.data)
    working_directory                        0x200001c8   Data         256  dfs.o(.data)
    finsh_compile_sp                         0x200002ec   Data           4  finsh_compiler.o(.data)
    finsh_compile_pc                         0x200002f0   Data           4  finsh_compiler.o(.data)
    global_errno                             0x200002f4   Data           1  finsh_error.o(.data)
    global_sysvar_list                       0x2000033c   Data           4  finsh_var.o(.data)
    finsh_sp                                 0x20000340   Data           4  finsh_vm.o(.data)
    finsh_pc                                 0x20000344   Data           4  finsh_vm.o(.data)
    global_syscall_list                      0x20000348   Data           4  finsh_vm.o(.data)
    shell                                    0x2000034c   Data           4  shell.o(.data)
    _syscall_table_begin                     0x200003d4   Data           4  symbol.o(.data)
    _syscall_table_end                       0x200003d8   Data           4  symbol.o(.data)
    _sysvar_table_begin                      0x200003dc   Data           4  symbol.o(.data)
    _sysvar_table_end                        0x200003e0   Data           4  symbol.o(.data)
    uart1_int_rx                             0x20000a5c   Data          68  usart.o(.bss)
    serial1                                  0x20000aa0   Data         128  usart.o(.bss)
    SDIO_InitStructure                       0x20000b40   Data          24  sdcard.o(.bss)
    SDIO_CmdInitStructure                    0x20000b58   Data          20  sdcard.o(.bss)
    SDIO_DataInitStructure                   0x20000b6c   Data          24  sdcard.o(.bss)
    rt_thread_priority_table                 0x20001238   Data         256  scheduler.o(.bss)
    filesystem_operation_table               0x20001338   Data          16  dfs.o(.bss)
    filesystem_table                         0x20001348   Data          32  dfs.o(.bss)
    fd_table                                 0x20001390   Data         512  dfs.o(.bss)
    finsh_heap                               0x200016b4   Data         128  finsh_heap.o(.bss)
    global_node_table                        0x20001734   Data         320  finsh_node.o(.bss)
    global_variable                          0x20001874   Data         192  finsh_var.o(.bss)
    finsh_vm_stack                           0x20001934   Data         256  finsh_vm.o(.bss)
    text_segment                             0x20001a34   Data         128  finsh_vm.o(.bss)
    __libspace_start                         0x20002bac   Data          96  libspace.o(.bss)
    __temporary_stack_top$libspace           0x20002c0c   Data           0  libspace.o(.bss)
    Image$$RW_IRAM1$$ZI$$Limit               0x20003210   Number         0  anon$$obj.o ABSOLUTE



==============================================================================

Memory Map of the image

  Image Entry point : 0x08000131

  Load Region LR_IROM1 (Base: 0x08000000, Size: 0x000209a8, Max: 0x00080000, ABSOLUTE, COMPRESSED[0x0002069c])

    Execution Region ER_IROM1 (Base: 0x08000000, Size: 0x000205c4, Max: 0x00080000, ABSOLUTE)

    Base Addr    Size         Type   Attr      Idx    E Section Name        Object

    0x08000000   0x00000130   Data   RO          729    RESET               startup_stm32f10x_hd.o
    0x08000130   0x00000008   Code   RO         1741  * !!!main             c_w.l(__main.o)
    0x08000138   0x00000034   Code   RO         2086    !!!scatter          c_w.l(__scatter.o)
    0x0800016c   0x0000005a   Code   RO         2084    !!dczerorl2         c_w.l(__dczerorl2.o)
    0x080001c6   0x00000002   PAD
    0x080001c8   0x0000001c   Code   RO         2088    !!handler_zi        c_w.l(__scatter_zi.o)
    0x080001e4   0x00000000   Code   RO         1889    .ARM.Collect$$_printf_percent$$00000000  c_w.l(_printf_percent.o)
    0x080001e4   0x00000006   Code   RO         1878    .ARM.Collect$$_printf_percent$$00000001  c_w.l(_printf_n.o)
    0x080001ea   0x00000006   Code   RO         1880    .ARM.Collect$$_printf_percent$$00000002  c_w.l(_printf_p.o)
    0x080001f0   0x00000006   Code   RO         1885    .ARM.Collect$$_printf_percent$$00000003  c_w.l(_printf_f.o)
    0x080001f6   0x00000006   Code   RO         1886    .ARM.Collect$$_printf_percent$$00000004  c_w.l(_printf_e.o)
    0x080001fc   0x00000006   Code   RO         1887    .ARM.Collect$$_printf_percent$$00000005  c_w.l(_printf_g.o)
    0x08000202   0x00000006   Code   RO         1888    .ARM.Collect$$_printf_percent$$00000006  c_w.l(_printf_a.o)
    0x08000208   0x0000000a   Code   RO         1893    .ARM.Collect$$_printf_percent$$00000007  c_w.l(_printf_ll.o)
    0x08000212   0x00000006   Code   RO         1882    .ARM.Collect$$_printf_percent$$00000008  c_w.l(_printf_i.o)
    0x08000218   0x00000006   Code   RO         1883    .ARM.Collect$$_printf_percent$$00000009  c_w.l(_printf_d.o)
    0x0800021e   0x00000006   Code   RO         1884    .ARM.Collect$$_printf_percent$$0000000A  c_w.l(_printf_u.o)
    0x08000224   0x00000006   Code   RO         1881    .ARM.Collect$$_printf_percent$$0000000B  c_w.l(_printf_o.o)
    0x0800022a   0x00000006   Code   RO         1879    .ARM.Collect$$_printf_percent$$0000000C  c_w.l(_printf_x.o)
    0x08000230   0x00000006   Code   RO         1890    .ARM.Collect$$_printf_percent$$0000000D  c_w.l(_printf_lli.o)
    0x08000236   0x00000006   Code   RO         1891    .ARM.Collect$$_printf_percent$$0000000E  c_w.l(_printf_lld.o)
    0x0800023c   0x00000006   Code   RO         1892    .ARM.Collect$$_printf_percent$$0000000F  c_w.l(_printf_llu.o)
    0x08000242   0x00000006   Code   RO         1897    .ARM.Collect$$_printf_percent$$00000010  c_w.l(_printf_llo.o)
    0x08000248   0x00000006   Code   RO         1898    .ARM.Collect$$_printf_percent$$00000011  c_w.l(_printf_llx.o)
    0x0800024e   0x0000000a   Code   RO         1894    .ARM.Collect$$_printf_percent$$00000012  c_w.l(_printf_l.o)
    0x08000258   0x00000006   Code   RO         1876    .ARM.Collect$$_printf_percent$$00000013  c_w.l(_printf_c.o)
    0x0800025e   0x00000006   Code   RO         1877    .ARM.Collect$$_printf_percent$$00000014  c_w.l(_printf_s.o)
    0x08000264   0x00000006   Code   RO         1895    .ARM.Collect$$_printf_percent$$00000015  c_w.l(_printf_lc.o)
    0x0800026a   0x00000006   Code   RO         1896    .ARM.Collect$$_printf_percent$$00000016  c_w.l(_printf_ls.o)
    0x08000270   0x00000004   Code   RO         1974    .ARM.Collect$$_printf_percent$$00000017  c_w.l(_printf_percent_end.o)
    0x08000274   0x00000002   Code   RO         1805    .ARM.Collect$$libinit$$00000000  c_w.l(libinit.o)
    0x08000276   0x00000000   Code   RO         1900    .ARM.Collect$$libinit$$00000002  c_w.l(libinit2.o)
    0x08000276   0x00000000   Code   RO         1902    .ARM.Collect$$libinit$$00000004  c_w.l(libinit2.o)
    0x08000276   0x00000000   Code   RO         1905    .ARM.Collect$$libinit$$0000000A  c_w.l(libinit2.o)
    0x08000276   0x00000000   Code   RO         1907    .ARM.Collect$$libinit$$0000000C  c_w.l(libinit2.o)
    0x08000276   0x00000000   Code   RO         1909    .ARM.Collect$$libinit$$0000000E  c_w.l(libinit2.o)
    0x08000276   0x00000006   Code   RO         1910    .ARM.Collect$$libinit$$0000000F  c_w.l(libinit2.o)
    0x0800027c   0x00000000   Code   RO         1912    .ARM.Collect$$libinit$$00000011  c_w.l(libinit2.o)
    0x0800027c   0x0000000c   Code   RO         1913    .ARM.Collect$$libinit$$00000012  c_w.l(libinit2.o)
    0x08000288   0x00000000   Code   RO         1914    .ARM.Collect$$libinit$$00000013  c_w.l(libinit2.o)
    0x08000288   0x00000000   Code   RO         1916    .ARM.Collect$$libinit$$00000015  c_w.l(libinit2.o)
    0x08000288   0x0000000a   Code   RO         1917    .ARM.Collect$$libinit$$00000016  c_w.l(libinit2.o)
    0x08000292   0x00000000   Code   RO         1918    .ARM.Collect$$libinit$$00000017  c_w.l(libinit2.o)
    0x08000292   0x0000000a   Code   RO         1919    .ARM.Collect$$libinit$$00000018  c_w.l(libinit2.o)
    0x0800029c   0x00000000   Code   RO         1920    .ARM.Collect$$libinit$$00000019  c_w.l(libinit2.o)
    0x0800029c   0x00000000   Code   RO         1922    .ARM.Collect$$libinit$$0000001B  c_w.l(libinit2.o)
    0x0800029c   0x00000000   Code   RO         1924    .ARM.Collect$$libinit$$0000001D  c_w.l(libinit2.o)
    0x0800029c   0x00000000   Code   RO         1926    .ARM.Collect$$libinit$$0000001F  c_w.l(libinit2.o)
    0x0800029c   0x00000000   Code   RO         1928    .ARM.Collect$$libinit$$00000021  c_w.l(libinit2.o)
    0x0800029c   0x00000000   Code   RO         1930    .ARM.Collect$$libinit$$00000023  c_w.l(libinit2.o)
    0x0800029c   0x00000000   Code   RO         1932    .ARM.Collect$$libinit$$00000025  c_w.l(libinit2.o)
    0x0800029c   0x00000000   Code   RO         1936    .ARM.Collect$$libinit$$0000002C  c_w.l(libinit2.o)
    0x0800029c   0x00000000   Code   RO         1938    .ARM.Collect$$libinit$$0000002E  c_w.l(libinit2.o)
    0x0800029c   0x00000000   Code   RO         1940    .ARM.Collect$$libinit$$00000030  c_w.l(libinit2.o)
    0x0800029c   0x00000000   Code   RO         1942    .ARM.Collect$$libinit$$00000032  c_w.l(libinit2.o)
    0x0800029c   0x00000002   Code   RO         1943    .ARM.Collect$$libinit$$00000033  c_w.l(libinit2.o)
    0x0800029e   0x00000002   Code   RO         2019    .ARM.Collect$$libshutdown$$00000000  c_w.l(libshutdown.o)
    0x080002a0   0x00000000   Code   RO         2037    .ARM.Collect$$libshutdown$$00000002  c_w.l(libshutdown2.o)
    0x080002a0   0x00000000   Code   RO         2039    .ARM.Collect$$libshutdown$$00000004  c_w.l(libshutdown2.o)
    0x080002a0   0x00000000   Code   RO         2042    .ARM.Collect$$libshutdown$$00000007  c_w.l(libshutdown2.o)
    0x080002a0   0x00000000   Code   RO         2045    .ARM.Collect$$libshutdown$$0000000A  c_w.l(libshutdown2.o)
    0x080002a0   0x00000000   Code   RO         2047    .ARM.Collect$$libshutdown$$0000000C  c_w.l(libshutdown2.o)
    0x080002a0   0x00000000   Code   RO         2050    .ARM.Collect$$libshutdown$$0000000F  c_w.l(libshutdown2.o)
    0x080002a0   0x00000002   Code   RO         2051    .ARM.Collect$$libshutdown$$00000010  c_w.l(libshutdown2.o)
    0x080002a2   0x00000000   Code   RO         1743    .ARM.Collect$$rtentry$$00000000  c_w.l(__rtentry.o)
    0x080002a2   0x00000000   Code   RO         1761    .ARM.Collect$$rtentry$$00000002  c_w.l(__rtentry2.o)
    0x080002a2   0x00000006   Code   RO         1773    .ARM.Collect$$rtentry$$00000004  c_w.l(__rtentry4.o)
    0x080002a8   0x00000000   Code   RO         1763    .ARM.Collect$$rtentry$$00000009  c_w.l(__rtentry2.o)
    0x080002a8   0x00000004   Code   RO         1764    .ARM.Collect$$rtentry$$0000000A  c_w.l(__rtentry2.o)
    0x080002ac   0x00000000   Code   RO         1766    .ARM.Collect$$rtentry$$0000000C  c_w.l(__rtentry2.o)
    0x080002ac   0x00000008   Code   RO         1767    .ARM.Collect$$rtentry$$0000000D  c_w.l(__rtentry2.o)
    0x080002b4   0x00000002   Code   RO         1806    .ARM.Collect$$rtexit$$00000000  c_w.l(rtexit.o)
    0x080002b6   0x00000000   Code   RO         1953    .ARM.Collect$$rtexit$$00000002  c_w.l(rtexit2.o)
    0x080002b6   0x00000004   Code   RO         1954    .ARM.Collect$$rtexit$$00000003  c_w.l(rtexit2.o)
    0x080002ba   0x00000006   Code   RO         1955    .ARM.Collect$$rtexit$$00000004  c_w.l(rtexit2.o)
    0x080002c0   0x000000f0   Code   RO            1    .text               application.o
    0x080003b0   0x000000ac   Code   RO          200    .text               startup.o
    0x0800045c   0x000001a8   Code   RO          216    .text               board.o
    0x08000604   0x0000016c   Code   RO          236    .text               platform.o
    0x08000770   0x00000012   Code   RO          262    .text               stm32f10x_it.o
    0x08000782   0x00000002   PAD
    0x08000784   0x000000ec   Code   RO          277    .text               led.o
    0x08000870   0x000002f8   Code   RO          294    .text               usart.o
    0x08000b68   0x000026d4   Code   RO          328    .text               sdcard.o
    0x0800323c   0x0000028c   Code   RO          355    .text               stm32f10xx_spi.o
    0x080034c8   0x000005fe   Code   RO          369    .text               spi_flash_w25qxx.o
    0x08003ac6   0x00000002   PAD
    0x08003ac8   0x000001e4   Code   RO          390    .text               stm32f1_rtc.o
    0x08003cac   0x000001e0   Code   RO          431    .text               system_stm32f10x.o
    0x08003e8c   0x00000844   Code   RO          461    .text               stm32f10x_rcc.o
    0x080046d0   0x000001c4   Code   RO          487    .text               stm32f10x_pwr.o
    0x08004894   0x000002d4   Code   RO          511    .text               stm32f10x_bkp.o
    0x08004b68   0x00000230   Code   RO          559    .text               stm32f10x_rtc.o
    0x08004d98   0x0000098c   Code   RO          607    .text               stm32f10x_spi.o
    0x08005724   0x00000650   Code   RO          631    .text               stm32f10x_sdio.o
    0x08005d74   0x00000a80   Code   RO          643    .text               stm32f10x_gpio.o
    0x080067f4   0x00000dc0   Code   RO          655    .text               stm32f10x_usart.o
    0x080075b4   0x00000944   Code   RO          679    .text               stm32f10x_dma.o
    0x08007ef8   0x000001e4   Code   RO          715    .text               misc.o
    0x080080dc   0x00000040   Code   RO          730    .text               startup_stm32f10x_hd.o
    0x0800811c   0x00000060   Code   RO          745    .text               clock.o
    0x0800817c   0x00000438   Code   RO          762    .text               device.o
    0x080085b4   0x0000019c   Code   RO          779    .text               idle.o
    0x08008750   0x000018ac   Code   RO          799    .text               ipc.o
    0x08009ffc   0x00000048   Code   RO          819    .text               irq.o
    0x0800a044   0x000009b4   Code   RO          836    .text               kservice.o
    0x0800a9f8   0x000009b4   Code   RO          854    .text               mem.o
    0x0800b3ac   0x00000624   Code   RO          874    .text               memheap.o
    0x0800b9d0   0x00000440   Code   RO          890    .text               mempool.o
    0x0800be10   0x000013ac   Code   RO          910    .text               module.o
    0x0800d1bc   0x00000388   Code   RO          947    .text               object.o
    0x0800d544   0x0000032c   Code   RO          968    .text               scheduler.o
    0x0800d870   0x000006c8   Code   RO          989    .text               thread.o
    0x0800df38   0x00000448   Code   RO         1009    .text               timer.o
    0x0800e380   0x00000604   Code   RO         1030    .text               cpuport.o
    0x0800e984   0x000000f0   Code   RO         1046    .text               context_rvds.o
    0x0800ea74   0x000003d4   Code   RO         1084    .text               dfs.o
    0x0800ee48   0x000006c0   Code   RO         1109    .text               dfs_fs.o
    0x0800f508   0x000006dc   Code   RO         1126    .text               dfs_file.o
    0x0800fbe4   0x000005c4   Code   RO         1146    .text               dfs_posix.o
    0x080101a8   0x00000b88   Code   RO         1163    .text               dfs_elm.o
    0x08010d30   0x000030e0   Code   RO         1196    .text               ff.o
    0x08013e10   0x00000154   Code   RO         1211    .text               ccfile.o
    0x08013f64   0x00000404   Code   RO         1228    .text               devfs.o
    0x08014368   0x0000013c   Code   RO         1262    .text               rtc.o
    0x080144a4   0x000005d8   Code   RO         1288    .text               serial.o
    0x08014a7c   0x0000076c   Code   RO         1301    .text               spi_core.o
    0x080151e8   0x00000398   Code   RO         1314    .text               spi_dev.o
    0x08015580   0x000004c4   Code   RO         1343    .text               dataqueue.o
    0x08015a44   0x00000516   Code   RO         1365    .text               pipe.o
    0x08015f5a   0x00000002   PAD
    0x08015f5c   0x00000374   Code   RO         1387    .text               portal.o
    0x080162d0   0x00000540   Code   RO         1403    .text               ringbuffer.o
    0x08016810   0x00000ed0   Code   RO         1425    .text               cmd.o
    0x080176e0   0x000017f8   Code   RO         1448    .text               finsh_compiler.o
    0x08018ed8   0x0000002c   Code   RO         1485    .text               finsh_error.o
    0x08018f04   0x00000210   Code   RO         1501    .text               finsh_heap.o
    0x08019114   0x00000058   Code   RO         1517    .text               finsh_init.o
    0x0801916c   0x00000184   Code   RO         1535    .text               finsh_node.o
    0x080192f0   0x00000ad8   Code   RO         1550    .text               finsh_ops.o
    0x08019dc8   0x0000097c   Code   RO         1568    .text               finsh_parser.o
    0x0801a744   0x00000644   Code   RO         1583    .text               finsh_token.o
    0x0801ad88   0x0000019c   Code   RO         1598    .text               finsh_var.o
    0x0801af24   0x000000e4   Code   RO         1621    .text               finsh_vm.o
    0x0801b008   0x0000081c   Code   RO         1663    .text               shell.o
    0x0801b824   0x00000040   Code   RO         1695    .text               components.o
    0x0801b864   0x0000001a   Code   RO         1714    .text               c_w.l(atoi.o)
    0x0801b87e   0x0000003e   Code   RO         1716    .text               c_w.l(strlen.o)
    0x0801b8bc   0x00000096   Code   RO         1718    .text               c_w.l(strncmp.o)
    0x0801b952   0x00000018   Code   RO         1720    .text               c_w.l(strcat.o)
    0x0801b96a   0x0000008a   Code   RO         1722    .text               c_w.l(rt_memcpy_v6.o)
    0x0801b9f4   0x00000064   Code   RO         1724    .text               c_w.l(rt_memcpy_w.o)
    0x0801ba58   0x00000044   Code   RO         1726    .text               c_w.l(rt_memclr.o)
    0x0801ba9c   0x0000004e   Code   RO         1728    .text               c_w.l(rt_memclr_w.o)
    0x0801baea   0x00000056   Code   RO         1730    .text               c_w.l(strncpy.o)
    0x0801bb40   0x0000000e   Code   RO         1732    .text               c_w.l(ctime.o)
    0x0801bb4e   0x00000002   PAD
    0x0801bb50   0x0000000c   Code   RO         1734    .text               c_w.l(localtime.o)
    0x0801bb5c   0x000001a8   Code   RO         1737    .text               c_w.l(mktime.o)
    0x0801bd04   0x00000006   Code   RO         1739    .text               c_w.l(heapauxi.o)
    0x0801bd0a   0x00000002   PAD
    0x0801bd0c   0x00000008   Code   RO         1747    .text               c_w.l(rt_errno_addr_intlibspace.o)
    0x0801bd14   0x00000070   Code   RO         1749    .text               c_w.l(strtol.o)
    0x0801bd84   0x0000000c   Code   RO         1751    .text               c_w.l(asctime.o)
    0x0801bd90   0x000000b8   Code   RO         1755    .text               c_w.l(localtime_internal.o)
    0x0801be48   0x00000008   Code   RO         1757    .text               c_w.l(libspace.o)
    0x0801be50   0x00000010   Code   RO         1775    .text               c_w.l(rt_ctype_table.o)
    0x0801be60   0x0000009e   Code   RO         1777    .text               c_w.l(_strtoul.o)
    0x0801befe   0x00000002   PAD
    0x0801bf00   0x00000068   Code   RO         1779    .text               c_w.l(asctime_internal.o)
    0x0801bf68   0x0000004a   Code   RO         1781    .text               c_w.l(sys_stackheap_outer.o)
    0x0801bfb2   0x00000002   PAD
    0x0801bfb4   0x00000008   Code   RO         1786    .text               c_w.l(rt_locale_intlibspace.o)
    0x0801bfbc   0x0000002c   Code   RO         1788    .text               c_w.l(sprintf.o)
    0x0801bfe8   0x0000001c   Code   RO         1790    .text               c_w.l(_chval.o)
    0x0801c004   0x00000012   Code   RO         1798    .text               c_w.l(exit.o)
    0x0801c016   0x0000004e   Code   RO         1810    .text               c_w.l(_printf_pad.o)
    0x0801c064   0x00000024   Code   RO         1812    .text               c_w.l(_printf_truncate.o)
    0x0801c088   0x00000052   Code   RO         1814    .text               c_w.l(_printf_str.o)
    0x0801c0da   0x00000002   PAD
    0x0801c0dc   0x00000078   Code   RO         1816    .text               c_w.l(_printf_dec.o)
    0x0801c154   0x00000028   Code   RO         1818    .text               c_w.l(_printf_charcount.o)
    0x0801c17c   0x00000030   Code   RO         1820    .text               c_w.l(_printf_char_common.o)
    0x0801c1ac   0x0000000a   Code   RO         1822    .text               c_w.l(_sputc.o)
    0x0801c1b6   0x00000002   PAD
    0x0801c1b8   0x000000bc   Code   RO         1824    .text               c_w.l(_printf_wctomb.o)
    0x0801c274   0x0000007c   Code   RO         1827    .text               c_w.l(_printf_longlong_dec.o)
    0x0801c2f0   0x00000070   Code   RO         1833    .text               c_w.l(_printf_oct_int_ll.o)
    0x0801c360   0x00000094   Code   RO         1853    .text               c_w.l(_printf_hex_int_ll_ptr.o)
    0x0801c3f4   0x00000188   Code   RO         1873    .text               c_w.l(__printf_flags_ss_wp.o)
    0x0801c57c   0x0000008a   Code   RO         1959    .text               c_w.l(lludiv10.o)
    0x0801c606   0x000000b2   Code   RO         1961    .text               c_w.l(_printf_intcommon.o)
    0x0801c6b8   0x0000041a   Code   RO         1963    .text               c_w.l(_printf_fp_dec.o)
    0x0801cad2   0x00000002   PAD
    0x0801cad4   0x000002fc   Code   RO         1965    .text               c_w.l(_printf_fp_hex.o)
    0x0801cdd0   0x0000002c   Code   RO         1970    .text               c_w.l(_printf_char.o)
    0x0801cdfc   0x0000002c   Code   RO         1972    .text               c_w.l(_printf_wchar.o)
    0x0801ce28   0x00000040   Code   RO         1975    .text               c_w.l(_wcrtomb.o)
    0x0801ce68   0x0000000c   Code   RO         1981    .text               c_w.l(sys_exit.o)
    0x0801ce74   0x00000080   Code   RO         1983    .text               c_w.l(_printf_fp_infnan.o)
    0x0801cef4   0x000000dc   Code   RO         1985    .text               c_w.l(bigflt0.o)
    0x0801cfd0   0x00000002   Code   RO         2027    .text               c_w.l(use_no_semi.o)
    0x0801cfd2   0x00000000   Code   RO         2029    .text               c_w.l(indicate_semi.o)
    0x0801cfd2   0x0000003e   Code   RO         1988    CL$$btod_d2e        c_w.l(btod.o)
    0x0801d010   0x00000046   Code   RO         1990    CL$$btod_d2e_denorm_low  c_w.l(btod.o)
    0x0801d056   0x00000060   Code   RO         1989    CL$$btod_d2e_norm_op1  c_w.l(btod.o)
    0x0801d0b6   0x00000338   Code   RO         1998    CL$$btod_div_common  c_w.l(btod.o)
    0x0801d3ee   0x000000c6   Code   RO         1995    CL$$btod_e2e        c_w.l(btod.o)
    0x0801d4b4   0x00000028   Code   RO         1992    CL$$btod_ediv       c_w.l(btod.o)
    0x0801d4dc   0x00000028   Code   RO         1991    CL$$btod_emul       c_w.l(btod.o)
    0x0801d504   0x00000244   Code   RO         1997    CL$$btod_mult_common  c_w.l(btod.o)
    0x0801d748   0x00000028   Code   RO         2023    i.__ARM_fpclassify  m_ws.l(fpclassify.o)
    0x0801d770   0x0000000e   Code   RO         1866    i._is_digit         c_w.l(__printf_wp.o)
    0x0801d77e   0x00000002   PAD
    0x0801d780   0x0000002c   Code   RO         1793    locale$$code        c_w.l(lc_ctype_c.o)
    0x0801d7ac   0x0000002c   Code   RO         1796    locale$$code        c_w.l(lc_time_c.o)
    0x0801d7d8   0x0000002c   Code   RO         2011    locale$$code        c_w.l(lc_numeric_c.o)
    0x0801d804   0x00000004   Code   RO         1944    x$fpl$printf1       fz_ws.l(printf1.o)
    0x0801d808   0x00000004   Code   RO         1946    x$fpl$printf2       fz_ws.l(printf2.o)
    0x0801d80c   0x00000000   Code   RO         2022    x$fpl$usenofp       fz_ws.l(usenofp.o)
    0x0801d80c   0x0000003c   Data   RO          173    .constdata          mnttable.o
    0x0801d848   0x0000000c   Data   RO          217    .constdata          board.o
    0x0801d854   0x00000024   Data   RO          278    .constdata          led.o
    0x0801d878   0x00000050   Data   RO          296    .constdata          usart.o
    0x0801d8c8   0x00000012   Data   RO          330    .constdata          sdcard.o
    0x0801d8da   0x00000027   Data   RO          371    .constdata          spi_flash_w25qxx.o
    0x0801d901   0x0000000f   Data   RO          392    .constdata          stm32f1_rtc.o
    0x0801d910   0x00000025   Data   RO          746    .constdata          clock.o
    0x0801d935   0x00000163   Data   RO          763    .constdata          device.o
    0x0801da98   0x00000016   Data   RO          781    .constdata          idle.o
    0x0801daae   0x000003d7   Data   RO          800    .constdata          ipc.o
    0x0801de85   0x0000006b   Data   RO          820    .constdata          irq.o
    0x0801def0   0x00000265   Data   RO          838    .constdata          kservice.o
    0x0801e155   0x00000094   Data   RO          856    .constdata          mem.o
    0x0801e1e9   0x000000ac   Data   RO          875    .constdata          memheap.o
    0x0801e295   0x00000087   Data   RO          891    .constdata          mempool.o
    0x0801e31c   0x000000a1   Data   RO          911    .constdata          module.o
    0x0801e3bd   0x00000078   Data   RO          948    .constdata          object.o
    0x0801e435   0x0000004e   Data   RO          970    .constdata          scheduler.o
    0x0801e483   0x00000183   Data   RO          990    .constdata          thread.o
    0x0801e606   0x000000c8   Data   RO         1010    .constdata          timer.o
    0x0801e6ce   0x00000013   Data   RO         1031    .constdata          cpuport.o
    0x0801e6e1   0x00000023   Data   RO         1086    .constdata          dfs.o
    0x0801e704   0x00000046   Data   RO         1110    .constdata          dfs_fs.o
    0x0801e74a   0x00000073   Data   RO         1128    .constdata          dfs_file.o
    0x0801e7bd   0x000000c5   Data   RO         1147    .constdata          dfs_posix.o
    0x0801e882   0x00000002   PAD
    0x0801e884   0x000000b9   Data   RO         1164    .constdata          dfs_elm.o
    0x0801e93d   0x00000001   PAD
    0x0801e93e   0x0000003a   Data   RO         1197    .constdata          ff.o
    0x0801e978   0x000003c0   Data   RO         1212    .constdata          ccfile.o
    0x0801ed38   0x000000aa   Data   RO         1229    .constdata          devfs.o
    0x0801ede2   0x00000075   Data   RO         1263    .constdata          rtc.o
    0x0801ee57   0x00000086   Data   RO         1289    .constdata          serial.o
    0x0801eedd   0x000000a3   Data   RO         1302    .constdata          spi_core.o
    0x0801ef80   0x000000d9   Data   RO         1315    .constdata          spi_dev.o
    0x0801f059   0x000000aa   Data   RO         1344    .constdata          dataqueue.o
    0x0801f103   0x00000091   Data   RO         1366    .constdata          pipe.o
    0x0801f194   0x000000a2   Data   RO         1388    .constdata          portal.o
    0x0801f236   0x0000012e   Data   RO         1404    .constdata          ringbuffer.o
    0x0801f364   0x00000278   Data   RO         1426    .constdata          cmd.o
    0x0801f5dc   0x000000c4   Data   RO         1551    .constdata          finsh_ops.o
    0x0801f6a0   0x00000040   Data   RO         1584    .constdata          finsh_token.o
    0x0801f6e0   0x0000004d   Data   RO         1665    .constdata          shell.o
    0x0801f72d   0x0000000c   Data   RO         1754    .constdata          c_w.l(_monlen.o)
    0x0801f739   0x00000003   PAD
    0x0801f73c   0x00000008   Data   RO         1825    .constdata          c_w.l(_printf_wctomb.o)
    0x0801f744   0x00000028   Data   RO         1854    .constdata          c_w.l(_printf_hex_int_ll_ptr.o)
    0x0801f76c   0x00000011   Data   RO         1874    .constdata          c_w.l(__printf_flags_ss_wp.o)
    0x0801f77d   0x00000026   Data   RO         1966    .constdata          c_w.l(_printf_fp_hex.o)
    0x0801f7a3   0x00000001   PAD
    0x0801f7a4   0x00000094   Data   RO         1986    .constdata          c_w.l(bigflt0.o)
    0x0801f838   0x00000018   Data   RO          174    .conststring        mnttable.o
    0x0801f850   0x000000ed   Data   RO          857    .conststring        mem.o
    0x0801f93d   0x00000003   PAD
    0x0801f940   0x00000006   Data   RO         1230    .conststring        devfs.o
    0x0801f946   0x00000002   PAD
    0x0801f948   0x000001ed   Data   RO         1427    .conststring        cmd.o
    0x0801fb35   0x00000003   PAD
    0x0801fb38   0x000000f3   Data   RO         1486    .conststring        finsh_error.o
    0x0801fc2b   0x00000001   PAD
    0x0801fc2c   0x0000003e   Data   RO         1585    .conststring        finsh_token.o
    0x0801fc6a   0x00000002   PAD
    0x0801fc6c   0x00000004   Data   RO         1696    .rti_fn.0           components.o
    0x0801fc70   0x00000004   Data   RO          239    .rti_fn.1           platform.o
    0x0801fc74   0x00000004   Data   RO          298    .rti_fn.1           usart.o
    0x0801fc78   0x00000004   Data   RO         1697    .rti_fn.1.post      components.o
    0x0801fc7c   0x00000004   Data   RO          393    .rti_fn.2           stm32f1_rtc.o
    0x0801fc80   0x00000004   Data   RO          913    .rti_fn.3           module.o
    0x0801fc84   0x00000004   Data   RO         1088    .rti_fn.3           dfs.o
    0x0801fc88   0x00000004   Data   RO         1667    .rti_fn.3           shell.o
    0x0801fc8c   0x00000004   Data   RO         1167    .rti_fn.4           dfs_elm.o
    0x0801fc90   0x00000004   Data   RO         1231    .rti_fn.4           devfs.o
    0x0801fc94   0x00000004   Data   RO         1111    .rti_fn.5           dfs_fs.o
    0x0801fc98   0x00000004   Data   RO         1214    .rti_fn.6           ccfile.o
    0x0801fc9c   0x00000004   Data   RO         1698    .rti_fn.7           components.o
    0x0801fca0   0x0000000c   Data   RO          218    FSymTab             board.o
    0x0801fcac   0x0000000c   Data   RO          280    FSymTab             led.o
    0x0801fcb8   0x0000000c   Data   RO          859    FSymTab             mem.o
    0x0801fcc4   0x0000000c   Data   RO          914    FSymTab             module.o
    0x0801fcd0   0x00000018   Data   RO         1112    FSymTab             dfs_fs.o
    0x0801fce8   0x00000030   Data   RO         1129    FSymTab             dfs_file.o
    0x0801fd18   0x00000018   Data   RO         1148    FSymTab             dfs_posix.o
    0x0801fd30   0x00000024   Data   RO         1265    FSymTab             rtc.o
    0x0801fd54   0x000000b4   Data   RO         1429    FSymTab             cmd.o
    0x0801fe08   0x00000010   Data   RO          748    RTMSymTab           clock.o
    0x0801fe18   0x00000050   Data   RO          764    RTMSymTab           device.o
    0x0801fe68   0x00000130   Data   RO          801    RTMSymTab           ipc.o
    0x0801ff98   0x00000028   Data   RO          822    RTMSymTab           irq.o
    0x0801ffc0   0x000000c8   Data   RO          840    RTMSymTab           kservice.o
    0x08020088   0x00000020   Data   RO          860    RTMSymTab           mem.o
    0x080200a8   0x00000028   Data   RO          876    RTMSymTab           memheap.o
    0x080200d0   0x00000030   Data   RO          893    RTMSymTab           mempool.o
    0x08020100   0x00000008   Data   RO          950    RTMSymTab           object.o
    0x08020108   0x00000068   Data   RO          991    RTMSymTab           thread.o
    0x08020170   0x00000038   Data   RO         1012    RTMSymTab           timer.o
    0x080201a8   0x000000a0   Data   RO         1149    RTMSymTab           dfs_posix.o
    0x08020248   0x00000028   Data   RO         1345    RTMSymTab           dataqueue.o
    0x08020270   0x00000020   Data   RO         1367    RTMSymTab           pipe.o
    0x08020290   0x00000020   Data   RO         1389    RTMSymTab           portal.o
    0x080202b0   0x00000038   Data   RO         1405    RTMSymTab           ringbuffer.o
    0x080202e8   0x00000020   Data   RO         2082    Region$$Table       anon$$obj.o
    0x08020308   0x00000010   Data   RO         1430    VSymTab             cmd.o
    0x08020318   0x00000110   Data   RO         1792    locale$$data        c_w.l(lc_ctype_c.o)
    0x08020428   0x00000180   Data   RO         1795    locale$$data        c_w.l(lc_time_c.o)
    0x080205a8   0x0000001c   Data   RO         2010    locale$$data        c_w.l(lc_numeric_c.o)


    Execution Region RW_IRAM1 (Base: 0x20000000, Size: 0x00003210, Max: 0x00010000, ABSOLUTE, COMPRESSED[0x000000d8])

    Base Addr    Size         Type   Attr      Idx    E Section Name        Object

    0x20000000   0x00000018   Data   RW          238    .data               platform.o
    0x20000018   0x00000001   Data   RW          279    .data               led.o
    0x20000019   0x00000003   PAD
    0x2000001c   0x00000008   Data   RW          297    .data               usart.o
    0x20000024   0x00000028   Data   RW          331    .data               sdcard.o
    0x2000004c   0x00000008   Data   RW          356    .data               stm32f10xx_spi.o
    0x20000054   0x00000014   Data   RW          432    .data               system_stm32f10x.o
    0x20000068   0x00000014   Data   RW          462    .data               stm32f10x_rcc.o
    0x2000007c   0x00000004   Data   RW          747    .data               clock.o
    0x20000080   0x00000004   Data   RW          782    .data               idle.o
    0x20000084   0x00000001   Data   RW          821    .data               irq.o
    0x20000085   0x00000003   PAD
    0x20000088   0x00000008   Data   RW          839    .data               kservice.o
    0x20000090   0x00000020   Data   RW          858    .data               mem.o
    0x200000b0   0x00000008   Data   RW          892    .data               mempool.o
    0x200000b8   0x00000014   Data   RW          912    .data               module.o
    0x200000cc   0x000000c4   Data   RW          949    .data               object.o
    0x20000190   0x0000001c   Data   RW          971    .data               scheduler.o
    0x200001ac   0x0000000c   Data   RW         1011    .data               timer.o
    0x200001b8   0x00000010   Data   RW         1032    .data               cpuport.o
    0x200001c8   0x00000100   Data   RW         1087    .data               dfs.o
    0x200002c8   0x00000008   Data   RW         1166    .data               dfs_elm.o
    0x200002d0   0x0000000a   Data   RW         1198    .data               ff.o
    0x200002da   0x00000002   PAD
    0x200002dc   0x00000008   Data   RW         1213    .data               ccfile.o
    0x200002e4   0x00000004   Data   RW         1264    .data               rtc.o
    0x200002e8   0x00000004   Data   RW         1428    .data               cmd.o
    0x200002ec   0x00000008   Data   RW         1449    .data               finsh_compiler.o
    0x200002f4   0x00000040   Data   RW         1487    .data               finsh_error.o
    0x20000334   0x00000008   Data   RW         1503    .data               finsh_heap.o
    0x2000033c   0x00000004   Data   RW         1600    .data               finsh_var.o
    0x20000340   0x0000000c   Data   RW         1623    .data               finsh_vm.o
    0x2000034c   0x00000085   Data   RW         1666    .data               shell.o
    0x200003d1   0x00000003   PAD
    0x200003d4   0x00000010   Data   RW         1682    .data               symbol.o
    0x200003e4   0x00000510   Zero   RW            2    .bss                application.o
    0x200008f4   0x00000168   Zero   RW          237    .bss                platform.o
    0x20000a5c   0x000000c4   Zero   RW          295    .bss                usart.o
    0x20000b20   0x0000032c   Zero   RW          329    .bss                sdcard.o
    0x20000e4c   0x0000007c   Zero   RW          370    .bss                spi_flash_w25qxx.o
    0x20000ec8   0x00000044   Zero   RW          391    .bss                stm32f1_rtc.o
    0x20000f0c   0x00000288   Zero   RW          780    .bss                idle.o
    0x20001194   0x00000080   Zero   RW          837    .bss                kservice.o
    0x20001214   0x00000024   Zero   RW          855    .bss                mem.o
    0x20001238   0x00000100   Zero   RW          969    .bss                scheduler.o
    0x20001338   0x00000258   Zero   RW         1085    .bss                dfs.o
    0x20001590   0x00000124   Zero   RW         1127    .bss                dfs_file.o
    0x200016b4   0x00000080   Zero   RW         1502    .bss                finsh_heap.o
    0x20001734   0x00000140   Zero   RW         1536    .bss                finsh_node.o
    0x20001874   0x000000c0   Zero   RW         1599    .bss                finsh_var.o
    0x20001934   0x00000180   Zero   RW         1622    .bss                finsh_vm.o
    0x20001ab4   0x00001088   Zero   RW         1664    .bss                shell.o
    0x20002b3c   0x0000002c   Zero   RW         1735    .bss                c_w.l(localtime.o)
    0x20002b68   0x00000044   Zero   RW         1752    .bss                c_w.l(asctime.o)
    0x20002bac   0x00000060   Zero   RW         1758    .bss                c_w.l(libspace.o)
    0x20002c0c   0x00000004   PAD
    0x20002c10   0x00000200   Zero   RW          728    HEAP                startup_stm32f10x_hd.o
    0x20002e10   0x00000400   Zero   RW          727    STACK               startup_stm32f10x_hd.o


==============================================================================

Image component sizes


      Code (inc. data)   RO Data    RW Data    ZI Data      Debug   Object Name

       240         50          0          0       1296     282786   application.o
       424         40         24          0          0      17478   board.o
       340        162        964          8          0       2373   ccfile.o
        96          4         53          4          0       2250   clock.o
      3792       1484       1321          4          0      12712   cmd.o
        64         12         12          0          0       1874   components.o
       240         26          0          0          0        812   context_rvds.o
      1540        750         19         16          0       4095   cpuport.o
      1220        144        210          0          0       7752   dataqueue.o
      1028        122        180          0          0       5654   devfs.o
      1080        166        435          0          0       7395   device.o
       980        122         39        256        600       9067   dfs.o
      2952        260        189          8          0      18737   dfs_elm.o
      1756        192        163          0        292       7619   dfs_file.o
      1728        324         98          0          0       6122   dfs_fs.o
      1476         12        381          0          0      10517   dfs_posix.o
     12512        132         58         10          0      31077   ff.o
      6136        156          0          8          0      11210   finsh_compiler.o
        44         10        243         64          0       1829   finsh_error.o
       528         18          0          8        128       3603   finsh_heap.o
        88          6          0          0          0       1732   finsh_init.o
       388          4          0          0        320       3524   finsh_node.o
      2776         36        196          0          0       8948   finsh_ops.o
      2428         32          0          0          0       9969   finsh_parser.o
      1604         18        126          0          0       6144   finsh_token.o
       412         18          0          4        192       7689   finsh_var.o
       228         34          0         12        384       7370   finsh_vm.o
       412        106         22          4        648       3151   idle.o
      6316        394       1287          0          0      27293   ipc.o
        72          6        147          1          0       2403   irq.o
      2484        170        813          8        128      14745   kservice.o
       236         10         48          1          0       2109   led.o
      2484        592        429         32         36       6601   mem.o
      1572        204        212          0          0       5425   memheap.o
      1088        116        183          8          0       6456   mempool.o
       484         72          0          0          0       2177   misc.o
         0          0         84          0          0       5766   mnttable.o
      5036        612        177         20          0      17438   module.o
       904        184        128        196          0       6383   object.o
      1302        204        177          0          0       8345   pipe.o
       364         84          4         24        360       4235   platform.o
       884        176        194          0          0       5797   portal.o
      1344         90        358          0          0       7986   ringbuffer.o
       316         14        153          4          0       4214   rtc.o
       812        180         78         28        256       4819   scheduler.o
      9940        650         18         40        812      28595   sdcard.o
      1496        214        134          0          0       6065   serial.o
      2076        274         81        133       4232       6162   shell.o
      1900        144        163          0          0       6450   spi_core.o
       920        204        217          0          0       4771   spi_dev.o
      1534        464         39          0        124       8112   spi_flash_w25qxx.o
       172         88          0          0          0       1299   startup.o
        64         26        304          0       1536        948   startup_stm32f10x_hd.o
       724         70          0          0          0       4112   stm32f10x_bkp.o
      2372        176          0          0          0       5734   stm32f10x_dma.o
      2688        210          0          0          0       7461   stm32f10x_gpio.o
        18          0          0          0          0        937   stm32f10x_it.o
       452         72          0          0          0       2271   stm32f10x_pwr.o
      2116        112          0         20          0      10488   stm32f10x_rcc.o
       560         64          0          0          0       3042   stm32f10x_rtc.o
      1616         92          0          0          0       8416   stm32f10x_sdio.o
      2444        102          0          0          0       8326   stm32f10x_spi.o
      3520        146          0          0          0      10816   stm32f10x_usart.o
       652         20          0          8          0       2877   stm32f10xx_spi.o
       484        170         19          0         68       2494   stm32f1_rtc.o
         0          0          0         16          0       4393   symbol.o
       480         38          0         20          0       2087   system_stm32f10x.o
      1736        248        491          0          0      10429   thread.o
      1096        130        256         12          0       7970   timer.o
       760        122         84          8        196      23064   usart.o

    ----------------------------------------------------------------------
    112036      11384      11057        996      11608     803000   Object Totals
         0          0         32          0          0          0   (incl. Generated)
         6          0         14         11          0          0   (incl. Padding)

    ----------------------------------------------------------------------

      Code (inc. data)   RO Data    RW Data    ZI Data      Debug   Library Member Name

        90          0          0          0          0          0   __dczerorl2.o
         8          0          0          0          0         68   __main.o
       392          4         17          0          0         92   __printf_flags_ss_wp.o
        14          0          0          0          0         68   __printf_wp.o
         0          0          0          0          0          0   __rtentry.o
        12          0          0          0          0          0   __rtentry2.o
         6          0          0          0          0          0   __rtentry4.o
        52          8          0          0          0          0   __scatter.o
        28          0          0          0          0          0   __scatter_zi.o
        28          0          0          0          0         68   _chval.o
         0          0         12          0          0          0   _monlen.o
         6          0          0          0          0          0   _printf_a.o
         6          0          0          0          0          0   _printf_c.o
        44          0          0          0          0        108   _printf_char.o
        48          6          0          0          0         96   _printf_char_common.o
        40          0          0          0          0         68   _printf_charcount.o
         6          0          0          0          0          0   _printf_d.o
       120         16          0          0          0         92   _printf_dec.o
         6          0          0          0          0          0   _printf_e.o
         6          0          0          0          0          0   _printf_f.o
      1050          0          0          0          0        216   _printf_fp_dec.o
       764         10         38          0          0        100   _printf_fp_hex.o
       128         16          0          0          0         84   _printf_fp_infnan.o
         6          0          0          0          0          0   _printf_g.o
       148          4         40          0          0        160   _printf_hex_int_ll_ptr.o
         6          0          0          0          0          0   _printf_i.o
       178          0          0          0          0         88   _printf_intcommon.o
        10          0          0          0          0          0   _printf_l.o
         6          0          0          0          0          0   _printf_lc.o
        10          0          0          0          0          0   _printf_ll.o
         6          0          0          0          0          0   _printf_lld.o
         6          0          0          0          0          0   _printf_lli.o
         6          0          0          0          0          0   _printf_llo.o
         6          0          0          0          0          0   _printf_llu.o
         6          0          0          0          0          0   _printf_llx.o
       124         16          0          0          0         92   _printf_longlong_dec.o
         6          0          0          0          0          0   _printf_ls.o
         6          0          0          0          0          0   _printf_n.o
         6          0          0          0          0          0   _printf_o.o
       112          8          0          0          0        124   _printf_oct_int_ll.o
         6          0          0          0          0          0   _printf_p.o
        78          0          0          0          0        108   _printf_pad.o
         0          0          0          0          0          0   _printf_percent.o
         4          0          0          0          0          0   _printf_percent_end.o
         6          0          0          0          0          0   _printf_s.o
        82          0          0          0          0         80   _printf_str.o
        36          0          0          0          0         84   _printf_truncate.o
         6          0          0          0          0          0   _printf_u.o
        44          0          0          0          0        108   _printf_wchar.o
       188          6          8          0          0         92   _printf_wctomb.o
         6          0          0          0          0          0   _printf_x.o
        10          0          0          0          0         68   _sputc.o
       158          0          0          0          0         92   _strtoul.o
        64          0          0          0          0         92   _wcrtomb.o
        12          6          0          0         68         68   asctime.o
       104         30          0          0          0         88   asctime_internal.o
        26          0          0          0          0         80   atoi.o
       220          4        148          0          0         96   bigflt0.o
      1910        128          0          0          0        672   btod.o
        14          0          0          0          0         80   ctime.o
        18          0          0          0          0         80   exit.o
         6          0          0          0          0        152   heapauxi.o
         0          0          0          0          0          0   indicate_semi.o
        44         10        272          0          0         76   lc_ctype_c.o
        44         10         28          0          0         76   lc_numeric_c.o
        44         10        384          0          0         76   lc_time_c.o
         2          0          0          0          0          0   libinit.o
        40          0          0          0          0          0   libinit2.o
         2          0          0          0          0          0   libshutdown.o
         2          0          0          0          0          0   libshutdown2.o
         8          4          0          0         96         68   libspace.o
       138          0          0          0          0         80   lludiv10.o
        12          6          0          0         44         68   localtime.o
       184          6          0          0          0         80   localtime_internal.o
       424         10          0          0          0        124   mktime.o
        16          4          0          0          0         76   rt_ctype_table.o
         8          4          0          0          0         68   rt_errno_addr_intlibspace.o
         8          4          0          0          0         68   rt_locale_intlibspace.o
        68          0          0          0          0         68   rt_memclr.o
        78          0          0          0          0         80   rt_memclr_w.o
       138          0          0          0          0         68   rt_memcpy_v6.o
       100          0          0          0          0         80   rt_memcpy_w.o
         2          0          0          0          0          0   rtexit.o
        10          0          0          0          0          0   rtexit2.o
        44          6          0          0          0         84   sprintf.o
        24          0          0          0          0         68   strcat.o
        62          0          0          0          0         76   strlen.o
       150          0          0          0          0         80   strncmp.o
        86          0          0          0          0         76   strncpy.o
       112          0          0          0          0         88   strtol.o
        12          4          0          0          0         68   sys_exit.o
        74          0          0          0          0         80   sys_stackheap_outer.o
         2          0          0          0          0         68   use_no_semi.o
         4          0          0          0          0         68   printf1.o
         4          0          0          0          0         68   printf2.o
         0          0          0          0          0          0   usenofp.o
        40          0          0          0          0         68   fpclassify.o

    ----------------------------------------------------------------------
      8504        340        951          0        212       5612   Library Totals
        18          0          4          0          4          0   (incl. Padding)

    ----------------------------------------------------------------------

      Code (inc. data)   RO Data    RW Data    ZI Data      Debug   Library Name

      8438        340        947          0        208       5408   c_w.l
         8          0          0          0          0        136   fz_ws.l
        40          0          0          0          0         68   m_ws.l

    ----------------------------------------------------------------------
      8504        340        951          0        212       5612   Library Totals

    ----------------------------------------------------------------------

==============================================================================


      Code (inc. data)   RO Data    RW Data    ZI Data      Debug   

    120540      11724      12008        996      11820     799924   Grand Totals
    120540      11724      12008        216      11820     799924   ELF Image Totals (compressed)
    120540      11724      12008        216          0          0   ROM Totals

==============================================================================

    Total RO  Size (Code + RO Data)               132548 ( 129.44kB)
    Total RW  Size (RW Data + ZI Data)             12816 (  12.52kB)
    Total ROM Size (Code + RO Data + RW Data)     132764 ( 129.65kB)

==============================================================================

