<html>
<body>
<pre>
<h1>µVision Build Log</h1>
<h2>Tool Versions:</h2>
IDE-Version: ¦ÌVision V5.18.0.0
Copyright (C) 2016 ARM Ltd and ARM Germany GmbH. All rights reserved.
License Information: 1 1, 1, LIC=1WSAR-KGANX-15FTV-PZW1G-KADNL-W0DCS
 
Tool Versions:
Toolchain:       MDK-ARM Professional  Version: 5.18
Toolchain Path:  C:\Keil_v5\ARM\ARMCC\Bin
C Compiler:      Armcc.exe V5.06 update 1 (build 61)
Assembler:       Armasm.exe V5.06 update 1 (build 61)
Linker/Locator:  ArmLink.exe V5.06 update 1 (build 61)
Library Manager: ArmAr.exe V5.06 update 1 (build 61)
Hex Converter:   FromElf.exe V5.06 update 1 (build 61)
CPU DLL:         SARMCM3.DLL V5.18
Dialog DLL:      DARMSTM.DLL V1.65.0.0
Target DLL:      Segger\JL2CM3.dll V2.99.18.0
Dialog DLL:      TARMSTM.DLL V1.64.0.0
 
<h2>Project:</h2>
C:\Users\lsr\Desktop\ÆËÒí·É¿ØÇý¶¯\STM32¹¤³Ì\Flight_Control\Flight_Control_F1\project.uvprojx
Project File Date:  09/22/2017

<h2>Output:</h2>
*** Using Compiler 'V5.06 update 1 (build 61)', folder: 'C:\Keil_v5\ARM\ARMCC\Bin'
Build target 'rtthread-stm32'
compiling mnttable.c...
compiling startup.c...
compiling application.c...
compiling board.c...
compiling stm32f10x_it.c...
compiling platform.c...
drivers\platform.c(116): warning:  #223-D: function "rt_hw_sdcard_init" declared implicitly
      rt_hw_sdcard_init();
drivers\platform.c: 1 warning, 0 errors
compiling led.c...
compiling usart.c...
compiling spi_flash_w25qxx.c...
compiling sdcard.c...
compiling stm32f10xx_spi.c...
compiling stm32f1_rtc.c...
compiling I2C_soft.c...
compiling MS5803.c...
compiling stm32f10x_crc.c...
compiling system_stm32f10x.c...
compiling stm32f10x_rcc.c...
compiling stm32f10x_wwdg.c...
compiling stm32f10x_pwr.c...
compiling stm32f10x_exti.c...
compiling stm32f10x_bkp.c...
compiling stm32f10x_i2c.c...
compiling stm32f10x_adc.c...
compiling stm32f10x_dac.c...
compiling stm32f10x_rtc.c...
compiling stm32f10x_fsmc.c...
compiling stm32f10x_iwdg.c...
compiling stm32f10x_spi.c...
compiling stm32f10x_flash.c...
compiling stm32f10x_tim.c...
compiling stm32f10x_sdio.c...
compiling stm32f10x_gpio.c...
compiling stm32f10x_dbgmcu.c...
compiling stm32f10x_usart.c...
compiling stm32f10x_dma.c...
compiling stm32f10x_cec.c...
assembling startup_stm32f10x_hd.s...
compiling stm32f10x_can.c...
compiling clock.c...
compiling core_cm3.c...
compiling misc.c...
compiling device.c...
compiling idle.c...
compiling irq.c...
compiling ipc.c...
compiling mem.c...
compiling kservice.c...
compiling memheap.c...
compiling mempool.c...
compiling object.c...
compiling module.c...
compiling scheduler.c...
compiling cpuport.c...
compiling thread.c...
compiling timer.c...
assembling context_rvds.S...
..\..\RT-Thread_1.2.0RC\libcpu\arm\cortex-m3\context_rvds.S(206): warning: A1581W: Added 2 bytes of padding at address 0xd6
compiling backtrace.c...
compiling div0.c...
compiling showmem.c...
compiling dfs.c...
compiling dfs_fs.c...
compiling dfs_file.c...
compiling dfs_posix.c...
compiling dfs_elm.c...
compiling ccfile.c...
compiling devfs.c...
compiling console.c...
compiling rtc.c...
compiling serial.c...
compiling ff.c...
compiling spi_core.c...
compiling spi_dev.c...
compiling completion.c...
compiling dataqueue.c...
compiling pipe.c...
compiling portal.c...
compiling ringbuffer.c...
compiling cmd.c...
compiling finsh_error.c...
compiling finsh_compiler.c...
compiling finsh_init.c...
compiling finsh_heap.c...
compiling finsh_node.c...
compiling finsh_ops.c...
compiling finsh_parser.c...
compiling finsh_token.c...
compiling finsh_vm.c...
compiling finsh_var.c...
compiling msh.c...
compiling msh_cmd.c...
compiling shell.c...
compiling symbol.c...
compiling components.c...
linking...
Program Size: Code=120540 RO-data=12008 RW-data=996 ZI-data=11820  
FromELF: creating hex file...
After Build - User command #1: fromelf --bin .\build\rtthread-stm32.axf --output rtthread.bin
".\build\rtthread-stm32.axf" - 0 Error(s), 2 Warning(s).

<h2>Software Packages used:</h2>

Package Vendor: ARM
                http://www.keil.com/pack/ARM.CMSIS.4.5.0.pack
                ARM::CMSIS:CORE:4.3.0
                CMSIS (Cortex Microcontroller Software Interface Standard)
   * Component: CORE Version: 4.3.0

<h2>Collection of Component include folders:</h2>
  C:\Users\lsr\Desktop\ÆËÒí·É¿ØÇý¶¯\STM32¹¤³Ì\Flight_Control\Flight_Control_F1\RTE
  C:\Keil_v5\ARM\PACK\ARM\CMSIS\4.5.0\CMSIS\Include
  C:\Keil_v5\ARM\PACK\Keil\STM32F1xx_DFP\2.0.0\Device\Include

<h2>Collection of Component Files used:</h2>

   * Component: ARM::CMSIS:CORE:4.3.0
Build Time Elapsed:  00:00:27
</pre>
</body>
</html>
